Adding SPI flash device
ets Jul 29 2019 12:21:46

rst:0x1 (POWERON_RESET),boot:0x12 (SPI_FAST_FLASH_BOOT)
configsip: 0, SPIWP:0xee
clk_drv:0x00,q_drv:0x00,d_drv:0x00,cs0_drv:0x00,hd_drv:0x00,wp_drv:0x00
mode:DIO, clock div:2
load:0x3fff0040,len:6272
load:0x40078000,len:15820
load:0x40080400,len:3920
entry 0x40080644
I (661) boot: ESP-IDF v6.0.2 2nd stage bootloader
I (662) boot: compile time Aug 27 2026 05:59:16
I (662) boot: Multicore bootloader
I (699) boot: chip revision: v0.0
I (702) boot.esp32: SPI Speed      : 40MHz
I (702) boot.esp32: SPI Mode       : DIO
I (702) boot.esp32: SPI Flash Size : 2MB
I (709) boot: Enabling RNG early entropy source...
I (716) boot: Partition Table:
I (716) boot: ## Label            Usage          Type ST Offset   Length
I (716) boot:  0 nvs              WiFi data        01 02 00009000 00006000
I (716) boot:  1 phy_init         RF data          01 01 0000f000 00001000
I (716) boot:  2 factory          factory app      00 00 00010000 00100000
I (719) boot: End of partition table
I (751) esp_image: segment 0: paddr=00010020 vaddr=3f400020 size=1091ch ( 67868) map
I (772) esp_image: segment 1: paddr=00020944 vaddr=3ffb0000 size=02b2ch ( 11052) load
I (790) esp_image: segment 2: paddr=00023478 vaddr=40080000 size=0b294h ( 45716) load
I (821) esp_image: segment 3: paddr=0002e714 vaddr=50000000 size=00028h (    40) load
I (841) esp_image: segment 4: paddr=0002e744 vaddr=00000000 size=018d4h (  6356) 
I (858) esp_image: segment 5: paddr=00030020 vaddr=400d0020 size=30e94h (200340) map
I (937) boot: Loaded app from partition at offset 0x10000
I (937) boot: Disabling RNG early entropy source...
W (1625) spi_flash: Detected size(4096k) larger than the size in the binary image header(2048k). Using the size in the binary image header.
W (1632) ch20lab: == ch20 lab: esp_http_server bench / slowloris / big-post ==
$$$ CTRLREADY port=9999
E (1762) esp_eth: esp_eth_ioctl(533): add mac address to filter not supported
E (1762) esp_eth.netif.netif_glue: eth_set_mac_filter(56): failed to add mac filter
E (1762) esp_netif_lwip: Failed to add multicast filter for IPv4
W (2762) ch20lab: httpd START port=80 recv_to=5s send_to=5s lru=0 max_sockets=7 backlog=5 stack=4096 prio=5 ctrl_port=32768
$$$ HTTPREADY port=80 ctrl=9999
W (32572) httpd_uri: httpd_uri: Method '3' not allowed for URI '/small'
W (32572) httpd_txrx: httpd_resp_send_err: 405 Method Not Allowed - Specified method is invalid for this resource
qemu-system-xtensa: terminating on signal 15 from pid 3629347 (/usr/sbin/bash)
