Adding SPI flash device
ets Jul 29 2019 12:21:46

rst:0x1 (POWERON_RESET),boot:0x12 (SPI_FAST_FLASH_BOOT)
configsip: 0, SPIWP:0xee
clk_drv:0x00,q_drv:0x00,d_drv:0x00,cs0_drv:0x00,hd_drv:0x00,wp_drv:0x00
mode:DIO, clock div:2
load:0x3fff0040,len:6272
load:0x40078000,len:15820
load:0x40080400,len:3920
entry 0x40080644
I (667) boot: ESP-IDF v6.0.2 2nd stage bootloader
I (668) boot: compile time Aug 27 2026 19:04:19
I (668) boot: Multicore bootloader
I (708) boot: chip revision: v0.0
I (709) boot.esp32: SPI Speed      : 40MHz
I (709) boot.esp32: SPI Mode       : DIO
I (709) boot.esp32: SPI Flash Size : 2MB
I (717) boot: Enabling RNG early entropy source...
I (723) boot: Partition Table:
I (723) boot: ## Label            Usage          Type ST Offset   Length
I (724) boot:  0 nvs              WiFi data        01 02 00009000 00006000
I (724) boot:  1 phy_init         RF data          01 01 0000f000 00001000
I (724) boot:  2 factory          factory app      00 00 00010000 00100000
I (727) boot: End of partition table
I (758) esp_image: segment 0: paddr=00010020 vaddr=3f400020 size=11490h ( 70800) map
I (777) esp_image: segment 1: paddr=000214b8 vaddr=3ffb0000 size=02acch ( 10956) load
I (791) esp_image: segment 2: paddr=00023f8c vaddr=40080000 size=0b23ch ( 45628) load
I (810) esp_image: segment 3: paddr=0002f1d0 vaddr=50000000 size=00028h (    40) load
I (824) esp_image: segment 4: paddr=0002f200 vaddr=00000000 size=00e18h (  3608) 
I (838) esp_image: segment 5: paddr=00030020 vaddr=400d0020 size=2ca38h (182840) map
I (893) boot: Loaded app from partition at offset 0x10000
I (893) boot: Disabling RNG early entropy source...
I (908) cpu_start: Multicore app
I (1514) cpu_start: GPIO 3 and 1 are used as console UART I/O pins
I (1517) cpu_start: Pro cpu start user code
I (1517) cpu_start: cpu freq: 160000000 Hz
I (1517) app_init: Application information:
I (1517) app_init: Project name:     ex14_perf_gym_tcp
I (1517) app_init: App version:      924d871-dirty
I (1517) app_init: Compile time:     Aug 27 2026 19:58:00
I (1518) app_init: ELF file SHA256:  2d1c2c56b...
I (1518) app_init: ESP-IDF:          v6.0.2
I (1518) efuse_init: Min chip rev:     v0.0
I (1518) efuse_init: Max chip rev:     v3.99 
I (1518) efuse_init: Chip rev:         v0.0
I (1519) heap_init: Initializing. RAM available for dynamic allocation:
I (1519) heap_init: At 3FFAE6E0 len 00001920 (6 KiB): DRAM
I (1520) heap_init: At 3FFC8108 len 00017EF8 (95 KiB): DRAM
I (1520) heap_init: At 3FFE0440 len 00003AE0 (14 KiB): D/IRAM
I (1520) heap_init: At 3FFE4350 len 0001BCB0 (111 KiB): D/IRAM
I (1520) heap_init: At 4008B23C len 00014DC4 (83 KiB): IRAM
I (1547) spi_flash: detected chip: winbond
I (1552) spi_flash: flash io: dio
I (1560) main_task: Started on CPU0
I (1560) main_task: Calling app_main()
I (1560) ex14: == ex14 perf-gym-tcp: TCP misconfiguration gym ==
I (1560) ex14: $$$ EX14BOOT board=esp32-qemu-openeth
I (1580) esp_eth.netif.netif_glue: 52:54:00:12:34:56
I (1580) esp_eth.netif.netif_glue: ethernet attached to netif
I (1680) ex14: [EX14] ETH START
E (1680) esp_eth: esp_eth_ioctl(533): add mac address to filter not supported
E (1680) esp_eth.netif.netif_glue: eth_set_mac_filter(56): failed to add mac filter
E (1680) esp_netif_lwip: Failed to add multicast filter for IPv4
I (1680) ex14: [EX14] ETH CONNECTED (link up)
I (2680) ex14: [EX14] GOT_IP 10.0.2.15 gw 10.0.2.2
I (2680) esp_netif_handlers: eth ip: 10.0.2.15, mask: 255.255.255.0, gw: 10.0.2.2
$$$ EX14NETUP ip=10.0.2.15 gw=10.0.2.2
$$$ EX14FACT build="Aug 27 2026 19:58:01" scenario=2 name=wide-window-small-ring mss=1440 snd_buf=28800 wnd=28800 openeth_ring=32 max_active_tcp=16 lwip_stats=1
$$$ EX14PROFILE legs=lb+tx+rx probe=off rounds=2 mb_per_leg=2000000 tx_target=10.0.2.2:8311 rx_listen=:8310 lb_mirror=10.0.2.2:8312
$$$ EX14VERDICT key=window_small ok snd_buf=28800 wnd=28800 mss=1440 detail=external-path-rate~window/RTT(ch24)
$$$ EX14VERDICT key=wnd_ring ok wnd=28800 ring=32
$$$ EX14VERDICT key=pcb_gate ok max_active_tcp=16
$$$ EX14VERDICT key=sent_hook present detail=ack-driven-refill-on
$$$ EX14STATS phase=rounds_pre link.recv=1 tcp.memerr=0 tcp.drop=0 tcp.chkerr=0 (absolute)
$$$ EX14HEAP phase=rounds_pre free=138672 largest=110592 min_ever=138652
$$$ EX14ROUND r=1 leg=LB begin
I (2690) main_task: Returned from app_main()
$$$ EX14WD t_ms=6168 d_tcp.xmit=0 d_tcp.recv=0 d_link.recv=0 
$$$ EX14WD t_ms=11168 d_tcp.xmit=45 d_tcp.recv=66 d_link.recv=1 
$$$ EX14WD t_ms=16169 d_tcp.xmit=52 d_tcp.recv=82 d_link.recv=0 
$$$ EX14LB r=1 RESULT status=OK conn_ms=14 up_mbit=51.15 dn_mbit=0.11 up_ms=41 dn_ms=19233 up_digest=3281 dn_digest=3281 match=1
$$$ EX14ROUND r=1 leg=TX begin (needs tools/gym_sink.py on host:8311)
$$$ EX14TX r=1 BEGIN target=10.0.2.2:8311 bytes=2000000
$$$ EX14WD t_ms=21168 d_tcp.xmit=1432 d_tcp.recv=1452 d_link.recv=0 
$$$ EX14TX r=1 RESULT status=COMPLETE bytes=2000000/2000000 xfer_ms=149 mbit=107.383 sent_hits=1368 poll_hits=0 acked_app=1971360 min_sndbuf=0 k=0 digest=c546 err=0 stage=done_ok
$$$ EX14ROUND r=1 leg=RX begin (needs tools/gym_flood.py -> hostfwd 8310)
$$$ EX14RX_LISTEN port=8310 backlog=4 hint=needs-QEMU-hostfwd-tcp::8310-:8310
I (23190) ex14: [EX14] RX r=1 CONN from=10.0.2.2:59050 (wait 100 ms)
$$$ EX14WD t_ms=26168 d_tcp.xmit=38 d_tcp.recv=66 d_link.recv=0 
$$$ EX14WD t_ms=31168 d_tcp.xmit=33 d_tcp.recv=64 d_link.recv=0 
$$$ EX14WD t_ms=36168 d_tcp.xmit=25 d_tcp.recv=47 d_link.recv=0 
$$$ EX14WD t_ms=41168 d_tcp.xmit=46 d_tcp.recv=78 d_link.recv=0 
$$$ EX14WD t_ms=46168 d_tcp.xmit=33 d_tcp.recv=61 d_link.recv=0 
$$$ EX14WD t_ms=51168 d_tcp.xmit=34 d_tcp.recv=60 d_link.recv=0 
$$$ EX14WD t_ms=56168 d_tcp.xmit=26 d_tcp.recv=48 d_link.recv=0 
$$$ EX14WD t_ms=61168 d_tcp.xmit=30 d_tcp.recv=55 d_link.recv=0 
$$$ EX14WD t_ms=66168 d_tcp.xmit=45 d_tcp.recv=78 d_link.recv=0 
$$$ EX14WD t_ms=71168 d_tcp.xmit=23 d_tcp.recv=44 d_link.recv=0 
$$$ EX14WD t_ms=76168 d_tcp.xmit=34 d_tcp.recv=62 d_link.recv=0 
$$$ EX14WD t_ms=81168 d_tcp.xmit=23 d_tcp.recv=45 d_link.recv=0 
$$$ EX14WD t_ms=86168 d_tcp.xmit=22 d_tcp.recv=40 d_link.recv=0 
$$$ EX14WD t_ms=91168 d_tcp.xmit=32 d_tcp.recv=64 d_link.recv=0 
$$$ EX14WD t_ms=96168 d_tcp.xmit=22 d_tcp.recv=46 d_link.recv=0 
qemu-system-xtensa: terminating on signal 15 from pid 4129586 (timeout)
