Adding SPI flash device
ets Jul 29 2019 12:21:46

rst:0x1 (POWERON_RESET),boot:0x12 (SPI_FAST_FLASH_BOOT)
configsip: 0, SPIWP:0xee
clk_drv:0x00,q_drv:0x00,d_drv:0x00,cs0_drv:0x00,hd_drv:0x00,wp_drv:0x00
mode:DIO, clock div:2
load:0x3fff0040,len:6272
load:0x40078000,len:15820
load:0x40080400,len:3920
entry 0x40080644
I (675) boot: ESP-IDF v6.0.2 2nd stage bootloader
I (675) boot: compile time Aug 27 2026 19:04:19
I (675) boot: Multicore bootloader
I (709) boot: chip revision: v0.0
I (710) boot.esp32: SPI Speed      : 40MHz
I (710) boot.esp32: SPI Mode       : DIO
I (710) boot.esp32: SPI Flash Size : 2MB
I (718) boot: Enabling RNG early entropy source...
I (724) boot: Partition Table:
I (725) boot: ## Label            Usage          Type ST Offset   Length
I (725) boot:  0 nvs              WiFi data        01 02 00009000 00006000
I (725) boot:  1 phy_init         RF data          01 01 0000f000 00001000
I (725) boot:  2 factory          factory app      00 00 00010000 00100000
I (728) boot: End of partition table
I (763) esp_image: segment 0: paddr=00010020 vaddr=3f400020 size=114a0h ( 70816) map
I (785) esp_image: segment 1: paddr=000214c8 vaddr=3ffb0000 size=02acch ( 10956) load
I (798) esp_image: segment 2: paddr=00023f9c vaddr=40080000 size=0b23ch ( 45628) load
I (825) esp_image: segment 3: paddr=0002f1e0 vaddr=50000000 size=00028h (    40) load
I (847) esp_image: segment 4: paddr=0002f210 vaddr=00000000 size=00e08h (  3592) 
I (867) esp_image: segment 5: paddr=00030020 vaddr=400d0020 size=2ca20h (182816) map
I (966) boot: Loaded app from partition at offset 0x10000
I (967) boot: Disabling RNG early entropy source...
I (978) cpu_start: Multicore app
I (1650) cpu_start: GPIO 3 and 1 are used as console UART I/O pins
I (1652) cpu_start: Pro cpu start user code
I (1653) cpu_start: cpu freq: 160000000 Hz
I (1653) app_init: Application information:
I (1653) app_init: Project name:     ex14_perf_gym_tcp
I (1653) app_init: App version:      924d871-dirty
I (1653) app_init: Compile time:     Aug 27 2026 19:44:47
I (1653) app_init: ELF file SHA256:  367f140a8...
I (1654) app_init: ESP-IDF:          v6.0.2
I (1654) efuse_init: Min chip rev:     v0.0
I (1654) efuse_init: Max chip rev:     v3.99 
I (1654) efuse_init: Chip rev:         v0.0
I (1655) heap_init: Initializing. RAM available for dynamic allocation:
I (1655) heap_init: At 3FFAE6E0 len 00001920 (6 KiB): DRAM
I (1655) heap_init: At 3FFC8108 len 00017EF8 (95 KiB): DRAM
I (1656) heap_init: At 3FFE0440 len 00003AE0 (14 KiB): D/IRAM
I (1656) heap_init: At 3FFE4350 len 0001BCB0 (111 KiB): D/IRAM
I (1656) heap_init: At 4008B23C len 00014DC4 (83 KiB): IRAM
I (1691) spi_flash: detected chip: winbond
I (1695) spi_flash: flash io: dio
I (1717) main_task: Started on CPU0
I (1717) main_task: Calling app_main()
I (1717) ex14: == ex14 perf-gym-tcp: TCP misconfiguration gym ==
I (1717) ex14: $$$ EX14BOOT board=esp32-qemu-openeth
I (1747) esp_eth.netif.netif_glue: 52:54:00:12:34:56
I (1747) esp_eth.netif.netif_glue: ethernet attached to netif
I (1847) ex14: [EX14] ETH START
E (1847) esp_eth: esp_eth_ioctl(533): add mac address to filter not supported
E (1847) esp_eth.netif.netif_glue: eth_set_mac_filter(56): failed to add mac filter
E (1847) esp_netif_lwip: Failed to add multicast filter for IPv4
I (1847) ex14: [EX14] ETH CONNECTED (link up)
I (2857) ex14: [EX14] GOT_IP 10.0.2.15 gw 10.0.2.2
I (2857) esp_netif_handlers: eth ip: 10.0.2.15, mask: 255.255.255.0, gw: 10.0.2.2
$$$ EX14NETUP ip=10.0.2.15 gw=10.0.2.2
$$$ EX14FACT build="Aug 27 2026 19:44:49" scenario=1 name=tiny-window mss=1440 snd_buf=2880 wnd=2880 openeth_ring=4 max_active_tcp=16 lwip_stats=1
$$$ EX14PROFILE legs=lb+tx+rx probe=off rounds=2 mb_per_leg=2000000 tx_target=10.0.2.2:8311 rx_listen=:8310 lb_mirror=10.0.2.2:8312
$$$ EX14VERDICT key=window_small predicted_broken snd_buf=2880 wnd=2880 mss=1440 detail=external-path-rate~window/RTT(ch24)
$$$ EX14VERDICT key=wnd_ring ok wnd=2880 ring=4
$$$ EX14VERDICT key=pcb_gate ok max_active_tcp=16
$$$ EX14VERDICT key=sent_hook present detail=ack-driven-refill-on
$$$ EX14STATS phase=rounds_pre link.recv=1 tcp.memerr=0 tcp.drop=0 tcp.chkerr=0 (absolute)
$$$ EX14HEAP phase=rounds_pre free=183888 largest=110592 min_ever=183868
$$$ EX14ROUND r=1 leg=LB begin
I (2867) main_task: Returned from app_main()
$$$ EX14LB r=1 RESULT status=OK conn_ms=12 up_mbit=18.08 dn_mbit=14.07 up_ms=116 dn_ms=149 up_digest=3281 dn_digest=3281 match=1
$$$ EX14ROUND r=1 leg=TX begin (needs tools/gym_sink.py on host:8311)
$$$ EX14TX r=1 BEGIN target=10.0.2.2:8311 bytes=2000000
$$$ EX14TX r=1 RESULT status=COMPLETE bytes=2000000/2000000 xfer_ms=147 mbit=108.844 sent_hits=1386 poll_hits=0 acked_app=1997280 min_sndbuf=0 k=0 digest=c546 err=0 stage=done_ok
$$$ EX14ROUND r=1 leg=RX begin (needs tools/gym_flood.py -> hostfwd 8310)
$$$ EX14RX_LISTEN port=8310 backlog=4 hint=needs-QEMU-hostfwd-tcp::8310-:8310
I (6997) ex14: [EX14] RX r=1 CONN from=10.0.2.2:42762 (wait 2811 ms)
$$$ EX14RX r=1 RESULT status=OK got=2000000/2000000 wait_ms=2811 xfer_ms=221 mbit=72.349 digest=c546 err=0
$$$ EX14STATS phase=after_round1 d_link.recv=1 d_tcp.xmit=3190 d_tcp.recv=3111 d_tcp.drop=1 d_tcp.memerr=0
$$$ EX14ROUND r=2 leg=LB begin
$$$ EX14LB r=2 RESULT status=OK conn_ms=2 up_mbit=26.21 dn_mbit=27.96 up_ms=80 dn_ms=75 up_digest=3281 dn_digest=3281 match=1
$$$ EX14WD t_ms=6209 d_tcp.xmit=0 d_tcp.recv=0 d_link.recv=0 
$$$ EX14ROUND r=2 leg=TX begin (needs tools/gym_sink.py on host:8311)
$$$ EX14TX r=2 BEGIN target=10.0.2.2:8311 bytes=2000000
$$$ EX14TX r=2 RESULT status=COMPLETE bytes=2000000/2000000 xfer_ms=130 mbit=123.077 sent_hits=1386 poll_hits=0 acked_app=1997280 min_sndbuf=0 k=0 digest=c546 err=0 stage=done_ok
$$$ EX14ROUND r=2 leg=RX begin (needs tools/gym_flood.py -> hostfwd 8310)
$$$ EX14RX_LISTEN port=8310 backlog=4 hint=needs-QEMU-hostfwd-tcp::8310-:8310
I (9027) ex14: [EX14] RX r=2 CONN from=10.0.2.2:42838 (wait 284 ms)
$$$ EX14RX r=2 RESULT status=OK got=2000000/2000000 wait_ms=284 xfer_ms=235 mbit=68.220 digest=c546 err=0
$$$ EX14STATS phase=rounds_post d_link.recv=1 d_tcp.xmit=6396 d_tcp.recv=6232 d_tcp.drop=7 d_tcp.memerr=0
$$$ EX14HEAP phase=rounds_post free=183324 largest=110592 min_ever=172036
$$$ EX14SUMMARY scenario=1 rounds=2 lb_ok=2/2 avg_lb_up=22.15 avg_lb_dn=21.02 | tx_complete=2 trickle_or_partial=0 avg_tx_mbit=115.96 | rx_ok=2/2 avg_rx_mbit=70.28 | conc=skipped hints=README-sc1
$$$ EX14DONE scenario=1 name=tiny-window -- restarting to exit QEMU cleanly
