GYMFLOOD-LISTEN host=127.0.0.1:8310 rounds=2 mb=2 pattern=xorshift32/64K
GYMFLOOD-WAIT conn-not-ready ([Errno 111] Connection refused) attempts=1
GYMFLOOD-WAIT conn-not-ready ([Errno 111] Connection refused) attempts=2
GYMFLOOD-WAIT conn-not-ready ([Errno 111] Connection refused) attempts=3
GYMFLOOD-WAIT conn-not-ready ([Errno 111] Connection refused) attempts=4
GYMFLOOD-WAIT phantom-conn byte=b'' attempts=5
GYMFLOOD-WAIT phantom-conn byte=b'' attempts=6
GYMFLOOD-WAIT phantom-conn byte=b'' attempts=7
GYMFLOOD-WAIT phantom-conn byte=b'' attempts=8
GYMFLOOD-WAIT phantom-conn byte=b'' attempts=9
GYMFLOOD-WAIT phantom-conn byte=b'' attempts=10
GYMFLOOD-WAIT phantom-conn byte=b'' attempts=11
GYMFLOOD-WAIT phantom-conn byte=b'' attempts=12
GYMFLOOD-WAIT phantom-conn byte=b'' attempts=13
GYMFLOOD-WAIT phantom-conn byte=b'' attempts=14
GYMFLOOD-WAIT phantom-conn byte=b'' attempts=15
GYMFLOOD-WAIT phantom-conn byte=b'' attempts=16
GYMFLOOD-WAIT phantom-conn byte=b'' attempts=17
GYMFLOOD-WAIT phantom-conn byte=b'' attempts=18
GYMFLOOD-WAIT phantom-conn byte=b'' attempts=19
GYMFLOOD-WAIT phantom-conn byte=b'' attempts=20
GYMFLOOD-WAIT phantom-conn byte=b'' attempts=21
GYMFLOOD-WAIT phantom-conn byte=b'' attempts=22
GYMFLOOD-WAIT phantom-conn byte=b'' attempts=23
GYMFLOOD-WAIT phantom-conn byte=b'' attempts=24
GYMFLOOD-WAIT phantom-conn byte=b'' attempts=25
GYMFLOOD-WAIT phantom-conn byte=b'' attempts=26
GYMFLOOD-WAIT phantom-conn byte=b'' attempts=27
GYMFLOOD-WAIT phantom-conn byte=b'' attempts=28
GYMFLOOD-WAIT phantom-conn byte=b'' attempts=29
GYMFLOOD-WAIT phantom-conn byte=b'' attempts=30
GYMFLOOD-WAIT phantom-conn byte=b'' attempts=31
GYMFLOOD-WAIT phantom-conn byte=b'' attempts=32
GYMFLOOD-WAIT phantom-conn byte=b'' attempts=33
GYMFLOOD-WAIT phantom-conn byte=b'' attempts=34
GYMFLOOD-WAIT phantom-conn byte=b'' attempts=35
GYMFLOOD-WAIT phantom-conn byte=b'' attempts=36
GYMFLOOD-WAIT phantom-conn byte=b'' attempts=37
GYMFLOOD-WAIT phantom-conn byte=b'' attempts=38
GYMFLOOD-WAIT phantom-conn byte=b'' attempts=39
GYMFLOOD-WAIT phantom-conn byte=b'' attempts=40
GYMFLOOD-WAIT phantom-conn byte=b'' attempts=41
GYMFLOOD-WAIT phantom-conn byte=b'' attempts=42
GYMFLOOD-WAIT phantom-conn byte=b'' attempts=43
GYMFLOOD-WAIT phantom-conn byte=b'' attempts=44
GYMFLOOD-WAIT phantom-conn byte=b'' attempts=45
GYMFLOOD-WAIT phantom-conn byte=b'' attempts=46
GYMFLOOD-WAIT phantom-conn byte=b'' attempts=47
GYMFLOOD-WAIT phantom-conn byte=b'' attempts=48
GYMFLOOD-WAIT phantom-conn byte=b'' attempts=49
GYMFLOOD-WAIT phantom-conn byte=b'' attempts=50
GYMFLOOD-WAIT phantom-conn byte=b'' attempts=51
GYMFLOOD-WAIT phantom-conn byte=b'' attempts=52
GYMFLOOD-WAIT phantom-conn byte=b'' attempts=53
GYMFLOOD-WAIT phantom-conn byte=b'' attempts=54
GYMFLOOD-WAIT phantom-conn byte=b'' attempts=55
GYMFLOOD-WAIT phantom-conn byte=b'' attempts=56
GYMFLOOD-WAIT phantom-conn byte=b'' attempts=57
GYMFLOOD-WAIT phantom-conn byte=b'' attempts=58
GYMFLOOD-WAIT phantom-conn byte=b'' attempts=59
GYMFLOOD-WAIT phantom-conn byte=b'' attempts=60
GYMFLOOD-WAIT phantom-conn byte=b'' attempts=61
GYMFLOOD-WAIT phantom-conn byte=b'' attempts=62
GYMFLOOD-WAIT phantom-conn byte=b'' attempts=63
GYMFLOOD-WAIT phantom-conn byte=b'' attempts=64
GYMFLOOD-GIVEUP round=1 no_listener attempts=64
GYMFLOOD-SUMMARY ok=0
GYMFLOOD-SUMMARY2 digests=
