Adding SPI flash device
ets Jul 29 2019 12:21:46

rst:0x1 (POWERON_RESET),boot:0x12 (SPI_FAST_FLASH_BOOT)
configsip: 0, SPIWP:0xee
clk_drv:0x00,q_drv:0x00,d_drv:0x00,cs0_drv:0x00,hd_drv:0x00,wp_drv:0x00
mode:DIO, clock div:2
load:0x3fff0040,len:6272
load:0x40078000,len:15820
load:0x40080400,len:3920
entry 0x40080644
I (658) boot: ESP-IDF v6.0.2 2nd stage bootloader
I (659) boot: compile time Aug 27 2026 19:04:19
I (659) boot: Multicore bootloader
I (698) boot: chip revision: v0.0
I (699) boot.esp32: SPI Speed      : 40MHz
I (699) boot.esp32: SPI Mode       : DIO
I (699) boot.esp32: SPI Flash Size : 2MB
I (708) boot: Enabling RNG early entropy source...
I (715) boot: Partition Table:
I (716) boot: ## Label            Usage          Type ST Offset   Length
I (716) boot:  0 nvs              WiFi data        01 02 00009000 00006000
I (716) boot:  1 phy_init         RF data          01 01 0000f000 00001000
I (716) boot:  2 factory          factory app      00 00 00010000 00100000
I (721) boot: End of partition table
I (772) esp_image: segment 0: paddr=00010020 vaddr=3f400020 size=11490h ( 70800) map
I (796) esp_image: segment 1: paddr=000214b8 vaddr=3ffb0000 size=02acch ( 10956) load
I (816) esp_image: segment 2: paddr=00023f8c vaddr=40080000 size=0b23ch ( 45628) load
I (845) esp_image: segment 3: paddr=0002f1d0 vaddr=50000000 size=00028h (    40) load
I (862) esp_image: segment 4: paddr=0002f200 vaddr=00000000 size=00e18h (  3608) 
I (879) esp_image: segment 5: paddr=00030020 vaddr=400d0020 size=2c9c0h (182720) map
I (956) boot: Loaded app from partition at offset 0x10000
I (956) boot: Disabling RNG early entropy source...
I (970) cpu_start: Multicore app
I (1642) cpu_start: GPIO 3 and 1 are used as console UART I/O pins
I (1645) cpu_start: Pro cpu start user code
I (1645) cpu_start: cpu freq: 160000000 Hz
I (1645) app_init: Application information:
I (1645) app_init: Project name:     ex14_perf_gym_tcp
I (1645) app_init: App version:      924d871-dirty
I (1645) app_init: Compile time:     Aug 27 2026 20:00:14
I (1646) app_init: ELF file SHA256:  d30c3b478...
I (1646) app_init: ESP-IDF:          v6.0.2
I (1646) efuse_init: Min chip rev:     v0.0
I (1646) efuse_init: Max chip rev:     v3.99 
I (1646) efuse_init: Chip rev:         v0.0
I (1647) heap_init: Initializing. RAM available for dynamic allocation:
I (1647) heap_init: At 3FFAE6E0 len 00001920 (6 KiB): DRAM
I (1647) heap_init: At 3FFC8108 len 00017EF8 (95 KiB): DRAM
I (1648) heap_init: At 3FFE0440 len 00003AE0 (14 KiB): D/IRAM
I (1648) heap_init: At 3FFE4350 len 0001BCB0 (111 KiB): D/IRAM
I (1648) heap_init: At 4008B23C len 00014DC4 (83 KiB): IRAM
I (1677) spi_flash: detected chip: winbond
I (1681) spi_flash: flash io: dio
I (1696) main_task: Started on CPU0
I (1696) main_task: Calling app_main()
I (1696) ex14: == ex14 perf-gym-tcp: TCP misconfiguration gym ==
I (1696) ex14: $$$ EX14BOOT board=esp32-qemu-openeth
I (1726) esp_eth.netif.netif_glue: 52:54:00:12:34:56
I (1726) esp_eth.netif.netif_glue: ethernet attached to netif
I (1826) ex14: [EX14] ETH START
E (1826) esp_eth: esp_eth_ioctl(533): add mac address to filter not supported
E (1826) esp_eth.netif.netif_glue: eth_set_mac_filter(56): failed to add mac filter
E (1826) esp_netif_lwip: Failed to add multicast filter for IPv4
I (1826) ex14: [EX14] ETH CONNECTED (link up)
I (2836) ex14: [EX14] GOT_IP 10.0.2.15 gw 10.0.2.2
I (2836) esp_netif_handlers: eth ip: 10.0.2.15, mask: 255.255.255.0, gw: 10.0.2.2
$$$ EX14NETUP ip=10.0.2.15 gw=10.0.2.2
$$$ EX14FACT build="Aug 27 2026 20:00:16" scenario=3 name=missing-tcp_sent-hook mss=1440 snd_buf=5760 wnd=5760 openeth_ring=4 max_active_tcp=16 lwip_stats=1
$$$ EX14PROFILE legs=lb+tx+rx probe=off rounds=2 mb_per_leg=2000000 tx_target=10.0.2.2:8311 rx_listen=:8310 lb_mirror=10.0.2.2:8312
$$$ EX14VERDICT key=window_small ok snd_buf=5760 wnd=5760 mss=1440 detail=external-path-rate~window/RTT(ch24)
$$$ EX14VERDICT key=wnd_ring ok wnd=5760 ring=4
$$$ EX14VERDICT key=pcb_gate ok max_active_tcp=16
$$$ EX14VERDICT key=sent_hook omitted detail=ch6-trickle-bug-armed
$$$ EX14STATS phase=rounds_pre link.recv=1 tcp.memerr=0 tcp.drop=0 tcp.chkerr=0 (absolute)
$$$ EX14HEAP phase=rounds_pre free=183888 largest=110592 min_ever=183868
$$$ EX14ROUND r=1 leg=LB begin
I (2846) main_task: Returned from app_main()
W (2856) opencores.emac: emac_opencores_isr_handler: RX frame dropped (0x14)
W (2866) opencores.emac: emac_opencores_isr_handler: RX frame dropped (0x14)
W (2876) opencores.emac: emac_opencores_isr_handler: RX frame dropped (0x14)
W (2876) opencores.emac: emac_opencores_isr_handler: RX frame dropped (0x14)
W (2896) opencores.emac: emac_opencores_isr_handler: RX frame dropped (0x14)
W (2896) opencores.emac: emac_opencores_isr_handler: RX frame dropped (0x14)
W (2896) opencores.emac: emac_opencores_isr_handler: RX frame dropped (0x14)
W (3996) opencores.emac: emac_opencores_isr_handler: RX frame dropped (0x14)
W (3996) opencores.emac: emac_opencores_isr_handler: RX frame dropped (0x14)
W (4006) opencores.emac: emac_opencores_isr_handler: RX frame dropped (0x14)
W (4066) opencores.emac: emac_opencores_isr_handler: RX frame dropped (0x14)
W (4076) opencores.emac: emac_opencores_isr_handler: RX frame dropped (0x14)
W (4096) opencores.emac: emac_opencores_isr_handler: RX frame dropped (0x14)
$$$ EX14LB r=1 RESULT status=OK conn_ms=12 up_mbit=1.66 dn_mbit=0.80 up_ms=1261 dn_ms=2636 up_digest=3281 dn_digest=3281 match=1
$$$ EX14ROUND r=1 leg=TX begin (needs tools/gym_sink.py on host:8311)
$$$ EX14TX r=1 BEGIN target=10.0.2.2:8311 bytes=2000000
$$$ EX14WD t_ms=6196 d_tcp.xmit=0 d_tcp.recv=0 d_link.recv=0 
$$$ EX14TX r=1 SNAP t_ms=5099 written=326880/2000000 win_mbit=0.51 sent_hits=0 poll_hits=10 min_sndbuf=0 acked_app=0
$$$ EX14WD t_ms=11196 d_tcp.xmit=232 d_tcp.recv=232 d_link.recv=1 
$$$ EX14TX r=1 SNAP t_ms=10199 written=636480/2000000 win_mbit=0.49 sent_hits=0 poll_hits=20 min_sndbuf=0 acked_app=0
$$$ EX14WD t_ms=16196 d_tcp.xmit=226 d_tcp.recv=226 d_link.recv=0 
$$$ EX14TX r=1 SNAP t_ms=15199 written=941760/2000000 win_mbit=0.49 sent_hits=0 poll_hits=30 min_sndbuf=0 acked_app=0
$$$ EX14WD t_ms=21196 d_tcp.xmit=234 d_tcp.recv=234 d_link.recv=0 
$$$ EX14TX r=1 SNAP t_ms=20300 written=1260000/2000000 win_mbit=0.50 sent_hits=0 poll_hits=41 min_sndbuf=0 acked_app=0
$$$ EX14WD t_ms=26196 d_tcp.xmit=218 d_tcp.recv=218 d_link.recv=0 
$$$ EX14TX r=1 SNAP t_ms=25399 written=1572480/2000000 win_mbit=0.49 sent_hits=0 poll_hits=51 min_sndbuf=0 acked_app=0
$$$ EX14WD t_ms=31196 d_tcp.xmit=211 d_tcp.recv=211 d_link.recv=0 
$$$ EX14TX r=1 RESULT status=DEADLINE bytes=1850400/2000000 xfer_ms=29997 mbit=0.493 sent_hits=0 poll_hits=60 acked_app=0 min_sndbuf=0 k=0 digest=b60e err=-13 stage=aborted
$$$ EX14ROUND r=1 leg=RX begin (needs tools/gym_flood.py -> hostfwd 8310)
$$$ EX14RX_LISTEN port=8310 backlog=4 hint=needs-QEMU-hostfwd-tcp::8310-:8310
$$$ EX14WD t_ms=36196 d_tcp.xmit=125 d_tcp.recv=124 d_link.recv=0 
$$$ EX14WD t_ms=41196 d_tcp.xmit=0 d_tcp.recv=0 d_link.recv=0 
$$$ EX14WD t_ms=46196 d_tcp.xmit=0 d_tcp.recv=0 d_link.recv=0 
$$$ EX14WD t_ms=51196 d_tcp.xmit=0 d_tcp.recv=0 d_link.recv=0 
$$$ EX14WD t_ms=56196 d_tcp.xmit=0 d_tcp.recv=0 d_link.recv=0 
$$$ EX14RX r=1 RESULT status=PEER_DOWN waited_s=25
$$$ EX14STATS phase=after_round1 d_link.recv=2 d_tcp.xmit=1758 d_tcp.recv=1689 d_tcp.drop=60 d_tcp.memerr=0
$$$ EX14ROUND r=2 leg=LB begin
W (61726) opencores.emac: emac_opencores_isr_handler: RX frame dropped (0x14)
W (61726) opencores.emac: emac_opencores_isr_handler: RX frame dropped (0x14)
W (61736) opencores.emac: emac_opencores_isr_handler: RX frame dropped (0x14)
W (61746) opencores.emac: emac_opencores_isr_handler: RX frame dropped (0x14)
W (61756) opencores.emac: emac_opencores_isr_handler: RX frame dropped (0x14)
W (61756) opencores.emac: emac_opencores_isr_handler: RX frame dropped (0x14)
W (61766) opencores.emac: emac_opencores_isr_handler: RX frame dropped (0x14)
$$$ EX14WD t_ms=61196 d_tcp.xmit=345 d_tcp.recv=301 d_link.recv=0 
$$$ EX14LB r=2 RESULT status=OK conn_ms=2 up_mbit=21.62 dn_mbit=1.64 up_ms=97 dn_ms=1277 up_digest=3281 dn_digest=3281 match=1
$$$ EX14ROUND r=2 leg=TX begin (needs tools/gym_sink.py on host:8311)
$$$ EX14TX r=2 BEGIN target=10.0.2.2:8311 bytes=2000000
$$$ EX14WD t_ms=66196 d_tcp.xmit=255 d_tcp.recv=265 d_link.recv=0 
$$$ EX14TX r=2 SNAP t_ms=5099 written=351360/2000000 win_mbit=0.55 sent_hits=0 poll_hits=10 min_sndbuf=5760 acked_app=0
$$$ EX14WD t_ms=71196 d_tcp.xmit=240 d_tcp.recv=240 d_link.recv=0 
$$$ EX14TX r=2 SNAP t_ms=10199 written=702720/2000000 win_mbit=0.55 sent_hits=0 poll_hits=20 min_sndbuf=5760 acked_app=0
$$$ EX14WD t_ms=76196 d_tcp.xmit=240 d_tcp.recv=240 d_link.recv=0 
$$$ EX14TX r=2 SNAP t_ms=15199 written=1048320/2000000 win_mbit=0.55 sent_hits=0 poll_hits=30 min_sndbuf=5760 acked_app=0
$$$ EX14WD t_ms=81196 d_tcp.xmit=240 d_tcp.recv=240 d_link.recv=0 
$$$ EX14TX r=2 SNAP t_ms=20300 written=1405440/2000000 win_mbit=0.56 sent_hits=0 poll_hits=41 min_sndbuf=5760 acked_app=0
$$$ EX14WD t_ms=86196 d_tcp.xmit=240 d_tcp.recv=240 d_link.recv=0 
$$$ EX14TX r=2 SNAP t_ms=25399 written=1756800/2000000 win_mbit=0.55 sent_hits=0 poll_hits=51 min_sndbuf=5760 acked_app=0
$$$ EX14TX r=2 RESULT status=COMPLETE bytes=2000000/2000000 xfer_ms=28898 mbit=0.554 sent_hits=0 poll_hits=58 acked_app=0 min_sndbuf=5760 k=0 digest=c546 err=0 stage=done_ok
$$$ EX14WD t_ms=91196 d_tcp.xmit=212 d_tcp.recv=213 d_link.recv=0 
$$$ EX14ROUND r=2 leg=RX begin (needs tools/gym_flood.py -> hostfwd 8310)
$$$ EX14RX_LISTEN port=8310 backlog=4 hint=needs-QEMU-hostfwd-tcp::8310-:8310
$$$ EX14WD t_ms=96196 d_tcp.xmit=0 d_tcp.recv=0 d_link.recv=0 
$$$ EX14WD t_ms=101196 d_tcp.xmit=0 d_tcp.recv=0 d_link.recv=0 
$$$ EX14WD t_ms=106196 d_tcp.xmit=0 d_tcp.recv=0 d_link.recv=0 
$$$ EX14WD t_ms=111196 d_tcp.xmit=0 d_tcp.recv=0 d_link.recv=0 
$$$ EX14WD t_ms=116196 d_tcp.xmit=0 d_tcp.recv=0 d_link.recv=0 
$$$ EX14RX r=2 RESULT status=PEER_DOWN waited_s=25
$$$ EX14STATS phase=rounds_post d_link.recv=2 d_tcp.xmit=3530 d_tcp.recv=3428 d_tcp.drop=61 d_tcp.memerr=0
$$$ EX14HEAP phase=rounds_post free=183324 largest=110592 min_ever=162576
$$$ EX14SUMMARY scenario=3 rounds=2 lb_ok=2/2 avg_lb_up=11.64 avg_lb_dn=1.22 | tx_complete=1 trickle_or_partial=0 avg_tx_mbit=0.55 | rx_ok=0/2 avg_rx_mbit=0.00 | conc=skipped hints=README-sc3
$$$ EX14DONE scenario=3 name=missing-tcp_sent-hook -- restarting to exit QEMU cleanly
