Adding SPI flash device
ets Jul 29 2019 12:21:46

rst:0x1 (POWERON_RESET),boot:0x12 (SPI_FAST_FLASH_BOOT)
configsip: 0, SPIWP:0xee
clk_drv:0x00,q_drv:0x00,d_drv:0x00,cs0_drv:0x00,hd_drv:0x00,wp_drv:0x00
mode:DIO, clock div:2
load:0x3fff0040,len:6272
load:0x40078000,len:15820
load:0x40080400,len:3920
entry 0x40080644
I (662) boot: ESP-IDF v6.0.2 2nd stage bootloader
I (662) boot: compile time Aug 27 2026 12:42:58
I (662) boot: Multicore bootloader
I (701) boot: chip revision: v0.0
I (702) boot.esp32: SPI Speed      : 40MHz
I (702) boot.esp32: SPI Mode       : DIO
I (702) boot.esp32: SPI Flash Size : 2MB
I (707) boot: Enabling RNG early entropy source...
I (713) boot: Partition Table:
I (713) boot: ## Label            Usage          Type ST Offset   Length
I (713) boot:  0 nvs              WiFi data        01 02 00009000 00006000
I (713) boot:  1 phy_init         RF data          01 01 0000f000 00001000
I (713) boot:  2 factory          factory app      00 00 00010000 00100000
I (716) boot: End of partition table
I (747) esp_image: segment 0: paddr=00010020 vaddr=3f400020 size=0e9ech ( 59884) map
I (765) esp_image: segment 1: paddr=0001ea14 vaddr=3ffb0000 size=01604h (  5636) load
I (777) esp_image: segment 2: paddr=00020020 vaddr=400d0020 size=292a4h (168612) map
I (798) esp_image: segment 3: paddr=000492cc vaddr=3ffb1604 size=014c8h (  5320) load
I (821) esp_image: segment 4: paddr=0004a79c vaddr=40080000 size=0b23ch ( 45628) load
I (845) esp_image: segment 5: paddr=000559e0 vaddr=50000000 size=00028h (    40) load
I (888) boot: Loaded app from partition at offset 0x10000
I (888) boot: Disabling RNG early entropy source...
I (900) cpu_start: Multicore app
I (1530) cpu_start: GPIO 3 and 1 are used as console UART I/O pins
I (1541) cpu_start: Pro cpu start user code
I (1544) cpu_start: cpu freq: 160000000 Hz
I (1546) app_init: Application information:
I (1548) app_init: Project name:     ex02_tcp_echo_server
I (1549) app_init: App version:      924d871-dirty
I (1549) app_init: Compile time:     Aug 27 2026 12:42:44
I (1549) app_init: ELF file SHA256:  83b68f335...
I (1549) app_init: ESP-IDF:          v6.0.2
I (1549) efuse_init: Min chip rev:     v0.0
I (1549) efuse_init: Max chip rev:     v3.99 
I (1549) efuse_init: Chip rev:         v0.0
I (1550) heap_init: Initializing. RAM available for dynamic allocation:
I (1551) heap_init: At 3FFAE6E0 len 00001920 (6 KiB): DRAM
I (1551) heap_init: At 3FFB3F38 len 0002C0C8 (176 KiB): DRAM
I (1551) heap_init: At 3FFE0440 len 00003AE0 (14 KiB): D/IRAM
I (1551) heap_init: At 3FFE4350 len 0001BCB0 (111 KiB): D/IRAM
I (1551) heap_init: At 4008B23C len 00014DC4 (83 KiB): IRAM
I (1575) spi_flash: detected chip: winbond
I (1578) spi_flash: flash io: dio
I (1595) main_task: Started on CPU0
I (1595) main_task: Calling app_main()
I (1595) ex02: == ex02 tcp-echo-server build@Aug 27 2026 12:42:58 ==
$$$ EX02BUILD "Aug 27 2026 12:42:58"
I (1615) esp_eth.netif.netif_glue: 52:54:00:12:34:56
I (1615) esp_eth.netif.netif_glue: ethernet attached to netif
I (1715) ex02: ETH_EVENT: START
E (1715) esp_eth: esp_eth_ioctl(533): add mac address to filter not supported
E (1715) esp_eth.netif.netif_glue: eth_set_mac_filter(56): failed to add mac filter
E (1715) esp_netif_lwip: Failed to add multicast filter for IPv4
I (1715) ex02: ETH_EVENT: CONNECTED (link up)
I (1715) ex02: waiting for DHCP lease ...
I (2715) ex02: GOT_IP: 10.0.2.15/255.255.255.0 gw 10.0.2.2
I (2715) esp_netif_handlers: eth ip: 10.0.2.15, mask: 255.255.255.0, gw: 10.0.2.2
I (2715) ex02: net ready: 10.0.2.15/24 gw 10.0.2.2, starting echo server on :8210
$$$ EX02NETUP ip=10.0.2.15 gw=10.0.2.2
I (2715) ex02: echo server listening on 0.0.0.0:8210 backlog=8
$$$ EX02ECHOREADY port=8210 backlog=8
$$$ EX02STATS active=0 total_accepted=0 bytes_echoed=0 uptime_s=10
$$$ EX02STATS active=0 total_accepted=0 bytes_echoed=0 uptime_s=20
I (23425) ex02: conn #1 ACCEPT from 10.0.2.2:59226 (active=1)
$$$ EX02CONN idx=1
I (23435) ex02: conn #1 msg 1: echo 37 bytes "hello-ex02-first-line
ping-from-host
"
I (23435) ex02: conn #1 peer closed (FIN) after 1 msgs, 37 bytes
I (23435) ex02: conn #1 10.0.2.2:59226 CLOSED srv=6ms (37 bytes echoed)
$$$ EX02CLOSE conn=1 bytes=37
$$$ EX02STATS active=0 total_accepted=1 bytes_echoed=37 uptime_s=30
I (40665) ex02: conn #2 ACCEPT from 10.0.2.2:33148 (active=1)
$$$ EX02CONN idx=2
I (40675) ex02: conn #2 msg 1: echo 10 bytes "AAA-first
"
$$$ EX02STATS active=1 total_accepted=2 bytes_echoed=47 uptime_s=40
I (45675) ex02: conn #2 peer closed (FIN) after 1 msgs, 10 bytes
I (45675) ex02: conn #2 10.0.2.2:33148 CLOSED srv=5010ms (10 bytes echoed)
$$$ EX02CLOSE conn=2 bytes=10
I (45675) ex02: conn #3 ACCEPT from 10.0.2.2:33158 (active=1)
$$$ EX02CONN idx=3
I (45675) ex02: conn #3 msg 1: echo 11 bytes "BBB-second
"
I (46175) ex02: conn #3 peer closed (FIN) after 1 msgs, 11 bytes
I (46175) ex02: conn #3 10.0.2.2:33158 CLOSED srv=499ms (11 bytes echoed)
$$$ EX02CLOSE conn=3 bytes=11
$$$ EX02STATS active=0 total_accepted=3 bytes_echoed=58 uptime_s=50
$$$ EX02STATS active=0 total_accepted=3 bytes_echoed=58 uptime_s=60
I (66655) ex02: conn #4 ACCEPT from 10.0.2.2:47486 (active=1)
$$$ EX02CONN idx=4
I (66665) ex02: conn #4 msg 1: echo 510 bytes "[001:0000]001:BBBBBBBBBBBBBBBBBBBBBBBBBBBBBBBBBB...
I (66665) ex02: conn #4 msg 2: echo 510 bytes "[001:0001]001:BBBBBBBBBBBBBBBBBBBBBBBBBBBBBBBBBB...
I (66665) ex02: conn #4 msg 3: echo 510 bytes "[001:0002]001:BBBBBBBBBBBBBBBBBBBBBBBBBBBBBBBBBB...
I (66665) ex02: conn #4 msg 4: echo 510 bytes "[001:0003]001:BBBBBBBBBBBBBBBBBBBBBBBBBBBBBBBBBB...
I (66665) ex02: conn #4 msg 5: echo 510 bytes "[001:0004]001:BBBBBBBBBBBBBBBBBBBBBBBBBBBBBBBBBB...
I (66665) ex02: conn #4 msg 6: echo 510 bytes "[001:0005]001:BBBBBBBBBBBBBBBBBBBBBBBBBBBBBBBBBB...
I (66665) ex02: conn #4 msg 7: echo 510 bytes "[001:0006]001:BBBBBBBBBBBBBBBBBBBBBBBBBBBBBBBBBB...
I (66665) ex02: conn #4 msg 8: echo 510 bytes "[001:0007]001:BBBBBBBBBBBBBBBBBBBBBBBBBBBBBBBBBB...
I (66665) ex02: conn #4 msg 9: echo 510 bytes "[001:0008]001:BBBBBBBBBBBBBBBBBBBBBBBBBBBBBBBBBB...
I (66665) ex02: conn #4 msg 10: echo 510 bytes "[001:0009]001:BBBBBBBBBBBBBBBBBBBBBBBBBBBBBBBBBB...
I (66665) ex02: conn #4 msg 11: echo 510 bytes "[001:0010]001:BBBBBBBBBBBBBBBBBBBBBBBBBBBBBBBBBB...
I (66665) ex02: conn #4 msg 12: echo 510 bytes "[001:0011]001:BBBBBBBBBBBBBBBBBBBBBBBBBBBBBBBBBB...
I (66675) ex02: conn #4 msg 13: echo 510 bytes "[001:0012]001:BBBBBBBBBBBBBBBBBBBBBBBBBBBBBBBBBB...
I (66675) ex02: conn #4 msg 14: echo 510 bytes "[001:0013]001:BBBBBBBBBBBBBBBBBBBBBBBBBBBBBBBBBB...
I (66675) ex02: conn #4 msg 15: echo 510 bytes "[001:0014]001:BBBBBBBBBBBBBBBBBBBBBBBBBBBBBBBBBB...
I (66675) ex02: conn #4 msg 16: echo 510 bytes "[001:0015]001:BBBBBBBBBBBBBBBBBBBBBBBBBBBBBBBBBB...
I (66675) ex02: conn #4 msg 17: echo 510 bytes "[001:0016]001:BBBBBBBBBBBBBBBBBBBBBBBBBBBBBBBBBB...
I (66675) ex02: conn #4 msg 18: echo 510 bytes "[001:0017]001:BBBBBBBBBBBBBBBBBBBBBBBBBBBBBBBBBB...
I (66675) ex02: conn #4 msg 19: echo 510 bytes "[001:0018]001:BBBBBBBBBBBBBBBBBBBBBBBBBBBBBBBBBB...
I (66675) ex02: conn #4 msg 20: echo 510 bytes "[001:0019]001:BBBBBBBBBBBBBBBBBBBBBBBBBBBBBBBBBB...
I (66685) ex02: conn #4 peer closed (FIN) after 20 msgs, 10200 bytes
I (66685) ex02: conn #4 10.0.2.2:47486 CLOSED srv=27ms (10200 bytes echoed)
$$$ EX02CLOSE conn=4 bytes=10200
I (66685) ex02: conn #5 ACCEPT from 10.0.2.2:47482 (active=1)
$$$ EX02CONN idx=5
I (66685) ex02: conn #5 msg 1: echo 510 bytes "[000:0000]000:AAAAAAAAAAAAAAAAAAAAAAAAAAAAAAAAAA...
I (66685) ex02: conn #5 msg 2: echo 510 bytes "[000:0001]000:AAAAAAAAAAAAAAAAAAAAAAAAAAAAAAAAAA...
I (66685) ex02: conn #5 msg 3: echo 510 bytes "[000:0002]000:AAAAAAAAAAAAAAAAAAAAAAAAAAAAAAAAAA...
I (66685) ex02: conn #5 msg 4: echo 510 bytes "[000:0003]000:AAAAAAAAAAAAAAAAAAAAAAAAAAAAAAAAAA...
I (66685) ex02: conn #5 msg 5: echo 510 bytes "[000:0004]000:AAAAAAAAAAAAAAAAAAAAAAAAAAAAAAAAAA...
I (66685) ex02: conn #5 msg 6: echo 510 bytes "[000:0005]000:AAAAAAAAAAAAAAAAAAAAAAAAAAAAAAAAAA...
I (66695) ex02: conn #5 msg 7: echo 510 bytes "[000:0006]000:AAAAAAAAAAAAAAAAAAAAAAAAAAAAAAAAAA...
I (66695) ex02: conn #5 msg 8: echo 510 bytes "[000:0007]000:AAAAAAAAAAAAAAAAAAAAAAAAAAAAAAAAAA...
I (66695) ex02: conn #5 msg 9: echo 510 bytes "[000:0008]000:AAAAAAAAAAAAAAAAAAAAAAAAAAAAAAAAAA...
I (66695) ex02: conn #5 msg 10: echo 510 bytes "[000:0009]000:AAAAAAAAAAAAAAAAAAAAAAAAAAAAAAAAAA...
I (66695) ex02: conn #5 msg 11: echo 510 bytes "[000:0010]000:AAAAAAAAAAAAAAAAAAAAAAAAAAAAAAAAAA...
I (66695) ex02: conn #5 msg 12: echo 510 bytes "[000:0011]000:AAAAAAAAAAAAAAAAAAAAAAAAAAAAAAAAAA...
I (66695) ex02: conn #5 msg 13: echo 510 bytes "[000:0012]000:AAAAAAAAAAAAAAAAAAAAAAAAAAAAAAAAAA...
I (66695) ex02: conn #5 msg 14: echo 510 bytes "[000:0013]000:AAAAAAAAAAAAAAAAAAAAAAAAAAAAAAAAAA...
I (66705) ex02: conn #5 msg 15: echo 510 bytes "[000:0014]000:AAAAAAAAAAAAAAAAAAAAAAAAAAAAAAAAAA...
I (66705) ex02: conn #5 msg 16: echo 510 bytes "[000:0015]000:AAAAAAAAAAAAAAAAAAAAAAAAAAAAAAAAAA...
I (66705) ex02: conn #5 msg 17: echo 510 bytes "[000:0016]000:AAAAAAAAAAAAAAAAAAAAAAAAAAAAAAAAAA...
I (66705) ex02: conn #5 msg 18: echo 510 bytes "[000:0017]000:AAAAAAAAAAAAAAAAAAAAAAAAAAAAAAAAAA...
I (66705) ex02: conn #5 msg 19: echo 510 bytes "[000:0018]000:AAAAAAAAAAAAAAAAAAAAAAAAAAAAAAAAAA...
I (66705) ex02: conn #5 msg 20: echo 510 bytes "[000:0019]000:AAAAAAAAAAAAAAAAAAAAAAAAAAAAAAAAAA...
I (66705) ex02: conn #5 peer closed (FIN) after 20 msgs, 10200 bytes
I (66705) ex02: conn #5 10.0.2.2:47482 CLOSED srv=26ms (10200 bytes echoed)
$$$ EX02CLOSE conn=5 bytes=10200
I (66715) ex02: conn #6 ACCEPT from 10.0.2.2:47484 (active=1)
$$$ EX02CONN idx=6
I (66715) ex02: conn #6 msg 1: echo 510 bytes "[003:0000]003:DDDDDDDDDDDDDDDDDDDDDDDDDDDDDDDDDD...
I (66715) ex02: conn #6 msg 2: echo 510 bytes "[003:0001]003:DDDDDDDDDDDDDDDDDDDDDDDDDDDDDDDDDD...
I (66715) ex02: conn #6 msg 3: echo 510 bytes "[003:0002]003:DDDDDDDDDDDDDDDDDDDDDDDDDDDDDDDDDD...
I (66715) ex02: conn #6 msg 4: echo 510 bytes "[003:0003]003:DDDDDDDDDDDDDDDDDDDDDDDDDDDDDDDDDD...
I (66715) ex02: conn #6 msg 5: echo 510 bytes "[003:0004]003:DDDDDDDDDDDDDDDDDDDDDDDDDDDDDDDDDD...
I (66715) ex02: conn #6 msg 6: echo 510 bytes "[003:0005]003:DDDDDDDDDDDDDDDDDDDDDDDDDDDDDDDDDD...
I (66715) ex02: conn #6 msg 7: echo 510 bytes "[003:0006]003:DDDDDDDDDDDDDDDDDDDDDDDDDDDDDDDDDD...
I (66715) ex02: conn #6 msg 8: echo 510 bytes "[003:0007]003:DDDDDDDDDDDDDDDDDDDDDDDDDDDDDDDDDD...
I (66725) ex02: conn #6 msg 9: echo 510 bytes "[003:0008]003:DDDDDDDDDDDDDDDDDDDDDDDDDDDDDDDDDD...
I (66725) ex02: conn #6 msg 10: echo 510 bytes "[003:0009]003:DDDDDDDDDDDDDDDDDDDDDDDDDDDDDDDDDD...
I (66725) ex02: conn #6 msg 11: echo 510 bytes "[003:0010]003:DDDDDDDDDDDDDDDDDDDDDDDDDDDDDDDDDD...
I (66725) ex02: conn #6 msg 12: echo 510 bytes "[003:0011]003:DDDDDDDDDDDDDDDDDDDDDDDDDDDDDDDDDD...
I (66725) ex02: conn #6 msg 13: echo 510 bytes "[003:0012]003:DDDDDDDDDDDDDDDDDDDDDDDDDDDDDDDDDD...
I (66725) ex02: conn #6 msg 14: echo 510 bytes "[003:0013]003:DDDDDDDDDDDDDDDDDDDDDDDDDDDDDDDDDD...
I (66725) ex02: conn #6 msg 15: echo 510 bytes "[003:0014]003:DDDDDDDDDDDDDDDDDDDDDDDDDDDDDDDDDD...
I (66725) ex02: conn #6 msg 16: echo 510 bytes "[003:0015]003:DDDDDDDDDDDDDDDDDDDDDDDDDDDDDDDDDD...
I (66735) ex02: conn #6 msg 17: echo 510 bytes "[003:0016]003:DDDDDDDDDDDDDDDDDDDDDDDDDDDDDDDDDD...
I (66735) ex02: conn #6 msg 18: echo 510 bytes "[003:0017]003:DDDDDDDDDDDDDDDDDDDDDDDDDDDDDDDDDD...
I (66735) ex02: conn #6 msg 19: echo 510 bytes "[003:0018]003:DDDDDDDDDDDDDDDDDDDDDDDDDDDDDDDDDD...
I (66735) ex02: conn #6 msg 20: echo 510 bytes "[003:0019]003:DDDDDDDDDDDDDDDDDDDDDDDDDDDDDDDDDD...
I (66735) ex02: conn #6 peer closed (FIN) after 20 msgs, 10200 bytes
I (66735) ex02: conn #6 10.0.2.2:47484 CLOSED srv=26ms (10200 bytes echoed)
$$$ EX02CLOSE conn=6 bytes=10200
I (66735) ex02: conn #7 ACCEPT from 10.0.2.2:47502 (active=1)
$$$ EX02CONN idx=7
I (66735) ex02: conn #7 msg 1: echo 510 bytes "[002:0000]002:CCCCCCCCCCCCCCCCCCCCCCCCCCCCCCCCCC...
I (66745) ex02: conn #7 msg 2: echo 510 bytes "[002:0001]002:CCCCCCCCCCCCCCCCCCCCCCCCCCCCCCCCCC...
I (66745) ex02: conn #7 msg 3: echo 510 bytes "[002:0002]002:CCCCCCCCCCCCCCCCCCCCCCCCCCCCCCCCCC...
I (66745) ex02: conn #7 msg 4: echo 510 bytes "[002:0003]002:CCCCCCCCCCCCCCCCCCCCCCCCCCCCCCCCCC...
I (66745) ex02: conn #7 msg 5: echo 510 bytes "[002:0004]002:CCCCCCCCCCCCCCCCCCCCCCCCCCCCCCCCCC...
I (66745) ex02: conn #7 msg 6: echo 510 bytes "[002:0005]002:CCCCCCCCCCCCCCCCCCCCCCCCCCCCCCCCCC...
I (66745) ex02: conn #7 msg 7: echo 510 bytes "[002:0006]002:CCCCCCCCCCCCCCCCCCCCCCCCCCCCCCCCCC...
I (66755) ex02: conn #7 msg 8: echo 510 bytes "[002:0007]002:CCCCCCCCCCCCCCCCCCCCCCCCCCCCCCCCCC...
I (66755) ex02: conn #7 msg 9: echo 510 bytes "[002:0008]002:CCCCCCCCCCCCCCCCCCCCCCCCCCCCCCCCCC...
I (66755) ex02: conn #7 msg 10: echo 510 bytes "[002:0009]002:CCCCCCCCCCCCCCCCCCCCCCCCCCCCCCCCCC...
I (66755) ex02: conn #7 msg 11: echo 510 bytes "[002:0010]002:CCCCCCCCCCCCCCCCCCCCCCCCCCCCCCCCCC...
I (66765) ex02: conn #7 msg 12: echo 510 bytes "[002:0011]002:CCCCCCCCCCCCCCCCCCCCCCCCCCCCCCCCCC...
I (66765) ex02: conn #7 msg 13: echo 510 bytes "[002:0012]002:CCCCCCCCCCCCCCCCCCCCCCCCCCCCCCCCCC...
I (66765) ex02: conn #7 msg 14: echo 510 bytes "[002:0013]002:CCCCCCCCCCCCCCCCCCCCCCCCCCCCCCCCCC...
I (66765) ex02: conn #7 msg 15: echo 510 bytes "[002:0014]002:CCCCCCCCCCCCCCCCCCCCCCCCCCCCCCCCCC...
I (66765) ex02: conn #7 msg 16: echo 510 bytes "[002:0015]002:CCCCCCCCCCCCCCCCCCCCCCCCCCCCCCCCCC...
I (66775) ex02: conn #7 msg 17: echo 510 bytes "[002:0016]002:CCCCCCCCCCCCCCCCCCCCCCCCCCCCCCCCCC...
I (66775) ex02: conn #7 msg 18: echo 510 bytes "[002:0017]002:CCCCCCCCCCCCCCCCCCCCCCCCCCCCCCCCCC...
I (66775) ex02: conn #7 msg 19: echo 510 bytes "[002:0018]002:CCCCCCCCCCCCCCCCCCCCCCCCCCCCCCCCCC...
I (66775) ex02: conn #7 msg 20: echo 510 bytes "[002:0019]002:CCCCCCCCCCCCCCCCCCCCCCCCCCCCCCCCCC...
I (66775) ex02: conn #7 peer closed (FIN) after 20 msgs, 10200 bytes
I (66785) ex02: conn #7 10.0.2.2:47502 CLOSED srv=41ms (10200 bytes echoed)
$$$ EX02CLOSE conn=7 bytes=10200
$$$ EX02STATS active=0 total_accepted=7 bytes_echoed=40858 uptime_s=70
$$$ EX02STATS active=0 total_accepted=7 bytes_echoed=40858 uptime_s=80
$$$ EX02STATS active=0 total_accepted=7 bytes_echoed=40858 uptime_s=90
$$$ EX02STATS active=0 total_accepted=7 bytes_echoed=40858 uptime_s=100
$$$ EX02STATS active=0 total_accepted=7 bytes_echoed=40858 uptime_s=110
$$$ EX02STATS active=0 total_accepted=7 bytes_echoed=40858 uptime_s=120
$$$ EX02STATS active=0 total_accepted=7 bytes_echoed=40858 uptime_s=130
W (140255) opencores.emac: emac_opencores_isr_handler: RX frame dropped (0x14)
W (140255) opencores.emac: emac_opencores_isr_handler: RX frame dropped (0x14)
W (140255) opencores.emac: emac_opencores_isr_handler: RX frame dropped (0x14)
I (140255) ex02: conn #8 ACCEPT from 10.0.2.2:55658 (active=1)
$$$ EX02CONN idx=8
I (140255) ex02: conn #8 msg 1: echo 510 bytes "[001:0000]001:BBBBBBBBBBBBBBBBBBBBBBBBBBBBBBBBBB...
I (140255) ex02: conn #8 msg 2: echo 510 bytes "[001:0001]001:BBBBBBBBBBBBBBBBBBBBBBBBBBBBBBBBBB...
I (140255) ex02: conn #8 msg 3: echo 510 bytes "[001:0002]001:BBBBBBBBBBBBBBBBBBBBBBBBBBBBBBBBBB...
I (140255) ex02: conn #8 msg 4: echo 510 bytes "[001:0003]001:BBBBBBBBBBBBBBBBBBBBBBBBBBBBBBBBBB...
I (140255) ex02: conn #8 msg 5: echo 510 bytes "[001:0004]001:BBBBBBBBBBBBBBBBBBBBBBBBBBBBBBBBBB...
I (140255) ex02: conn #8 msg 6: echo 510 bytes "[001:0005]001:BBBBBBBBBBBBBBBBBBBBBBBBBBBBBBBBBB...
I (140255) ex02: conn #8 msg 7: echo 510 bytes "[001:0006]001:BBBBBBBBBBBBBBBBBBBBBBBBBBBBBBBBBB...
I (140255) ex02: conn #8 msg 8: echo 510 bytes "[001:0007]001:BBBBBBBBBBBBBBBBBBBBBBBBBBBBBBBBBB...
I (140255) ex02: conn #8 msg 9: echo 510 bytes "[001:0008]001:BBBBBBBBBBBBBBBBBBBBBBBBBBBBBBBBBB...
I (140255) ex02: conn #8 msg 10: echo 510 bytes "[001:0009]001:BBBBBBBBBBBBBBBBBBBBBBBBBBBBBBBBBB...
I (140255) ex02: conn #8 msg 11: echo 510 bytes "[001:0010]001:BBBBBBBBBBBBBBBBBBBBBBBBBBBBBBBBBB...
I (140255) ex02: conn #8 msg 12: echo 510 bytes "[001:0011]001:BBBBBBBBBBBBBBBBBBBBBBBBBBBBBBBBBB...
I (140255) ex02: conn #8 msg 13: echo 510 bytes "[001:0012]001:BBBBBBBBBBBBBBBBBBBBBBBBBBBBBBBBBB...
I (140265) ex02: conn #8 msg 14: echo 510 bytes "[001:0013]001:BBBBBBBBBBBBBBBBBBBBBBBBBBBBBBBBBB...
I (140265) ex02: conn #8 msg 15: echo 510 bytes "[001:0014]001:BBBBBBBBBBBBBBBBBBBBBBBBBBBBBBBBBB...
I (140265) ex02: conn #8 msg 16: echo 510 bytes "[001:0015]001:BBBBBBBBBBBBBBBBBBBBBBBBBBBBBBBBBB...
I (140265) ex02: conn #8 msg 17: echo 510 bytes "[001:0016]001:BBBBBBBBBBBBBBBBBBBBBBBBBBBBBBBBBB...
I (140265) ex02: conn #8 msg 18: echo 510 bytes "[001:0017]001:BBBBBBBBBBBBBBBBBBBBBBBBBBBBBBBBBB...
I (140265) ex02: conn #8 msg 19: echo 510 bytes "[001:0018]001:BBBBBBBBBBBBBBBBBBBBBBBBBBBBBBBBBB...
I (140265) ex02: conn #8 msg 20: echo 510 bytes "[001:0019]001:BBBBBBBBBBBBBBBBBBBBBBBBBBBBBBBBBB...
I (140265) ex02: conn #8 msg 21: echo 510 bytes "[001:0020]001:BBBBBBBBBBBBBBBBBBBBBBBBBBBBBBBBBB...
I (140265) ex02: conn #8 msg 22: echo 510 bytes "[001:0021]001:BBBBBBBBBBBBBBBBBBBBBBBBBBBBBBBBBB...
I (140265) ex02: conn #8 msg 23: echo 510 bytes "[001:0022]001:BBBBBBBBBBBBBBBBBBBBBBBBBBBBBBBBBB...
I (140265) ex02: conn #8 msg 24: echo 510 bytes "[001:0023]001:BBBBBBBBBBBBBBBBBBBBBBBBBBBBBBBBBB...
I (140265) ex02: conn #8 msg 25: echo 510 bytes "[001:0024]001:BBBBBBBBBBBBBBBBBBBBBBBBBBBBBBBBBB...
I (140265) ex02: conn #8 msg 26: echo 510 bytes "[001:0025]001:BBBBBBBBBBBBBBBBBBBBBBBBBBBBBBBBBB...
I (140265) ex02: conn #8 msg 27: echo 510 bytes "[001:0026]001:BBBBBBBBBBBBBBBBBBBBBBBBBBBBBBBBBB...
I (140265) ex02: conn #8 msg 28: echo 510 bytes "[001:0027]001:BBBBBBBBBBBBBBBBBBBBBBBBBBBBBBBBBB...
I (140265) ex02: conn #8 msg 29: echo 510 bytes "[001:0028]001:BBBBBBBBBBBBBBBBBBBBBBBBBBBBBBBBBB...
I (140265) ex02: conn #8 msg 30: echo 510 bytes "[001:0029]001:BBBBBBBBBBBBBBBBBBBBBBBBBBBBBBBBBB...
I (140265) ex02: conn #8 peer closed (FIN) after 30 msgs, 15300 bytes
I (140275) ex02: conn #8 10.0.2.2:55658 CLOSED srv=16ms (15300 bytes echoed)
$$$ EX02CLOSE conn=8 bytes=15300
I (140275) ex02: conn #9 ACCEPT from 10.0.2.2:55704 (active=1)
$$$ EX02CONN idx=9
I (140275) ex02: conn #9 msg 1: echo 510 bytes "[002:0000]002:CCCCCCCCCCCCCCCCCCCCCCCCCCCCCCCCCC...
I (140275) ex02: conn #9 msg 2: echo 510 bytes "[002:0001]002:CCCCCCCCCCCCCCCCCCCCCCCCCCCCCCCCCC...
I (140275) ex02: conn #9 msg 3: echo 510 bytes "[002:0002]002:CCCCCCCCCCCCCCCCCCCCCCCCCCCCCCCCCC...
I (140275) ex02: conn #9 msg 4: echo 510 bytes "[002:0003]002:CCCCCCCCCCCCCCCCCCCCCCCCCCCCCCCCCC...
I (140275) ex02: conn #9 msg 5: echo 510 bytes "[002:0004]002:CCCCCCCCCCCCCCCCCCCCCCCCCCCCCCCCCC...
I (140275) ex02: conn #9 msg 6: echo 510 bytes "[002:0005]002:CCCCCCCCCCCCCCCCCCCCCCCCCCCCCCCCCC...
I (140275) ex02: conn #9 msg 7: echo 510 bytes "[002:0006]002:CCCCCCCCCCCCCCCCCCCCCCCCCCCCCCCCCC...
I (140275) ex02: conn #9 msg 8: echo 510 bytes "[002:0007]002:CCCCCCCCCCCCCCCCCCCCCCCCCCCCCCCCCC...
I (140275) ex02: conn #9 msg 9: echo 510 bytes "[002:0008]002:CCCCCCCCCCCCCCCCCCCCCCCCCCCCCCCCCC...
I (140275) ex02: conn #9 msg 10: echo 510 bytes "[002:0009]002:CCCCCCCCCCCCCCCCCCCCCCCCCCCCCCCCCC...
I (140275) ex02: conn #9 msg 11: echo 510 bytes "[002:0010]002:CCCCCCCCCCCCCCCCCCCCCCCCCCCCCCCCCC...
I (140275) ex02: conn #9 msg 12: echo 510 bytes "[002:0011]002:CCCCCCCCCCCCCCCCCCCCCCCCCCCCCCCCCC...
I (140275) ex02: conn #9 msg 13: echo 510 bytes "[002:0012]002:CCCCCCCCCCCCCCCCCCCCCCCCCCCCCCCCCC...
I (140275) ex02: conn #9 msg 14: echo 510 bytes "[002:0013]002:CCCCCCCCCCCCCCCCCCCCCCCCCCCCCCCCCC...
I (140275) ex02: conn #9 msg 15: echo 510 bytes "[002:0014]002:CCCCCCCCCCCCCCCCCCCCCCCCCCCCCCCCCC...
I (140275) ex02: conn #9 msg 16: echo 510 bytes "[002:0015]002:CCCCCCCCCCCCCCCCCCCCCCCCCCCCCCCCCC...
I (140275) ex02: conn #9 msg 17: echo 510 bytes "[002:0016]002:CCCCCCCCCCCCCCCCCCCCCCCCCCCCCCCCCC...
I (140285) ex02: conn #9 msg 18: echo 510 bytes "[002:0017]002:CCCCCCCCCCCCCCCCCCCCCCCCCCCCCCCCCC...
I (140285) ex02: conn #9 msg 19: echo 510 bytes "[002:0018]002:CCCCCCCCCCCCCCCCCCCCCCCCCCCCCCCCCC...
I (140285) ex02: conn #9 msg 20: echo 510 bytes "[002:0019]002:CCCCCCCCCCCCCCCCCCCCCCCCCCCCCCCCCC...
I (140285) ex02: conn #9 msg 21: echo 510 bytes "[002:0020]002:CCCCCCCCCCCCCCCCCCCCCCCCCCCCCCCCCC...
I (140285) ex02: conn #9 msg 22: echo 510 bytes "[002:0021]002:CCCCCCCCCCCCCCCCCCCCCCCCCCCCCCCCCC...
I (140285) ex02: conn #9 msg 23: echo 510 bytes "[002:0022]002:CCCCCCCCCCCCCCCCCCCCCCCCCCCCCCCCCC...
I (140285) ex02: conn #9 msg 24: echo 510 bytes "[002:0023]002:CCCCCCCCCCCCCCCCCCCCCCCCCCCCCCCCCC...
I (140285) ex02: conn #9 msg 25: echo 510 bytes "[002:0024]002:CCCCCCCCCCCCCCCCCCCCCCCCCCCCCCCCCC...
I (140285) ex02: conn #9 msg 26: echo 510 bytes "[002:0025]002:CCCCCCCCCCCCCCCCCCCCCCCCCCCCCCCCCC...
I (140285) ex02: conn #9 msg 27: echo 510 bytes "[002:0026]002:CCCCCCCCCCCCCCCCCCCCCCCCCCCCCCCCCC...
I (140285) ex02: conn #9 msg 28: echo 510 bytes "[002:0027]002:CCCCCCCCCCCCCCCCCCCCCCCCCCCCCCCCCC...
I (140285) ex02: conn #9 msg 29: echo 510 bytes "[002:0028]002:CCCCCCCCCCCCCCCCCCCCCCCCCCCCCCCCCC...
I (140285) ex02: conn #9 msg 30: echo 510 bytes "[002:0029]002:CCCCCCCCCCCCCCCCCCCCCCCCCCCCCCCCCC...
I (140285) ex02: conn #9 peer closed (FIN) after 30 msgs, 15300 bytes
I (140285) ex02: conn #9 10.0.2.2:55704 CLOSED srv=16ms (15300 bytes echoed)
$$$ EX02CLOSE conn=9 bytes=15300
I (140285) ex02: conn #10 ACCEPT from 10.0.2.2:55698 (active=1)
$$$ EX02CONN idx=10
I (140285) ex02: conn #10 msg 1: echo 510 bytes "[003:0000]003:DDDDDDDDDDDDDDDDDDDDDDDDDDDDDDDDDD...
I (140285) ex02: conn #10 msg 2: echo 510 bytes "[003:0001]003:DDDDDDDDDDDDDDDDDDDDDDDDDDDDDDDDDD...
I (140285) ex02: conn #10 msg 3: echo 510 bytes "[003:0002]003:DDDDDDDDDDDDDDDDDDDDDDDDDDDDDDDDDD...
I (140285) ex02: conn #10 msg 4: echo 510 bytes "[003:0003]003:DDDDDDDDDDDDDDDDDDDDDDDDDDDDDDDDDD...
I (140295) ex02: conn #10 msg 5: echo 510 bytes "[003:0004]003:DDDDDDDDDDDDDDDDDDDDDDDDDDDDDDDDDD...
I (140295) ex02: conn #10 msg 6: echo 510 bytes "[003:0005]003:DDDDDDDDDDDDDDDDDDDDDDDDDDDDDDDDDD...
I (140295) ex02: conn #10 msg 7: echo 510 bytes "[003:0006]003:DDDDDDDDDDDDDDDDDDDDDDDDDDDDDDDDDD...
I (140295) ex02: conn #10 msg 8: echo 510 bytes "[003:0007]003:DDDDDDDDDDDDDDDDDDDDDDDDDDDDDDDDDD...
I (140295) ex02: conn #10 msg 9: echo 510 bytes "[003:0008]003:DDDDDDDDDDDDDDDDDDDDDDDDDDDDDDDDDD...
I (140295) ex02: conn #10 msg 10: echo 510 bytes "[003:0009]003:DDDDDDDDDDDDDDDDDDDDDDDDDDDDDDDDDD...
I (140295) ex02: conn #10 msg 11: echo 510 bytes "[003:0010]003:DDDDDDDDDDDDDDDDDDDDDDDDDDDDDDDDDD...
I (140295) ex02: conn #10 msg 12: echo 510 bytes "[003:0011]003:DDDDDDDDDDDDDDDDDDDDDDDDDDDDDDDDDD...
I (140295) ex02: conn #10 msg 13: echo 510 bytes "[003:0012]003:DDDDDDDDDDDDDDDDDDDDDDDDDDDDDDDDDD...
I (140295) ex02: conn #10 msg 14: echo 510 bytes "[003:0013]003:DDDDDDDDDDDDDDDDDDDDDDDDDDDDDDDDDD...
I (140295) ex02: conn #10 msg 15: echo 510 bytes "[003:0014]003:DDDDDDDDDDDDDDDDDDDDDDDDDDDDDDDDDD...
I (140295) ex02: conn #10 msg 16: echo 510 bytes "[003:0015]003:DDDDDDDDDDDDDDDDDDDDDDDDDDDDDDDDDD...
I (140295) ex02: conn #10 msg 17: echo 510 bytes "[003:0016]003:DDDDDDDDDDDDDDDDDDDDDDDDDDDDDDDDDD...
I (140295) ex02: conn #10 msg 18: echo 510 bytes "[003:0017]003:DDDDDDDDDDDDDDDDDDDDDDDDDDDDDDDDDD...
I (140295) ex02: conn #10 msg 19: echo 510 bytes "[003:0018]003:DDDDDDDDDDDDDDDDDDDDDDDDDDDDDDDDDD...
I (140295) ex02: conn #10 msg 20: echo 510 bytes "[003:0019]003:DDDDDDDDDDDDDDDDDDDDDDDDDDDDDDDDDD...
I (140295) ex02: conn #10 msg 21: echo 510 bytes "[003:0020]003:DDDDDDDDDDDDDDDDDDDDDDDDDDDDDDDDDD...
I (140295) ex02: conn #10 msg 22: echo 510 bytes "[003:0021]003:DDDDDDDDDDDDDDDDDDDDDDDDDDDDDDDDDD...
I (140295) ex02: conn #10 msg 23: echo 510 bytes "[003:0022]003:DDDDDDDDDDDDDDDDDDDDDDDDDDDDDDDDDD...
I (140295) ex02: conn #10 msg 24: echo 510 bytes "[003:0023]003:DDDDDDDDDDDDDDDDDDDDDDDDDDDDDDDDDD...
I (140305) ex02: conn #10 msg 25: echo 510 bytes "[003:0024]003:DDDDDDDDDDDDDDDDDDDDDDDDDDDDDDDDDD...
I (140305) ex02: conn #10 msg 26: echo 510 bytes "[003:0025]003:DDDDDDDDDDDDDDDDDDDDDDDDDDDDDDDDDD...
I (140305) ex02: conn #10 msg 27: echo 510 bytes "[003:0026]003:DDDDDDDDDDDDDDDDDDDDDDDDDDDDDDDDDD...
I (140305) ex02: conn #10 msg 28: echo 510 bytes "[003:0027]003:DDDDDDDDDDDDDDDDDDDDDDDDDDDDDDDDDD...
I (140305) ex02: conn #10 msg 29: echo 510 bytes "[003:0028]003:DDDDDDDDDDDDDDDDDDDDDDDDDDDDDDDDDD...
I (140305) ex02: conn #10 msg 30: echo 510 bytes "[003:0029]003:DDDDDDDDDDDDDDDDDDDDDDDDDDDDDDDDDD...
I (140305) ex02: conn #10 peer closed (FIN) after 30 msgs, 15300 bytes
I (140305) ex02: conn #10 10.0.2.2:55698 CLOSED srv=16ms (15300 bytes echoed)
$$$ EX02CLOSE conn=10 bytes=15300
I (140305) ex02: conn #11 ACCEPT from 10.0.2.2:55710 (active=1)
$$$ EX02CONN idx=11
I (140305) ex02: conn #11 msg 1: echo 510 bytes "[005:0000]005:FFFFFFFFFFFFFFFFFFFFFFFFFFFFFFFFFF...
I (140305) ex02: conn #11 msg 2: echo 510 bytes "[005:0001]005:FFFFFFFFFFFFFFFFFFFFFFFFFFFFFFFFFF...
I (140305) ex02: conn #11 msg 3: echo 510 bytes "[005:0002]005:FFFFFFFFFFFFFFFFFFFFFFFFFFFFFFFFFF...
I (140305) ex02: conn #11 msg 4: echo 510 bytes "[005:0003]005:FFFFFFFFFFFFFFFFFFFFFFFFFFFFFFFFFF...
I (140305) ex02: conn #11 msg 5: echo 510 bytes "[005:0004]005:FFFFFFFFFFFFFFFFFFFFFFFFFFFFFFFFFF...
I (140305) ex02: conn #11 msg 6: echo 510 bytes "[005:0005]005:FFFFFFFFFFFFFFFFFFFFFFFFFFFFFFFFFF...
I (140305) ex02: conn #11 msg 7: echo 510 bytes "[005:0006]005:FFFFFFFFFFFFFFFFFFFFFFFFFFFFFFFFFF...
I (140305) ex02: conn #11 msg 8: echo 510 bytes "[005:0007]005:FFFFFFFFFFFFFFFFFFFFFFFFFFFFFFFFFF...
I (140305) ex02: conn #11 msg 9: echo 510 bytes "[005:0008]005:FFFFFFFFFFFFFFFFFFFFFFFFFFFFFFFFFF...
I (140305) ex02: conn #11 msg 10: echo 510 bytes "[005:0009]005:FFFFFFFFFFFFFFFFFFFFFFFFFFFFFFFFFF...
I (140305) ex02: conn #11 msg 11: echo 510 bytes "[005:0010]005:FFFFFFFFFFFFFFFFFFFFFFFFFFFFFFFFFF...
I (140305) ex02: conn #11 msg 12: echo 510 bytes "[005:0011]005:FFFFFFFFFFFFFFFFFFFFFFFFFFFFFFFFFF...
I (140315) ex02: conn #11 msg 13: echo 510 bytes "[005:0012]005:FFFFFFFFFFFFFFFFFFFFFFFFFFFFFFFFFF...
I (140315) ex02: conn #11 msg 14: echo 510 bytes "[005:0013]005:FFFFFFFFFFFFFFFFFFFFFFFFFFFFFFFFFF...
I (140315) ex02: conn #11 msg 15: echo 510 bytes "[005:0014]005:FFFFFFFFFFFFFFFFFFFFFFFFFFFFFFFFFF...
I (140315) ex02: conn #11 msg 16: echo 510 bytes "[005:0015]005:FFFFFFFFFFFFFFFFFFFFFFFFFFFFFFFFFF...
I (140315) ex02: conn #11 msg 17: echo 510 bytes "[005:0016]005:FFFFFFFFFFFFFFFFFFFFFFFFFFFFFFFFFF...
I (140315) ex02: conn #11 msg 18: echo 510 bytes "[005:0017]005:FFFFFFFFFFFFFFFFFFFFFFFFFFFFFFFFFF...
I (140315) ex02: conn #11 msg 19: echo 510 bytes "[005:0018]005:FFFFFFFFFFFFFFFFFFFFFFFFFFFFFFFFFF...
I (140315) ex02: conn #11 msg 20: echo 510 bytes "[005:0019]005:FFFFFFFFFFFFFFFFFFFFFFFFFFFFFFFFFF...
I (140315) ex02: conn #11 msg 21: echo 510 bytes "[005:0020]005:FFFFFFFFFFFFFFFFFFFFFFFFFFFFFFFFFF...
I (140315) ex02: conn #11 msg 22: echo 510 bytes "[005:0021]005:FFFFFFFFFFFFFFFFFFFFFFFFFFFFFFFFFF...
I (140315) ex02: conn #11 msg 23: echo 510 bytes "[005:0022]005:FFFFFFFFFFFFFFFFFFFFFFFFFFFFFFFFFF...
I (140315) ex02: conn #11 msg 24: echo 510 bytes "[005:0023]005:FFFFFFFFFFFFFFFFFFFFFFFFFFFFFFFFFF...
I (140315) ex02: conn #11 msg 25: echo 510 bytes "[005:0024]005:FFFFFFFFFFFFFFFFFFFFFFFFFFFFFFFFFF...
I (140315) ex02: conn #11 msg 26: echo 510 bytes "[005:0025]005:FFFFFFFFFFFFFFFFFFFFFFFFFFFFFFFFFF...
I (140315) ex02: conn #11 msg 27: echo 510 bytes "[005:0026]005:FFFFFFFFFFFFFFFFFFFFFFFFFFFFFFFFFF...
I (140315) ex02: conn #11 msg 28: echo 510 bytes "[005:0027]005:FFFFFFFFFFFFFFFFFFFFFFFFFFFFFFFFFF...
I (140315) ex02: conn #11 msg 29: echo 510 bytes "[005:0028]005:FFFFFFFFFFFFFFFFFFFFFFFFFFFFFFFFFF...
I (140315) ex02: conn #11 msg 30: echo 510 bytes "[005:0029]005:FFFFFFFFFFFFFFFFFFFFFFFFFFFFFFFFFF...
I (140315) ex02: conn #11 peer closed (FIN) after 30 msgs, 15300 bytes
I (140325) ex02: conn #11 10.0.2.2:55710 CLOSED srv=15ms (15300 bytes echoed)
$$$ EX02CLOSE conn=11 bytes=15300
I (140455) ex02: conn #12 ACCEPT from 10.0.2.2:55684 (active=1)
$$$ EX02CONN idx=12
I (140465) ex02: conn #12 msg 1: echo 510 bytes "[000:0000]000:AAAAAAAAAAAAAAAAAAAAAAAAAAAAAAAAAA...
I (140465) ex02: conn #12 msg 2: echo 510 bytes "[000:0001]000:AAAAAAAAAAAAAAAAAAAAAAAAAAAAAAAAAA...
I (140465) ex02: conn #12 msg 3: echo 510 bytes "[000:0002]000:AAAAAAAAAAAAAAAAAAAAAAAAAAAAAAAAAA...
I (140465) ex02: conn #12 msg 4: echo 510 bytes "[000:0003]000:AAAAAAAAAAAAAAAAAAAAAAAAAAAAAAAAAA...
I (140465) ex02: conn #12 msg 5: echo 510 bytes "[000:0004]000:AAAAAAAAAAAAAAAAAAAAAAAAAAAAAAAAAA...
I (140465) ex02: conn #12 msg 6: echo 510 bytes "[000:0005]000:AAAAAAAAAAAAAAAAAAAAAAAAAAAAAAAAAA...
I (140465) ex02: conn #12 msg 7: echo 510 bytes "[000:0006]000:AAAAAAAAAAAAAAAAAAAAAAAAAAAAAAAAAA...
I (140465) ex02: conn #12 msg 8: echo 510 bytes "[000:0007]000:AAAAAAAAAAAAAAAAAAAAAAAAAAAAAAAAAA...
I (140465) ex02: conn #12 msg 9: echo 510 bytes "[000:0008]000:AAAAAAAAAAAAAAAAAAAAAAAAAAAAAAAAAA...
I (140465) ex02: conn #12 msg 10: echo 510 bytes "[000:0009]000:AAAAAAAAAAAAAAAAAAAAAAAAAAAAAAAAAA...
I (140465) ex02: conn #12 msg 11: echo 510 bytes "[000:0010]000:AAAAAAAAAAAAAAAAAAAAAAAAAAAAAAAAAA...
I (140465) ex02: conn #12 msg 12: echo 510 bytes "[000:0011]000:AAAAAAAAAAAAAAAAAAAAAAAAAAAAAAAAAA...
I (140465) ex02: conn #12 msg 13: echo 510 bytes "[000:0012]000:AAAAAAAAAAAAAAAAAAAAAAAAAAAAAAAAAA...
I (140465) ex02: conn #12 msg 14: echo 510 bytes "[000:0013]000:AAAAAAAAAAAAAAAAAAAAAAAAAAAAAAAAAA...
I (140465) ex02: conn #12 msg 15: echo 510 bytes "[000:0014]000:AAAAAAAAAAAAAAAAAAAAAAAAAAAAAAAAAA...
I (140465) ex02: conn #12 msg 16: echo 510 bytes "[000:0015]000:AAAAAAAAAAAAAAAAAAAAAAAAAAAAAAAAAA...
I (140465) ex02: conn #12 msg 17: echo 510 bytes "[000:0016]000:AAAAAAAAAAAAAAAAAAAAAAAAAAAAAAAAAA...
I (140475) ex02: conn #12 msg 18: echo 510 bytes "[000:0017]000:AAAAAAAAAAAAAAAAAAAAAAAAAAAAAAAAAA...
I (140475) ex02: conn #12 msg 19: echo 510 bytes "[000:0018]000:AAAAAAAAAAAAAAAAAAAAAAAAAAAAAAAAAA...
I (140475) ex02: conn #12 msg 20: echo 510 bytes "[000:0019]000:AAAAAAAAAAAAAAAAAAAAAAAAAAAAAAAAAA...
I (140475) ex02: conn #12 msg 21: echo 510 bytes "[000:0020]000:AAAAAAAAAAAAAAAAAAAAAAAAAAAAAAAAAA...
I (140475) ex02: conn #12 msg 22: echo 510 bytes "[000:0021]000:AAAAAAAAAAAAAAAAAAAAAAAAAAAAAAAAAA...
I (140475) ex02: conn #12 msg 23: echo 510 bytes "[000:0022]000:AAAAAAAAAAAAAAAAAAAAAAAAAAAAAAAAAA...
I (140475) ex02: conn #12 msg 24: echo 510 bytes "[000:0023]000:AAAAAAAAAAAAAAAAAAAAAAAAAAAAAAAAAA...
I (140475) ex02: conn #12 msg 25: echo 510 bytes "[000:0024]000:AAAAAAAAAAAAAAAAAAAAAAAAAAAAAAAAAA...
I (140475) ex02: conn #12 msg 26: echo 510 bytes "[000:0025]000:AAAAAAAAAAAAAAAAAAAAAAAAAAAAAAAAAA...
I (140475) ex02: conn #12 msg 27: echo 510 bytes "[000:0026]000:AAAAAAAAAAAAAAAAAAAAAAAAAAAAAAAAAA...
I (140475) ex02: conn #12 msg 28: echo 510 bytes "[000:0027]000:AAAAAAAAAAAAAAAAAAAAAAAAAAAAAAAAAA...
I (140475) ex02: conn #12 msg 29: echo 510 bytes "[000:0028]000:AAAAAAAAAAAAAAAAAAAAAAAAAAAAAAAAAA...
I (140475) ex02: conn #12 msg 30: echo 510 bytes "[000:0029]000:AAAAAAAAAAAAAAAAAAAAAAAAAAAAAAAAAA...
I (140475) ex02: conn #12 peer closed (FIN) after 30 msgs, 15300 bytes
I (140475) ex02: conn #12 10.0.2.2:55684 CLOSED srv=20ms (15300 bytes echoed)
$$$ EX02CLOSE conn=12 bytes=15300
I (141435) ex02: conn #13 ACCEPT from 10.0.2.2:55660 (active=1)
$$$ EX02CONN idx=13
I (141435) ex02: conn #13 msg 1: echo 510 bytes "[007:0000]007:HHHHHHHHHHHHHHHHHHHHHHHHHHHHHHHHHH...
I (141435) ex02: conn #13 msg 2: echo 510 bytes "[007:0001]007:HHHHHHHHHHHHHHHHHHHHHHHHHHHHHHHHHH...
I (141435) ex02: conn #13 msg 3: echo 510 bytes "[007:0002]007:HHHHHHHHHHHHHHHHHHHHHHHHHHHHHHHHHH...
I (141435) ex02: conn #13 msg 4: echo 510 bytes "[007:0003]007:HHHHHHHHHHHHHHHHHHHHHHHHHHHHHHHHHH...
I (141435) ex02: conn #13 msg 5: echo 510 bytes "[007:0004]007:HHHHHHHHHHHHHHHHHHHHHHHHHHHHHHHHHH...
I (141435) ex02: conn #13 msg 6: echo 510 bytes "[007:0005]007:HHHHHHHHHHHHHHHHHHHHHHHHHHHHHHHHHH...
I (141435) ex02: conn #13 msg 7: echo 510 bytes "[007:0006]007:HHHHHHHHHHHHHHHHHHHHHHHHHHHHHHHHHH...
I (141435) ex02: conn #13 msg 8: echo 510 bytes "[007:0007]007:HHHHHHHHHHHHHHHHHHHHHHHHHHHHHHHHHH...
I (141435) ex02: conn #13 msg 9: echo 510 bytes "[007:0008]007:HHHHHHHHHHHHHHHHHHHHHHHHHHHHHHHHHH...
I (141435) ex02: conn #13 msg 10: echo 510 bytes "[007:0009]007:HHHHHHHHHHHHHHHHHHHHHHHHHHHHHHHHHH...
I (141435) ex02: conn #13 msg 11: echo 510 bytes "[007:0010]007:HHHHHHHHHHHHHHHHHHHHHHHHHHHHHHHHHH...
I (141435) ex02: conn #13 msg 12: echo 510 bytes "[007:0011]007:HHHHHHHHHHHHHHHHHHHHHHHHHHHHHHHHHH...
I (141435) ex02: conn #13 msg 13: echo 510 bytes "[007:0012]007:HHHHHHHHHHHHHHHHHHHHHHHHHHHHHHHHHH...
I (141435) ex02: conn #13 msg 14: echo 510 bytes "[007:0013]007:HHHHHHHHHHHHHHHHHHHHHHHHHHHHHHHHHH...
I (141435) ex02: conn #13 msg 15: echo 510 bytes "[007:0014]007:HHHHHHHHHHHHHHHHHHHHHHHHHHHHHHHHHH...
I (141435) ex02: conn #13 msg 16: echo 510 bytes "[007:0015]007:HHHHHHHHHHHHHHHHHHHHHHHHHHHHHHHHHH...
I (141445) ex02: conn #13 msg 17: echo 510 bytes "[007:0016]007:HHHHHHHHHHHHHHHHHHHHHHHHHHHHHHHHHH...
I (141445) ex02: conn #13 msg 18: echo 510 bytes "[007:0017]007:HHHHHHHHHHHHHHHHHHHHHHHHHHHHHHHHHH...
I (141445) ex02: conn #13 msg 19: echo 510 bytes "[007:0018]007:HHHHHHHHHHHHHHHHHHHHHHHHHHHHHHHHHH...
I (141445) ex02: conn #13 msg 20: echo 510 bytes "[007:0019]007:HHHHHHHHHHHHHHHHHHHHHHHHHHHHHHHHHH...
I (141445) ex02: conn #13 msg 21: echo 510 bytes "[007:0020]007:HHHHHHHHHHHHHHHHHHHHHHHHHHHHHHHHHH...
I (141445) ex02: conn #13 msg 22: echo 510 bytes "[007:0021]007:HHHHHHHHHHHHHHHHHHHHHHHHHHHHHHHHHH...
I (141445) ex02: conn #13 msg 23: echo 510 bytes "[007:0022]007:HHHHHHHHHHHHHHHHHHHHHHHHHHHHHHHHHH...
I (141445) ex02: conn #13 msg 24: echo 510 bytes "[007:0023]007:HHHHHHHHHHHHHHHHHHHHHHHHHHHHHHHHHH...
I (141445) ex02: conn #13 msg 25: echo 510 bytes "[007:0024]007:HHHHHHHHHHHHHHHHHHHHHHHHHHHHHHHHHH...
I (141445) ex02: conn #13 msg 26: echo 510 bytes "[007:0025]007:HHHHHHHHHHHHHHHHHHHHHHHHHHHHHHHHHH...
I (141445) ex02: conn #13 msg 27: echo 510 bytes "[007:0026]007:HHHHHHHHHHHHHHHHHHHHHHHHHHHHHHHHHH...
I (141445) ex02: conn #13 msg 28: echo 510 bytes "[007:0027]007:HHHHHHHHHHHHHHHHHHHHHHHHHHHHHHHHHH...
I (141445) ex02: conn #13 msg 29: echo 510 bytes "[007:0028]007:HHHHHHHHHHHHHHHHHHHHHHHHHHHHHHHHHH...
I (141445) ex02: conn #13 msg 30: echo 510 bytes "[007:0029]007:HHHHHHHHHHHHHHHHHHHHHHHHHHHHHHHHHH...
I (141445) ex02: conn #13 peer closed (FIN) after 30 msgs, 15300 bytes
I (141445) ex02: conn #13 10.0.2.2:55660 CLOSED srv=17ms (15300 bytes echoed)
$$$ EX02CLOSE conn=13 bytes=15300
$$$ EX02STATS active=0 total_accepted=13 bytes_echoed=132658 uptime_s=140
I (145935) ex02: conn #14 ACCEPT from 10.0.2.2:55728 (active=1)
$$$ EX02CONN idx=14
I (145935) ex02: conn #14 msg 1: echo 510 bytes "[006:0000]006:GGGGGGGGGGGGGGGGGGGGGGGGGGGGGGGGGG...
I (145935) ex02: conn #14 msg 2: echo 510 bytes "[006:0001]006:GGGGGGGGGGGGGGGGGGGGGGGGGGGGGGGGGG...
I (145935) ex02: conn #14 msg 3: echo 510 bytes "[006:0002]006:GGGGGGGGGGGGGGGGGGGGGGGGGGGGGGGGGG...
I (145935) ex02: conn #14 msg 4: echo 510 bytes "[006:0003]006:GGGGGGGGGGGGGGGGGGGGGGGGGGGGGGGGGG...
I (145935) ex02: conn #14 msg 5: echo 510 bytes "[006:0004]006:GGGGGGGGGGGGGGGGGGGGGGGGGGGGGGGGGG...
I (145935) ex02: conn #14 msg 6: echo 510 bytes "[006:0005]006:GGGGGGGGGGGGGGGGGGGGGGGGGGGGGGGGGG...
I (145935) ex02: conn #14 msg 7: echo 510 bytes "[006:0006]006:GGGGGGGGGGGGGGGGGGGGGGGGGGGGGGGGGG...
I (145935) ex02: conn #14 msg 8: echo 510 bytes "[006:0007]006:GGGGGGGGGGGGGGGGGGGGGGGGGGGGGGGGGG...
I (145935) ex02: conn #14 msg 9: echo 510 bytes "[006:0008]006:GGGGGGGGGGGGGGGGGGGGGGGGGGGGGGGGGG...
I (145935) ex02: conn #14 msg 10: echo 510 bytes "[006:0009]006:GGGGGGGGGGGGGGGGGGGGGGGGGGGGGGGGGG...
I (145935) ex02: conn #14 msg 11: echo 510 bytes "[006:0010]006:GGGGGGGGGGGGGGGGGGGGGGGGGGGGGGGGGG...
I (145935) ex02: conn #14 msg 12: echo 510 bytes "[006:0011]006:GGGGGGGGGGGGGGGGGGGGGGGGGGGGGGGGGG...
I (145935) ex02: conn #14 msg 13: echo 510 bytes "[006:0012]006:GGGGGGGGGGGGGGGGGGGGGGGGGGGGGGGGGG...
I (145935) ex02: conn #14 msg 14: echo 510 bytes "[006:0013]006:GGGGGGGGGGGGGGGGGGGGGGGGGGGGGGGGGG...
I (145945) ex02: conn #14 msg 15: echo 510 bytes "[006:0014]006:GGGGGGGGGGGGGGGGGGGGGGGGGGGGGGGGGG...
I (145945) ex02: conn #14 msg 16: echo 510 bytes "[006:0015]006:GGGGGGGGGGGGGGGGGGGGGGGGGGGGGGGGGG...
I (145945) ex02: conn #14 msg 17: echo 510 bytes "[006:0016]006:GGGGGGGGGGGGGGGGGGGGGGGGGGGGGGGGGG...
I (145945) ex02: conn #14 msg 18: echo 510 bytes "[006:0017]006:GGGGGGGGGGGGGGGGGGGGGGGGGGGGGGGGGG...
I (145945) ex02: conn #14 msg 19: echo 510 bytes "[006:0018]006:GGGGGGGGGGGGGGGGGGGGGGGGGGGGGGGGGG...
I (145945) ex02: conn #14 msg 20: echo 510 bytes "[006:0019]006:GGGGGGGGGGGGGGGGGGGGGGGGGGGGGGGGGG...
I (145945) ex02: conn #14 msg 21: echo 510 bytes "[006:0020]006:GGGGGGGGGGGGGGGGGGGGGGGGGGGGGGGGGG...
I (145945) ex02: conn #14 msg 22: echo 510 bytes "[006:0021]006:GGGGGGGGGGGGGGGGGGGGGGGGGGGGGGGGGG...
I (145945) ex02: conn #14 msg 23: echo 510 bytes "[006:0022]006:GGGGGGGGGGGGGGGGGGGGGGGGGGGGGGGGGG...
I (145945) ex02: conn #14 msg 24: echo 510 bytes "[006:0023]006:GGGGGGGGGGGGGGGGGGGGGGGGGGGGGGGGGG...
I (145945) ex02: conn #14 msg 25: echo 510 bytes "[006:0024]006:GGGGGGGGGGGGGGGGGGGGGGGGGGGGGGGGGG...
I (145945) ex02: conn #14 msg 26: echo 510 bytes "[006:0025]006:GGGGGGGGGGGGGGGGGGGGGGGGGGGGGGGGGG...
I (145945) ex02: conn #14 msg 27: echo 510 bytes "[006:0026]006:GGGGGGGGGGGGGGGGGGGGGGGGGGGGGGGGGG...
I (145945) ex02: conn #14 msg 28: echo 510 bytes "[006:0027]006:GGGGGGGGGGGGGGGGGGGGGGGGGGGGGGGGGG...
I (145945) ex02: conn #14 msg 29: echo 510 bytes "[006:0028]006:GGGGGGGGGGGGGGGGGGGGGGGGGGGGGGGGGG...
I (145945) ex02: conn #14 msg 30: echo 510 bytes "[006:0029]006:GGGGGGGGGGGGGGGGGGGGGGGGGGGGGGGGGG...
I (145945) ex02: conn #14 peer closed (FIN) after 30 msgs, 15300 bytes
I (145945) ex02: conn #14 10.0.2.2:55728 CLOSED srv=17ms (15300 bytes echoed)
$$$ EX02CLOSE conn=14 bytes=15300
I (145945) ex02: conn #15 ACCEPT from 10.0.2.2:55712 (active=1)
$$$ EX02CONN idx=15
I (145945) ex02: conn #15 msg 1: echo 510 bytes "[004:0000]004:EEEEEEEEEEEEEEEEEEEEEEEEEEEEEEEEEE...
I (145945) ex02: conn #15 msg 2: echo 510 bytes "[004:0001]004:EEEEEEEEEEEEEEEEEEEEEEEEEEEEEEEEEE...
I (145955) ex02: conn #15 msg 3: echo 510 bytes "[004:0002]004:EEEEEEEEEEEEEEEEEEEEEEEEEEEEEEEEEE...
I (145955) ex02: conn #15 msg 4: echo 510 bytes "[004:0003]004:EEEEEEEEEEEEEEEEEEEEEEEEEEEEEEEEEE...
I (145955) ex02: conn #15 msg 5: echo 510 bytes "[004:0004]004:EEEEEEEEEEEEEEEEEEEEEEEEEEEEEEEEEE...
I (145955) ex02: conn #15 msg 6: echo 510 bytes "[004:0005]004:EEEEEEEEEEEEEEEEEEEEEEEEEEEEEEEEEE...
I (145955) ex02: conn #15 msg 7: echo 510 bytes "[004:0006]004:EEEEEEEEEEEEEEEEEEEEEEEEEEEEEEEEEE...
I (145955) ex02: conn #15 msg 8: echo 510 bytes "[004:0007]004:EEEEEEEEEEEEEEEEEEEEEEEEEEEEEEEEEE...
I (145955) ex02: conn #15 msg 9: echo 510 bytes "[004:0008]004:EEEEEEEEEEEEEEEEEEEEEEEEEEEEEEEEEE...
I (145955) ex02: conn #15 msg 10: echo 510 bytes "[004:0009]004:EEEEEEEEEEEEEEEEEEEEEEEEEEEEEEEEEE...
I (145955) ex02: conn #15 msg 11: echo 510 bytes "[004:0010]004:EEEEEEEEEEEEEEEEEEEEEEEEEEEEEEEEEE...
I (145955) ex02: conn #15 msg 12: echo 510 bytes "[004:0011]004:EEEEEEEEEEEEEEEEEEEEEEEEEEEEEEEEEE...
I (145955) ex02: conn #15 msg 13: echo 510 bytes "[004:0012]004:EEEEEEEEEEEEEEEEEEEEEEEEEEEEEEEEEE...
I (145955) ex02: conn #15 msg 14: echo 510 bytes "[004:0013]004:EEEEEEEEEEEEEEEEEEEEEEEEEEEEEEEEEE...
I (145955) ex02: conn #15 msg 15: echo 510 bytes "[004:0014]004:EEEEEEEEEEEEEEEEEEEEEEEEEEEEEEEEEE...
I (145955) ex02: conn #15 msg 16: echo 510 bytes "[004:0015]004:EEEEEEEEEEEEEEEEEEEEEEEEEEEEEEEEEE...
I (145955) ex02: conn #15 msg 17: echo 510 bytes "[004:0016]004:EEEEEEEEEEEEEEEEEEEEEEEEEEEEEEEEEE...
I (145955) ex02: conn #15 msg 18: echo 510 bytes "[004:0017]004:EEEEEEEEEEEEEEEEEEEEEEEEEEEEEEEEEE...
I (145955) ex02: conn #15 msg 19: echo 510 bytes "[004:0018]004:EEEEEEEEEEEEEEEEEEEEEEEEEEEEEEEEEE...
I (145955) ex02: conn #15 msg 20: echo 510 bytes "[004:0019]004:EEEEEEEEEEEEEEEEEEEEEEEEEEEEEEEEEE...
I (145955) ex02: conn #15 msg 21: echo 510 bytes "[004:0020]004:EEEEEEEEEEEEEEEEEEEEEEEEEEEEEEEEEE...
I (145955) ex02: conn #15 msg 22: echo 510 bytes "[004:0021]004:EEEEEEEEEEEEEEEEEEEEEEEEEEEEEEEEEE...
I (145955) ex02: conn #15 msg 23: echo 510 bytes "[004:0022]004:EEEEEEEEEEEEEEEEEEEEEEEEEEEEEEEEEE...
I (145955) ex02: conn #15 msg 24: echo 510 bytes "[004:0023]004:EEEEEEEEEEEEEEEEEEEEEEEEEEEEEEEEEE...
I (145955) ex02: conn #15 msg 25: echo 510 bytes "[004:0024]004:EEEEEEEEEEEEEEEEEEEEEEEEEEEEEEEEEE...
I (145965) ex02: conn #15 msg 26: echo 510 bytes "[004:0025]004:EEEEEEEEEEEEEEEEEEEEEEEEEEEEEEEEEE...
I (145965) ex02: conn #15 msg 27: echo 510 bytes "[004:0026]004:EEEEEEEEEEEEEEEEEEEEEEEEEEEEEEEEEE...
I (145965) ex02: conn #15 msg 28: echo 510 bytes "[004:0027]004:EEEEEEEEEEEEEEEEEEEEEEEEEEEEEEEEEE...
I (145965) ex02: conn #15 msg 29: echo 510 bytes "[004:0028]004:EEEEEEEEEEEEEEEEEEEEEEEEEEEEEEEEEE...
I (145965) ex02: conn #15 msg 30: echo 510 bytes "[004:0029]004:EEEEEEEEEEEEEEEEEEEEEEEEEEEEEEEEEE...
I (145965) ex02: conn #15 peer closed (FIN) after 30 msgs, 15300 bytes
I (145965) ex02: conn #15 10.0.2.2:55712 CLOSED srv=13ms (15300 bytes echoed)
$$$ EX02CLOSE conn=15 bytes=15300
I (145985) ex02: conn #16 ACCEPT from 10.0.2.2:33892 (active=1)
$$$ EX02CONN idx=16
I (145995) ex02: conn #16 msg 1: echo 13 bytes "about-to-rst
"
W (145995) ex02: conn #16 recv failed errno=104 after 1 msgs
I (145995) ex02: conn #16 10.0.2.2:33892 CLOSED srv=8ms (13 bytes echoed)
$$$ EX02CLOSE conn=16 bytes=13
$$$ EX02STATS active=0 total_accepted=16 bytes_echoed=163271 uptime_s=150
$$$ EX02STATS active=0 total_accepted=16 bytes_echoed=163271 uptime_s=160
$$$ EX02STATS active=0 total_accepted=16 bytes_echoed=163271 uptime_s=170
$$$ EX02STATS active=0 total_accepted=16 bytes_echoed=163271 uptime_s=180
$$$ EX02STATS active=0 total_accepted=16 bytes_echoed=163271 uptime_s=190
$$$ EX02STATS active=0 total_accepted=16 bytes_echoed=163271 uptime_s=200
I (206785) ex02: conn #17 ACCEPT from 10.0.2.2:46154 (active=1)
$$$ EX02CONN idx=17
I (206795) ex02: conn #17 peer closed (FIN) after 0 msgs, 0 bytes
I (206795) ex02: conn #17 10.0.2.2:46154 CLOSED srv=2ms (0 bytes echoed)
$$$ EX02CLOSE conn=17 bytes=0
$$$ EX02STATS active=0 total_accepted=17 bytes_echoed=163271 uptime_s=210
$$$ EX02STATS active=0 total_accepted=17 bytes_echoed=163271 uptime_s=220
$$$ EX02STATS active=0 total_accepted=17 bytes_echoed=163271 uptime_s=230
$$$ EX02STATS active=0 total_accepted=17 bytes_echoed=163271 uptime_s=240
$$$ EX02STATS active=0 total_accepted=17 bytes_echoed=163271 uptime_s=250
$$$ EX02STATS active=0 total_accepted=17 bytes_echoed=163271 uptime_s=260
$$$ EX02STATS active=0 total_accepted=17 bytes_echoed=163271 uptime_s=270
$$$ EX02STATS active=0 total_accepted=17 bytes_echoed=163271 uptime_s=280
$$$ EX02STATS active=0 total_accepted=17 bytes_echoed=163271 uptime_s=290
$$$ EX02STATS active=0 total_accepted=17 bytes_echoed=163271 uptime_s=300
$$$ EX02STATS active=0 total_accepted=17 bytes_echoed=163271 uptime_s=310
I (312365) ex02: conn #18 ACCEPT from 10.0.2.2:41924 (active=1)
$$$ EX02CONN idx=18
I (312375) ex02: conn #18 msg 1: echo 512 bytes "[002:0000]CCCCCCCCCCCCCCCCCCCCCCCCCCCCCCCCCCCCCC...
I (312375) ex02: conn #18 msg 2: echo 512 bytes "[002:0001]CCCCCCCCCCCCCCCCCCCCCCCCCCCCCCCCCCCCCC...
I (312375) ex02: conn #18 msg 3: echo 512 bytes "[002:0002]CCCCCCCCCCCCCCCCCCCCCCCCCCCCCCCCCCCCCC...
I (312375) ex02: conn #18 msg 4: echo 512 bytes "[002:0003]CCCCCCCCCCCCCCCCCCCCCCCCCCCCCCCCCCCCCC...
I (312375) ex02: conn #18 msg 5: echo 512 bytes "[002:0004]CCCCCCCCCCCCCCCCCCCCCCCCCCCCCCCCCCCCCC...
I (312375) ex02: conn #18 msg 6: echo 512 bytes "[002:0005]CCCCCCCCCCCCCCCCCCCCCCCCCCCCCCCCCCCCCC...
I (312375) ex02: conn #18 msg 7: echo 512 bytes "[002:0006]CCCCCCCCCCCCCCCCCCCCCCCCCCCCCCCCCCCCCC...
I (312375) ex02: conn #18 msg 8: echo 512 bytes "[002:0007]CCCCCCCCCCCCCCCCCCCCCCCCCCCCCCCCCCCCCC...
I (312375) ex02: conn #18 msg 9: echo 512 bytes "[002:0008]CCCCCCCCCCCCCCCCCCCCCCCCCCCCCCCCCCCCCC...
I (312375) ex02: conn #18 msg 10: echo 512 bytes "[002:0009]CCCCCCCCCCCCCCCCCCCCCCCCCCCCCCCCCCCCCC...
I (312375) ex02: conn #18 msg 11: echo 512 bytes "[002:0010]CCCCCCCCCCCCCCCCCCCCCCCCCCCCCCCCCCCCCC...
I (312375) ex02: conn #18 msg 12: echo 512 bytes "[002:0011]CCCCCCCCCCCCCCCCCCCCCCCCCCCCCCCCCCCCCC...
I (312375) ex02: conn #18 msg 13: echo 512 bytes "[002:0012]CCCCCCCCCCCCCCCCCCCCCCCCCCCCCCCCCCCCCC...
I (312375) ex02: conn #18 msg 14: echo 512 bytes "[002:0013]CCCCCCCCCCCCCCCCCCCCCCCCCCCCCCCCCCCCCC...
I (312375) ex02: conn #18 msg 15: echo 512 bytes "[002:0014]CCCCCCCCCCCCCCCCCCCCCCCCCCCCCCCCCCCCCC...
I (312375) ex02: conn #18 msg 16: echo 512 bytes "[002:0015]CCCCCCCCCCCCCCCCCCCCCCCCCCCCCCCCCCCCCC...
I (312375) ex02: conn #18 msg 17: echo 512 bytes "[002:0016]CCCCCCCCCCCCCCCCCCCCCCCCCCCCCCCCCCCCCC...
I (312385) ex02: conn #18 msg 18: echo 512 bytes "[002:0017]CCCCCCCCCCCCCCCCCCCCCCCCCCCCCCCCCCCCCC...
I (312385) ex02: conn #18 msg 19: echo 512 bytes "[002:0018]CCCCCCCCCCCCCCCCCCCCCCCCCCCCCCCCCCCCCC...
I (312385) ex02: conn #18 msg 20: echo 512 bytes "[002:0019]CCCCCCCCCCCCCCCCCCCCCCCCCCCCCCCCCCCCCC...
I (312385) ex02: conn #18 peer closed (FIN) after 20 msgs, 10240 bytes
I (312385) ex02: conn #18 10.0.2.2:41924 CLOSED srv=11ms (10240 bytes echoed)
$$$ EX02CLOSE conn=18 bytes=10240
I (312385) ex02: conn #19 ACCEPT from 10.0.2.2:41956 (active=1)
$$$ EX02CONN idx=19
I (312385) ex02: conn #19 msg 1: echo 512 bytes "[000:0000]AAAAAAAAAAAAAAAAAAAAAAAAAAAAAAAAAAAAAA...
I (312385) ex02: conn #19 msg 2: echo 512 bytes "[000:0001]AAAAAAAAAAAAAAAAAAAAAAAAAAAAAAAAAAAAAA...
I (312385) ex02: conn #19 msg 3: echo 512 bytes "[000:0002]AAAAAAAAAAAAAAAAAAAAAAAAAAAAAAAAAAAAAA...
I (312385) ex02: conn #19 msg 4: echo 512 bytes "[000:0003]AAAAAAAAAAAAAAAAAAAAAAAAAAAAAAAAAAAAAA...
I (312385) ex02: conn #19 msg 5: echo 512 bytes "[000:0004]AAAAAAAAAAAAAAAAAAAAAAAAAAAAAAAAAAAAAA...
I (312385) ex02: conn #19 msg 6: echo 512 bytes "[000:0005]AAAAAAAAAAAAAAAAAAAAAAAAAAAAAAAAAAAAAA...
I (312385) ex02: conn #19 msg 7: echo 512 bytes "[000:0006]AAAAAAAAAAAAAAAAAAAAAAAAAAAAAAAAAAAAAA...
I (312385) ex02: conn #19 msg 8: echo 512 bytes "[000:0007]AAAAAAAAAAAAAAAAAAAAAAAAAAAAAAAAAAAAAA...
I (312385) ex02: conn #19 msg 9: echo 512 bytes "[000:0008]AAAAAAAAAAAAAAAAAAAAAAAAAAAAAAAAAAAAAA...
I (312385) ex02: conn #19 msg 10: echo 512 bytes "[000:0009]AAAAAAAAAAAAAAAAAAAAAAAAAAAAAAAAAAAAAA...
I (312385) ex02: conn #19 msg 11: echo 512 bytes "[000:0010]AAAAAAAAAAAAAAAAAAAAAAAAAAAAAAAAAAAAAA...
I (312385) ex02: conn #19 msg 12: echo 512 bytes "[000:0011]AAAAAAAAAAAAAAAAAAAAAAAAAAAAAAAAAAAAAA...
I (312385) ex02: conn #19 msg 13: echo 512 bytes "[000:0012]AAAAAAAAAAAAAAAAAAAAAAAAAAAAAAAAAAAAAA...
I (312385) ex02: conn #19 msg 14: echo 512 bytes "[000:0013]AAAAAAAAAAAAAAAAAAAAAAAAAAAAAAAAAAAAAA...
I (312385) ex02: conn #19 msg 15: echo 512 bytes "[000:0014]AAAAAAAAAAAAAAAAAAAAAAAAAAAAAAAAAAAAAA...
I (312385) ex02: conn #19 msg 16: echo 512 bytes "[000:0015]AAAAAAAAAAAAAAAAAAAAAAAAAAAAAAAAAAAAAA...
I (312395) ex02: conn #19 msg 17: echo 512 bytes "[000:0016]AAAAAAAAAAAAAAAAAAAAAAAAAAAAAAAAAAAAAA...
I (312395) ex02: conn #19 msg 18: echo 512 bytes "[000:0017]AAAAAAAAAAAAAAAAAAAAAAAAAAAAAAAAAAAAAA...
I (312395) ex02: conn #19 msg 19: echo 512 bytes "[000:0018]AAAAAAAAAAAAAAAAAAAAAAAAAAAAAAAAAAAAAA...
I (312395) ex02: conn #19 msg 20: echo 512 bytes "[000:0019]AAAAAAAAAAAAAAAAAAAAAAAAAAAAAAAAAAAAAA...
I (312395) ex02: conn #19 peer closed (FIN) after 20 msgs, 10240 bytes
I (312395) ex02: conn #19 10.0.2.2:41956 CLOSED srv=9ms (10240 bytes echoed)
$$$ EX02CLOSE conn=19 bytes=10240
I (312395) ex02: conn #20 ACCEPT from 10.0.2.2:41928 (active=1)
$$$ EX02CONN idx=20
I (312395) ex02: conn #20 msg 1: echo 512 bytes "[003:0000]DDDDDDDDDDDDDDDDDDDDDDDDDDDDDDDDDDDDDD...
I (312395) ex02: conn #20 msg 2: echo 512 bytes "[003:0001]DDDDDDDDDDDDDDDDDDDDDDDDDDDDDDDDDDDDDD...
I (312395) ex02: conn #20 msg 3: echo 512 bytes "[003:0002]DDDDDDDDDDDDDDDDDDDDDDDDDDDDDDDDDDDDDD...
I (312395) ex02: conn #20 msg 4: echo 512 bytes "[003:0003]DDDDDDDDDDDDDDDDDDDDDDDDDDDDDDDDDDDDDD...
I (312395) ex02: conn #20 msg 5: echo 512 bytes "[003:0004]DDDDDDDDDDDDDDDDDDDDDDDDDDDDDDDDDDDDDD...
I (312395) ex02: conn #20 msg 6: echo 512 bytes "[003:0005]DDDDDDDDDDDDDDDDDDDDDDDDDDDDDDDDDDDDDD...
I (312395) ex02: conn #20 msg 7: echo 512 bytes "[003:0006]DDDDDDDDDDDDDDDDDDDDDDDDDDDDDDDDDDDDDD...
I (312395) ex02: conn #20 msg 8: echo 512 bytes "[003:0007]DDDDDDDDDDDDDDDDDDDDDDDDDDDDDDDDDDDDDD...
I (312395) ex02: conn #20 msg 9: echo 512 bytes "[003:0008]DDDDDDDDDDDDDDDDDDDDDDDDDDDDDDDDDDDDDD...
I (312395) ex02: conn #20 msg 10: echo 512 bytes "[003:0009]DDDDDDDDDDDDDDDDDDDDDDDDDDDDDDDDDDDDDD...
I (312395) ex02: conn #20 msg 11: echo 512 bytes "[003:0010]DDDDDDDDDDDDDDDDDDDDDDDDDDDDDDDDDDDDDD...
I (312395) ex02: conn #20 msg 12: echo 512 bytes "[003:0011]DDDDDDDDDDDDDDDDDDDDDDDDDDDDDDDDDDDDDD...
I (312395) ex02: conn #20 msg 13: echo 512 bytes "[003:0012]DDDDDDDDDDDDDDDDDDDDDDDDDDDDDDDDDDDDDD...
I (312395) ex02: conn #20 msg 14: echo 512 bytes "[003:0013]DDDDDDDDDDDDDDDDDDDDDDDDDDDDDDDDDDDDDD...
I (312395) ex02: conn #20 msg 15: echo 512 bytes "[003:0014]DDDDDDDDDDDDDDDDDDDDDDDDDDDDDDDDDDDDDD...
I (312395) ex02: conn #20 msg 16: echo 512 bytes "[003:0015]DDDDDDDDDDDDDDDDDDDDDDDDDDDDDDDDDDDDDD...
I (312405) ex02: conn #20 msg 17: echo 512 bytes "[003:0016]DDDDDDDDDDDDDDDDDDDDDDDDDDDDDDDDDDDDDD...
I (312405) ex02: conn #20 msg 18: echo 512 bytes "[003:0017]DDDDDDDDDDDDDDDDDDDDDDDDDDDDDDDDDDDDDD...
I (312405) ex02: conn #20 msg 19: echo 512 bytes "[003:0018]DDDDDDDDDDDDDDDDDDDDDDDDDDDDDDDDDDDDDD...
I (312405) ex02: conn #20 msg 20: echo 512 bytes "[003:0019]DDDDDDDDDDDDDDDDDDDDDDDDDDDDDDDDDDDDDD...
I (312405) ex02: conn #20 peer closed (FIN) after 20 msgs, 10240 bytes
I (312405) ex02: conn #20 10.0.2.2:41928 CLOSED srv=9ms (10240 bytes echoed)
$$$ EX02CLOSE conn=20 bytes=10240
I (312575) ex02: conn #21 ACCEPT from 10.0.2.2:41942 (active=1)
$$$ EX02CONN idx=21
I (312585) ex02: conn #21 msg 1: echo 512 bytes "[001:0000]BBBBBBBBBBBBBBBBBBBBBBBBBBBBBBBBBBBBBB...
I (312585) ex02: conn #21 msg 2: echo 512 bytes "[001:0001]BBBBBBBBBBBBBBBBBBBBBBBBBBBBBBBBBBBBBB...
I (312585) ex02: conn #21 msg 3: echo 512 bytes "[001:0002]BBBBBBBBBBBBBBBBBBBBBBBBBBBBBBBBBBBBBB...
I (312585) ex02: conn #21 msg 4: echo 512 bytes "[001:0003]BBBBBBBBBBBBBBBBBBBBBBBBBBBBBBBBBBBBBB...
I (312585) ex02: conn #21 msg 5: echo 512 bytes "[001:0004]BBBBBBBBBBBBBBBBBBBBBBBBBBBBBBBBBBBBBB...
I (312585) ex02: conn #21 msg 6: echo 512 bytes "[001:0005]BBBBBBBBBBBBBBBBBBBBBBBBBBBBBBBBBBBBBB...
I (312585) ex02: conn #21 msg 7: echo 512 bytes "[001:0006]BBBBBBBBBBBBBBBBBBBBBBBBBBBBBBBBBBBBBB...
I (312585) ex02: conn #21 msg 8: echo 512 bytes "[001:0007]BBBBBBBBBBBBBBBBBBBBBBBBBBBBBBBBBBBBBB...
I (312585) ex02: conn #21 msg 9: echo 512 bytes "[001:0008]BBBBBBBBBBBBBBBBBBBBBBBBBBBBBBBBBBBBBB...
I (312585) ex02: conn #21 msg 10: echo 512 bytes "[001:0009]BBBBBBBBBBBBBBBBBBBBBBBBBBBBBBBBBBBBBB...
I (312585) ex02: conn #21 msg 11: echo 512 bytes "[001:0010]BBBBBBBBBBBBBBBBBBBBBBBBBBBBBBBBBBBBBB...
I (312585) ex02: conn #21 msg 12: echo 512 bytes "[001:0011]BBBBBBBBBBBBBBBBBBBBBBBBBBBBBBBBBBBBBB...
I (312585) ex02: conn #21 msg 13: echo 512 bytes "[001:0012]BBBBBBBBBBBBBBBBBBBBBBBBBBBBBBBBBBBBBB...
I (312585) ex02: conn #21 msg 14: echo 512 bytes "[001:0013]BBBBBBBBBBBBBBBBBBBBBBBBBBBBBBBBBBBBBB...
I (312585) ex02: conn #21 msg 15: echo 512 bytes "[001:0014]BBBBBBBBBBBBBBBBBBBBBBBBBBBBBBBBBBBBBB...
I (312595) ex02: conn #21 msg 16: echo 512 bytes "[001:0015]BBBBBBBBBBBBBBBBBBBBBBBBBBBBBBBBBBBBBB...
I (312595) ex02: conn #21 msg 17: echo 512 bytes "[001:0016]BBBBBBBBBBBBBBBBBBBBBBBBBBBBBBBBBBBBBB...
I (312595) ex02: conn #21 msg 18: echo 512 bytes "[001:0017]BBBBBBBBBBBBBBBBBBBBBBBBBBBBBBBBBBBBBB...
I (312595) ex02: conn #21 msg 19: echo 512 bytes "[001:0018]BBBBBBBBBBBBBBBBBBBBBBBBBBBBBBBBBBBBBB...
I (312595) ex02: conn #21 msg 20: echo 512 bytes "[001:0019]BBBBBBBBBBBBBBBBBBBBBBBBBBBBBBBBBBBBBB...
I (312595) ex02: conn #21 peer closed (FIN) after 20 msgs, 10240 bytes
I (312595) ex02: conn #21 10.0.2.2:41942 CLOSED srv=17ms (10240 bytes echoed)
$$$ EX02CLOSE conn=21 bytes=10240
W (312635) opencores.emac: emac_opencores_isr_handler: RX frame dropped (0x14)
W (312635) opencores.emac: emac_opencores_isr_handler: RX frame dropped (0x14)
W (312635) opencores.emac: emac_opencores_isr_handler: RX frame dropped (0x14)
W (312635) opencores.emac: emac_opencores_isr_handler: RX frame dropped (0x14)
I (312635) ex02: conn #22 ACCEPT from 10.0.2.2:41968 (active=1)
$$$ EX02CONN idx=22
I (313935) ex02: conn #22 msg 1: echo 1024 bytes "[002:0000]CCCCCCCCCCCCCCCCCCCCCCCCCCCCCCCCCCCCCC...
I (313935) ex02: conn #22 msg 2: echo 1024 bytes "[002:0001]CCCCCCCCCCCCCCCCCCCCCCCCCCCCCCCCCCCCCC...
I (313935) ex02: conn #22 msg 3: echo 1024 bytes "[002:0002]CCCCCCCCCCCCCCCCCCCCCCCCCCCCCCCCCCCCCC...
I (313935) ex02: conn #22 msg 4: echo 1024 bytes "[002:0003]CCCCCCCCCCCCCCCCCCCCCCCCCCCCCCCCCCCCCC...
I (313935) ex02: conn #22 msg 5: echo 1024 bytes "[002:0004]CCCCCCCCCCCCCCCCCCCCCCCCCCCCCCCCCCCCCC...
I (313935) ex02: conn #22 msg 6: echo 1024 bytes "[002:0005]CCCCCCCCCCCCCCCCCCCCCCCCCCCCCCCCCCCCCC...
I (313935) ex02: conn #22 msg 7: echo 1024 bytes "[002:0006]CCCCCCCCCCCCCCCCCCCCCCCCCCCCCCCCCCCCCC...
I (313935) ex02: conn #22 msg 8: echo 1024 bytes "[002:0007]CCCCCCCCCCCCCCCCCCCCCCCCCCCCCCCCCCCCCC...
I (313935) ex02: conn #22 msg 9: echo 1024 bytes "[002:0008]CCCCCCCCCCCCCCCCCCCCCCCCCCCCCCCCCCCCCC...
I (313935) ex02: conn #22 msg 10: echo 1024 bytes "[002:0009]CCCCCCCCCCCCCCCCCCCCCCCCCCCCCCCCCCCCCC...
I (313935) ex02: conn #22 msg 11: echo 1024 bytes "[002:0010]CCCCCCCCCCCCCCCCCCCCCCCCCCCCCCCCCCCCCC...
I (313935) ex02: conn #22 msg 12: echo 1024 bytes "[002:0011]CCCCCCCCCCCCCCCCCCCCCCCCCCCCCCCCCCCCCC...
I (313935) ex02: conn #22 msg 13: echo 1024 bytes "[002:0012]CCCCCCCCCCCCCCCCCCCCCCCCCCCCCCCCCCCCCC...
I (313935) ex02: conn #22 msg 14: echo 1024 bytes "[002:0013]CCCCCCCCCCCCCCCCCCCCCCCCCCCCCCCCCCCCCC...
I (313945) ex02: conn #22 msg 15: echo 1024 bytes "[002:0014]CCCCCCCCCCCCCCCCCCCCCCCCCCCCCCCCCCCCCC...
I (313945) ex02: conn #22 msg 16: echo 1024 bytes "[002:0015]CCCCCCCCCCCCCCCCCCCCCCCCCCCCCCCCCCCCCC...
I (313945) ex02: conn #22 msg 17: echo 1024 bytes "[002:0016]CCCCCCCCCCCCCCCCCCCCCCCCCCCCCCCCCCCCCC...
I (313945) ex02: conn #22 msg 18: echo 1024 bytes "[002:0017]CCCCCCCCCCCCCCCCCCCCCCCCCCCCCCCCCCCCCC...
I (313945) ex02: conn #22 msg 19: echo 1024 bytes "[002:0018]CCCCCCCCCCCCCCCCCCCCCCCCCCCCCCCCCCCCCC...
I (313945) ex02: conn #22 msg 20: echo 1024 bytes "[002:0019]CCCCCCCCCCCCCCCCCCCCCCCCCCCCCCCCCCCCCC...
I (313945) ex02: conn #22 msg 21: echo 1024 bytes "[002:0020]CCCCCCCCCCCCCCCCCCCCCCCCCCCCCCCCCCCCCC...
I (313945) ex02: conn #22 msg 22: echo 1024 bytes "[002:0021]CCCCCCCCCCCCCCCCCCCCCCCCCCCCCCCCCCCCCC...
I (313945) ex02: conn #22 msg 23: echo 1024 bytes "[002:0022]CCCCCCCCCCCCCCCCCCCCCCCCCCCCCCCCCCCCCC...
I (313945) ex02: conn #22 msg 24: echo 1024 bytes "[002:0023]CCCCCCCCCCCCCCCCCCCCCCCCCCCCCCCCCCCCCC...
I (313945) ex02: conn #22 msg 25: echo 1024 bytes "[002:0024]CCCCCCCCCCCCCCCCCCCCCCCCCCCCCCCCCCCCCC...
I (313945) ex02: conn #22 msg 26: echo 1024 bytes "[002:0025]CCCCCCCCCCCCCCCCCCCCCCCCCCCCCCCCCCCCCC...
I (313945) ex02: conn #22 msg 27: echo 1024 bytes "[002:0026]CCCCCCCCCCCCCCCCCCCCCCCCCCCCCCCCCCCCCC...
I (313945) ex02: conn #22 msg 28: echo 1024 bytes "[002:0027]CCCCCCCCCCCCCCCCCCCCCCCCCCCCCCCCCCCCCC...
I (313945) ex02: conn #22 msg 29: echo 1024 bytes "[002:0028]CCCCCCCCCCCCCCCCCCCCCCCCCCCCCCCCCCCCCC...
I (313945) ex02: conn #22 msg 30: echo 1024 bytes "[002:0029]CCCCCCCCCCCCCCCCCCCCCCCCCCCCCCCCCCCCCC...
I (313945) ex02: conn #22 peer closed (FIN) after 30 msgs, 30720 bytes
I (313945) ex02: conn #22 10.0.2.2:41968 CLOSED srv=1314ms (30720 bytes echoed)
$$$ EX02CLOSE conn=22 bytes=30720
I (313945) ex02: conn #23 ACCEPT from 10.0.2.2:41990 (active=1)
$$$ EX02CONN idx=23
I (313945) ex02: conn #23 msg 1: echo 1024 bytes "[007:0000]HHHHHHHHHHHHHHHHHHHHHHHHHHHHHHHHHHHHHH...
I (313955) ex02: conn #23 msg 2: echo 1024 bytes "[007:0001]HHHHHHHHHHHHHHHHHHHHHHHHHHHHHHHHHHHHHH...
I (313955) ex02: conn #23 msg 3: echo 1024 bytes "[007:0002]HHHHHHHHHHHHHHHHHHHHHHHHHHHHHHHHHHHHHH...
I (313955) ex02: conn #23 msg 4: echo 1024 bytes "[007:0003]HHHHHHHHHHHHHHHHHHHHHHHHHHHHHHHHHHHHHH...
I (313955) ex02: conn #23 msg 5: echo 1024 bytes "[007:0004]HHHHHHHHHHHHHHHHHHHHHHHHHHHHHHHHHHHHHH...
I (313955) ex02: conn #23 msg 6: echo 1024 bytes "[007:0005]HHHHHHHHHHHHHHHHHHHHHHHHHHHHHHHHHHHHHH...
I (313955) ex02: conn #23 msg 7: echo 1024 bytes "[007:0006]HHHHHHHHHHHHHHHHHHHHHHHHHHHHHHHHHHHHHH...
I (313955) ex02: conn #23 msg 8: echo 1024 bytes "[007:0007]HHHHHHHHHHHHHHHHHHHHHHHHHHHHHHHHHHHHHH...
I (313955) ex02: conn #23 msg 9: echo 1024 bytes "[007:0008]HHHHHHHHHHHHHHHHHHHHHHHHHHHHHHHHHHHHHH...
I (313955) ex02: conn #23 msg 10: echo 1024 bytes "[007:0009]HHHHHHHHHHHHHHHHHHHHHHHHHHHHHHHHHHHHHH...
I (313955) ex02: conn #23 msg 11: echo 1024 bytes "[007:0010]HHHHHHHHHHHHHHHHHHHHHHHHHHHHHHHHHHHHHH...
I (313955) ex02: conn #23 msg 12: echo 1024 bytes "[007:0011]HHHHHHHHHHHHHHHHHHHHHHHHHHHHHHHHHHHHHH...
I (313955) ex02: conn #23 msg 13: echo 1024 bytes "[007:0012]HHHHHHHHHHHHHHHHHHHHHHHHHHHHHHHHHHHHHH...
I (313955) ex02: conn #23 msg 14: echo 1024 bytes "[007:0013]HHHHHHHHHHHHHHHHHHHHHHHHHHHHHHHHHHHHHH...
I (313955) ex02: conn #23 msg 15: echo 1024 bytes "[007:0014]HHHHHHHHHHHHHHHHHHHHHHHHHHHHHHHHHHHHHH...
I (313955) ex02: conn #23 msg 16: echo 1024 bytes "[007:0015]HHHHHHHHHHHHHHHHHHHHHHHHHHHHHHHHHHHHHH...
I (313955) ex02: conn #23 msg 17: echo 1024 bytes "[007:0016]HHHHHHHHHHHHHHHHHHHHHHHHHHHHHHHHHHHHHH...
I (313965) ex02: conn #23 msg 18: echo 1024 bytes "[007:0017]HHHHHHHHHHHHHHHHHHHHHHHHHHHHHHHHHHHHHH...
I (313965) ex02: conn #23 msg 19: echo 1024 bytes "[007:0018]HHHHHHHHHHHHHHHHHHHHHHHHHHHHHHHHHHHHHH...
I (313965) ex02: conn #23 msg 20: echo 1024 bytes "[007:0019]HHHHHHHHHHHHHHHHHHHHHHHHHHHHHHHHHHHHHH...
I (313965) ex02: conn #23 msg 21: echo 1024 bytes "[007:0020]HHHHHHHHHHHHHHHHHHHHHHHHHHHHHHHHHHHHHH...
I (313965) ex02: conn #23 msg 22: echo 1024 bytes "[007:0021]HHHHHHHHHHHHHHHHHHHHHHHHHHHHHHHHHHHHHH...
I (313965) ex02: conn #23 msg 23: echo 1024 bytes "[007:0022]HHHHHHHHHHHHHHHHHHHHHHHHHHHHHHHHHHHHHH...
I (313965) ex02: conn #23 msg 24: echo 1024 bytes "[007:0023]HHHHHHHHHHHHHHHHHHHHHHHHHHHHHHHHHHHHHH...
I (313965) ex02: conn #23 msg 25: echo 1024 bytes "[007:0024]HHHHHHHHHHHHHHHHHHHHHHHHHHHHHHHHHHHHHH...
I (313965) ex02: conn #23 msg 26: echo 1024 bytes "[007:0025]HHHHHHHHHHHHHHHHHHHHHHHHHHHHHHHHHHHHHH...
I (313965) ex02: conn #23 msg 27: echo 1024 bytes "[007:0026]HHHHHHHHHHHHHHHHHHHHHHHHHHHHHHHHHHHHHH...
I (313965) ex02: conn #23 msg 28: echo 1024 bytes "[007:0027]HHHHHHHHHHHHHHHHHHHHHHHHHHHHHHHHHHHHHH...
I (313965) ex02: conn #23 msg 29: echo 1024 bytes "[007:0028]HHHHHHHHHHHHHHHHHHHHHHHHHHHHHHHHHHHHHH...
I (313965) ex02: conn #23 msg 30: echo 1024 bytes "[007:0029]HHHHHHHHHHHHHHHHHHHHHHHHHHHHHHHHHHHHHH...
I (313965) ex02: conn #23 peer closed (FIN) after 30 msgs, 30720 bytes
I (313965) ex02: conn #23 10.0.2.2:41990 CLOSED srv=18ms (30720 bytes echoed)
$$$ EX02CLOSE conn=23 bytes=30720
I (313965) ex02: conn #24 ACCEPT from 10.0.2.2:42010 (active=1)
$$$ EX02CONN idx=24
I (313965) ex02: conn #24 msg 1: echo 1024 bytes "[006:0000]GGGGGGGGGGGGGGGGGGGGGGGGGGGGGGGGGGGGGG...
I (313965) ex02: conn #24 msg 2: echo 1024 bytes "[006:0001]GGGGGGGGGGGGGGGGGGGGGGGGGGGGGGGGGGGGGG...
I (313975) ex02: conn #24 msg 3: echo 1024 bytes "[006:0002]GGGGGGGGGGGGGGGGGGGGGGGGGGGGGGGGGGGGGG...
I (313975) ex02: conn #24 msg 4: echo 1024 bytes "[006:0003]GGGGGGGGGGGGGGGGGGGGGGGGGGGGGGGGGGGGGG...
I (313975) ex02: conn #24 msg 5: echo 1024 bytes "[006:0004]GGGGGGGGGGGGGGGGGGGGGGGGGGGGGGGGGGGGGG...
I (313975) ex02: conn #24 msg 6: echo 1024 bytes "[006:0005]GGGGGGGGGGGGGGGGGGGGGGGGGGGGGGGGGGGGGG...
I (313975) ex02: conn #24 msg 7: echo 1024 bytes "[006:0006]GGGGGGGGGGGGGGGGGGGGGGGGGGGGGGGGGGGGGG...
I (313975) ex02: conn #24 msg 8: echo 1024 bytes "[006:0007]GGGGGGGGGGGGGGGGGGGGGGGGGGGGGGGGGGGGGG...
I (313975) ex02: conn #24 msg 9: echo 1024 bytes "[006:0008]GGGGGGGGGGGGGGGGGGGGGGGGGGGGGGGGGGGGGG...
I (313975) ex02: conn #24 msg 10: echo 1024 bytes "[006:0009]GGGGGGGGGGGGGGGGGGGGGGGGGGGGGGGGGGGGGG...
I (313975) ex02: conn #24 msg 11: echo 1024 bytes "[006:0010]GGGGGGGGGGGGGGGGGGGGGGGGGGGGGGGGGGGGGG...
I (313975) ex02: conn #24 msg 12: echo 1024 bytes "[006:0011]GGGGGGGGGGGGGGGGGGGGGGGGGGGGGGGGGGGGGG...
I (313975) ex02: conn #24 msg 13: echo 1024 bytes "[006:0012]GGGGGGGGGGGGGGGGGGGGGGGGGGGGGGGGGGGGGG...
I (313975) ex02: conn #24 msg 14: echo 1024 bytes "[006:0013]GGGGGGGGGGGGGGGGGGGGGGGGGGGGGGGGGGGGGG...
I (313975) ex02: conn #24 msg 15: echo 1024 bytes "[006:0014]GGGGGGGGGGGGGGGGGGGGGGGGGGGGGGGGGGGGGG...
I (313975) ex02: conn #24 msg 16: echo 1024 bytes "[006:0015]GGGGGGGGGGGGGGGGGGGGGGGGGGGGGGGGGGGGGG...
I (313975) ex02: conn #24 msg 17: echo 1024 bytes "[006:0016]GGGGGGGGGGGGGGGGGGGGGGGGGGGGGGGGGGGGGG...
I (313975) ex02: conn #24 msg 18: echo 1024 bytes "[006:0017]GGGGGGGGGGGGGGGGGGGGGGGGGGGGGGGGGGGGGG...
I (313975) ex02: conn #24 msg 19: echo 1024 bytes "[006:0018]GGGGGGGGGGGGGGGGGGGGGGGGGGGGGGGGGGGGGG...
I (313975) ex02: conn #24 msg 20: echo 1024 bytes "[006:0019]GGGGGGGGGGGGGGGGGGGGGGGGGGGGGGGGGGGGGG...
I (313975) ex02: conn #24 msg 21: echo 1024 bytes "[006:0020]GGGGGGGGGGGGGGGGGGGGGGGGGGGGGGGGGGGGGG...
I (313975) ex02: conn #24 msg 22: echo 1024 bytes "[006:0021]GGGGGGGGGGGGGGGGGGGGGGGGGGGGGGGGGGGGGG...
I (313975) ex02: conn #24 msg 23: echo 1024 bytes "[006:0022]GGGGGGGGGGGGGGGGGGGGGGGGGGGGGGGGGGGGGG...
I (313985) ex02: conn #24 msg 24: echo 1024 bytes "[006:0023]GGGGGGGGGGGGGGGGGGGGGGGGGGGGGGGGGGGGGG...
I (313985) ex02: conn #24 msg 25: echo 1024 bytes "[006:0024]GGGGGGGGGGGGGGGGGGGGGGGGGGGGGGGGGGGGGG...
I (313985) ex02: conn #24 msg 26: echo 1024 bytes "[006:0025]GGGGGGGGGGGGGGGGGGGGGGGGGGGGGGGGGGGGGG...
I (313985) ex02: conn #24 msg 27: echo 1024 bytes "[006:0026]GGGGGGGGGGGGGGGGGGGGGGGGGGGGGGGGGGGGGG...
I (313985) ex02: conn #24 msg 28: echo 1024 bytes "[006:0027]GGGGGGGGGGGGGGGGGGGGGGGGGGGGGGGGGGGGGG...
I (313985) ex02: conn #24 msg 29: echo 1024 bytes "[006:0028]GGGGGGGGGGGGGGGGGGGGGGGGGGGGGGGGGGGGGG...
I (313985) ex02: conn #24 msg 30: echo 1024 bytes "[006:0029]GGGGGGGGGGGGGGGGGGGGGGGGGGGGGGGGGGGGGG...
I (313985) ex02: conn #24 peer closed (FIN) after 30 msgs, 30720 bytes
I (313985) ex02: conn #24 10.0.2.2:42010 CLOSED srv=15ms (30720 bytes echoed)
$$$ EX02CLOSE conn=24 bytes=30720
I (313985) ex02: conn #25 ACCEPT from 10.0.2.2:42022 (active=1)
$$$ EX02CONN idx=25
I (313985) ex02: conn #25 msg 1: echo 1024 bytes "[003:0000]DDDDDDDDDDDDDDDDDDDDDDDDDDDDDDDDDDDDDD...
I (313985) ex02: conn #25 msg 2: echo 1024 bytes "[003:0001]DDDDDDDDDDDDDDDDDDDDDDDDDDDDDDDDDDDDDD...
I (313985) ex02: conn #25 msg 3: echo 1024 bytes "[003:0002]DDDDDDDDDDDDDDDDDDDDDDDDDDDDDDDDDDDDDD...
I (313985) ex02: conn #25 msg 4: echo 1024 bytes "[003:0003]DDDDDDDDDDDDDDDDDDDDDDDDDDDDDDDDDDDDDD...
I (313985) ex02: conn #25 msg 5: echo 1024 bytes "[003:0004]DDDDDDDDDDDDDDDDDDDDDDDDDDDDDDDDDDDDDD...
I (313985) ex02: conn #25 msg 6: echo 1024 bytes "[003:0005]DDDDDDDDDDDDDDDDDDDDDDDDDDDDDDDDDDDDDD...
I (313985) ex02: conn #25 msg 7: echo 1024 bytes "[003:0006]DDDDDDDDDDDDDDDDDDDDDDDDDDDDDDDDDDDDDD...
I (313985) ex02: conn #25 msg 8: echo 1024 bytes "[003:0007]DDDDDDDDDDDDDDDDDDDDDDDDDDDDDDDDDDDDDD...
I (313985) ex02: conn #25 msg 9: echo 1024 bytes "[003:0008]DDDDDDDDDDDDDDDDDDDDDDDDDDDDDDDDDDDDDD...
I (313985) ex02: conn #25 msg 10: echo 1024 bytes "[003:0009]DDDDDDDDDDDDDDDDDDDDDDDDDDDDDDDDDDDDDD...
I (313985) ex02: conn #25 msg 11: echo 1024 bytes "[003:0010]DDDDDDDDDDDDDDDDDDDDDDDDDDDDDDDDDDDDDD...
I (313985) ex02: conn #25 msg 12: echo 1024 bytes "[003:0011]DDDDDDDDDDDDDDDDDDDDDDDDDDDDDDDDDDDDDD...
I (313995) ex02: conn #25 msg 13: echo 1024 bytes "[003:0012]DDDDDDDDDDDDDDDDDDDDDDDDDDDDDDDDDDDDDD...
I (313995) ex02: conn #25 msg 14: echo 1024 bytes "[003:0013]DDDDDDDDDDDDDDDDDDDDDDDDDDDDDDDDDDDDDD...
I (313995) ex02: conn #25 msg 15: echo 1024 bytes "[003:0014]DDDDDDDDDDDDDDDDDDDDDDDDDDDDDDDDDDDDDD...
I (313995) ex02: conn #25 msg 16: echo 1024 bytes "[003:0015]DDDDDDDDDDDDDDDDDDDDDDDDDDDDDDDDDDDDDD...
I (313995) ex02: conn #25 msg 17: echo 1024 bytes "[003:0016]DDDDDDDDDDDDDDDDDDDDDDDDDDDDDDDDDDDDDD...
I (313995) ex02: conn #25 msg 18: echo 1024 bytes "[003:0017]DDDDDDDDDDDDDDDDDDDDDDDDDDDDDDDDDDDDDD...
I (313995) ex02: conn #25 msg 19: echo 1024 bytes "[003:0018]DDDDDDDDDDDDDDDDDDDDDDDDDDDDDDDDDDDDDD...
I (313995) ex02: conn #25 msg 20: echo 1024 bytes "[003:0019]DDDDDDDDDDDDDDDDDDDDDDDDDDDDDDDDDDDDDD...
I (313995) ex02: conn #25 msg 21: echo 1024 bytes "[003:0020]DDDDDDDDDDDDDDDDDDDDDDDDDDDDDDDDDDDDDD...
I (313995) ex02: conn #25 msg 22: echo 1024 bytes "[003:0021]DDDDDDDDDDDDDDDDDDDDDDDDDDDDDDDDDDDDDD...
I (313995) ex02: conn #25 msg 23: echo 1024 bytes "[003:0022]DDDDDDDDDDDDDDDDDDDDDDDDDDDDDDDDDDDDDD...
I (313995) ex02: conn #25 msg 24: echo 1024 bytes "[003:0023]DDDDDDDDDDDDDDDDDDDDDDDDDDDDDDDDDDDDDD...
I (313995) ex02: conn #25 msg 25: echo 1024 bytes "[003:0024]DDDDDDDDDDDDDDDDDDDDDDDDDDDDDDDDDDDDDD...
I (313995) ex02: conn #25 msg 26: echo 1024 bytes "[003:0025]DDDDDDDDDDDDDDDDDDDDDDDDDDDDDDDDDDDDDD...
I (313995) ex02: conn #25 msg 27: echo 1024 bytes "[003:0026]DDDDDDDDDDDDDDDDDDDDDDDDDDDDDDDDDDDDDD...
I (313995) ex02: conn #25 msg 28: echo 1024 bytes "[003:0027]DDDDDDDDDDDDDDDDDDDDDDDDDDDDDDDDDDDDDD...
I (313995) ex02: conn #25 msg 29: echo 1024 bytes "[003:0028]DDDDDDDDDDDDDDDDDDDDDDDDDDDDDDDDDDDDDD...
I (313995) ex02: conn #25 msg 30: echo 1024 bytes "[003:0029]DDDDDDDDDDDDDDDDDDDDDDDDDDDDDDDDDDDDDD...
I (313995) ex02: conn #25 peer closed (FIN) after 30 msgs, 30720 bytes
I (313995) ex02: conn #25 10.0.2.2:42022 CLOSED srv=14ms (30720 bytes echoed)
$$$ EX02CLOSE conn=25 bytes=30720
I (314005) ex02: conn #26 ACCEPT from 10.0.2.2:42042 (active=1)
$$$ EX02CONN idx=26
I (314005) ex02: conn #26 msg 1: echo 1024 bytes "[005:0000]FFFFFFFFFFFFFFFFFFFFFFFFFFFFFFFFFFFFFF...
I (314005) ex02: conn #26 msg 2: echo 1024 bytes "[005:0001]FFFFFFFFFFFFFFFFFFFFFFFFFFFFFFFFFFFFFF...
I (314005) ex02: conn #26 msg 3: echo 1024 bytes "[005:0002]FFFFFFFFFFFFFFFFFFFFFFFFFFFFFFFFFFFFFF...
I (314005) ex02: conn #26 msg 4: echo 1024 bytes "[005:0003]FFFFFFFFFFFFFFFFFFFFFFFFFFFFFFFFFFFFFF...
I (314005) ex02: conn #26 msg 5: echo 1024 bytes "[005:0004]FFFFFFFFFFFFFFFFFFFFFFFFFFFFFFFFFFFFFF...
I (314005) ex02: conn #26 msg 6: echo 1024 bytes "[005:0005]FFFFFFFFFFFFFFFFFFFFFFFFFFFFFFFFFFFFFF...
I (314005) ex02: conn #26 msg 7: echo 1024 bytes "[005:0006]FFFFFFFFFFFFFFFFFFFFFFFFFFFFFFFFFFFFFF...
I (314005) ex02: conn #26 msg 8: echo 1024 bytes "[005:0007]FFFFFFFFFFFFFFFFFFFFFFFFFFFFFFFFFFFFFF...
I (314005) ex02: conn #26 msg 9: echo 1024 bytes "[005:0008]FFFFFFFFFFFFFFFFFFFFFFFFFFFFFFFFFFFFFF...
I (314005) ex02: conn #26 msg 10: echo 1024 bytes "[005:0009]FFFFFFFFFFFFFFFFFFFFFFFFFFFFFFFFFFFFFF...
I (314005) ex02: conn #26 msg 11: echo 1024 bytes "[005:0010]FFFFFFFFFFFFFFFFFFFFFFFFFFFFFFFFFFFFFF...
I (314005) ex02: conn #26 msg 12: echo 1024 bytes "[005:0011]FFFFFFFFFFFFFFFFFFFFFFFFFFFFFFFFFFFFFF...
I (314005) ex02: conn #26 msg 13: echo 1024 bytes "[005:0012]FFFFFFFFFFFFFFFFFFFFFFFFFFFFFFFFFFFFFF...
I (314005) ex02: conn #26 msg 14: echo 1024 bytes "[005:0013]FFFFFFFFFFFFFFFFFFFFFFFFFFFFFFFFFFFFFF...
I (314005) ex02: conn #26 msg 15: echo 1024 bytes "[005:0014]FFFFFFFFFFFFFFFFFFFFFFFFFFFFFFFFFFFFFF...
I (314015) ex02: conn #26 msg 16: echo 1024 bytes "[005:0015]FFFFFFFFFFFFFFFFFFFFFFFFFFFFFFFFFFFFFF...
I (314015) ex02: conn #26 msg 17: echo 1024 bytes "[005:0016]FFFFFFFFFFFFFFFFFFFFFFFFFFFFFFFFFFFFFF...
I (314015) ex02: conn #26 msg 18: echo 1024 bytes "[005:0017]FFFFFFFFFFFFFFFFFFFFFFFFFFFFFFFFFFFFFF...
I (314015) ex02: conn #26 msg 19: echo 1024 bytes "[005:0018]FFFFFFFFFFFFFFFFFFFFFFFFFFFFFFFFFFFFFF...
I (314015) ex02: conn #26 msg 20: echo 1024 bytes "[005:0019]FFFFFFFFFFFFFFFFFFFFFFFFFFFFFFFFFFFFFF...
I (314015) ex02: conn #26 msg 21: echo 1024 bytes "[005:0020]FFFFFFFFFFFFFFFFFFFFFFFFFFFFFFFFFFFFFF...
I (314015) ex02: conn #26 msg 22: echo 1024 bytes "[005:0021]FFFFFFFFFFFFFFFFFFFFFFFFFFFFFFFFFFFFFF...
I (314015) ex02: conn #26 msg 23: echo 1024 bytes "[005:0022]FFFFFFFFFFFFFFFFFFFFFFFFFFFFFFFFFFFFFF...
I (314015) ex02: conn #26 msg 24: echo 1024 bytes "[005:0023]FFFFFFFFFFFFFFFFFFFFFFFFFFFFFFFFFFFFFF...
I (314015) ex02: conn #26 msg 25: echo 1024 bytes "[005:0024]FFFFFFFFFFFFFFFFFFFFFFFFFFFFFFFFFFFFFF...
I (314015) ex02: conn #26 msg 26: echo 1024 bytes "[005:0025]FFFFFFFFFFFFFFFFFFFFFFFFFFFFFFFFFFFFFF...
I (314015) ex02: conn #26 msg 27: echo 1024 bytes "[005:0026]FFFFFFFFFFFFFFFFFFFFFFFFFFFFFFFFFFFFFF...
I (314015) ex02: conn #26 msg 28: echo 1024 bytes "[005:0027]FFFFFFFFFFFFFFFFFFFFFFFFFFFFFFFFFFFFFF...
I (314015) ex02: conn #26 msg 29: echo 1024 bytes "[005:0028]FFFFFFFFFFFFFFFFFFFFFFFFFFFFFFFFFFFFFF...
I (314015) ex02: conn #26 msg 30: echo 1024 bytes "[005:0029]FFFFFFFFFFFFFFFFFFFFFFFFFFFFFFFFFFFFFF...
I (314015) ex02: conn #26 peer closed (FIN) after 30 msgs, 30720 bytes
I (314015) ex02: conn #26 10.0.2.2:42042 CLOSED srv=19ms (30720 bytes echoed)
$$$ EX02CLOSE conn=26 bytes=30720
I (314015) ex02: conn #27 ACCEPT from 10.0.2.2:42000 (active=1)
$$$ EX02CONN idx=27
I (314025) ex02: conn #27 msg 1: echo 1024 bytes "[001:0000]BBBBBBBBBBBBBBBBBBBBBBBBBBBBBBBBBBBBBB...
I (314025) ex02: conn #27 msg 2: echo 1024 bytes "[001:0001]BBBBBBBBBBBBBBBBBBBBBBBBBBBBBBBBBBBBBB...
I (314025) ex02: conn #27 msg 3: echo 1024 bytes "[001:0002]BBBBBBBBBBBBBBBBBBBBBBBBBBBBBBBBBBBBBB...
I (314025) ex02: conn #27 msg 4: echo 1024 bytes "[001:0003]BBBBBBBBBBBBBBBBBBBBBBBBBBBBBBBBBBBBBB...
I (314025) ex02: conn #27 msg 5: echo 1024 bytes "[001:0004]BBBBBBBBBBBBBBBBBBBBBBBBBBBBBBBBBBBBBB...
I (314025) ex02: conn #27 msg 6: echo 1024 bytes "[001:0005]BBBBBBBBBBBBBBBBBBBBBBBBBBBBBBBBBBBBBB...
I (314025) ex02: conn #27 msg 7: echo 1024 bytes "[001:0006]BBBBBBBBBBBBBBBBBBBBBBBBBBBBBBBBBBBBBB...
I (314025) ex02: conn #27 msg 8: echo 1024 bytes "[001:0007]BBBBBBBBBBBBBBBBBBBBBBBBBBBBBBBBBBBBBB...
I (314025) ex02: conn #27 msg 9: echo 1024 bytes "[001:0008]BBBBBBBBBBBBBBBBBBBBBBBBBBBBBBBBBBBBBB...
I (314025) ex02: conn #27 msg 10: echo 1024 bytes "[001:0009]BBBBBBBBBBBBBBBBBBBBBBBBBBBBBBBBBBBBBB...
I (314025) ex02: conn #27 msg 11: echo 1024 bytes "[001:0010]BBBBBBBBBBBBBBBBBBBBBBBBBBBBBBBBBBBBBB...
I (314025) ex02: conn #27 msg 12: echo 1024 bytes "[001:0011]BBBBBBBBBBBBBBBBBBBBBBBBBBBBBBBBBBBBBB...
I (314025) ex02: conn #27 msg 13: echo 1024 bytes "[001:0012]BBBBBBBBBBBBBBBBBBBBBBBBBBBBBBBBBBBBBB...
I (314035) ex02: conn #27 msg 14: echo 1024 bytes "[001:0013]BBBBBBBBBBBBBBBBBBBBBBBBBBBBBBBBBBBBBB...
I (314035) ex02: conn #27 msg 15: echo 1024 bytes "[001:0014]BBBBBBBBBBBBBBBBBBBBBBBBBBBBBBBBBBBBBB...
I (314035) ex02: conn #27 msg 16: echo 1024 bytes "[001:0015]BBBBBBBBBBBBBBBBBBBBBBBBBBBBBBBBBBBBBB...
I (314035) ex02: conn #27 msg 17: echo 1024 bytes "[001:0016]BBBBBBBBBBBBBBBBBBBBBBBBBBBBBBBBBBBBBB...
I (314035) ex02: conn #27 msg 18: echo 1024 bytes "[001:0017]BBBBBBBBBBBBBBBBBBBBBBBBBBBBBBBBBBBBBB...
I (314035) ex02: conn #27 msg 19: echo 1024 bytes "[001:0018]BBBBBBBBBBBBBBBBBBBBBBBBBBBBBBBBBBBBBB...
I (314035) ex02: conn #27 msg 20: echo 1024 bytes "[001:0019]BBBBBBBBBBBBBBBBBBBBBBBBBBBBBBBBBBBBBB...
I (314035) ex02: conn #27 msg 21: echo 1024 bytes "[001:0020]BBBBBBBBBBBBBBBBBBBBBBBBBBBBBBBBBBBBBB...
I (314035) ex02: conn #27 msg 22: echo 1024 bytes "[001:0021]BBBBBBBBBBBBBBBBBBBBBBBBBBBBBBBBBBBBBB...
I (314035) ex02: conn #27 msg 23: echo 1024 bytes "[001:0022]BBBBBBBBBBBBBBBBBBBBBBBBBBBBBBBBBBBBBB...
I (314035) ex02: conn #27 msg 24: echo 1024 bytes "[001:0023]BBBBBBBBBBBBBBBBBBBBBBBBBBBBBBBBBBBBBB...
I (314035) ex02: conn #27 msg 25: echo 1024 bytes "[001:0024]BBBBBBBBBBBBBBBBBBBBBBBBBBBBBBBBBBBBBB...
I (314035) ex02: conn #27 msg 26: echo 1024 bytes "[001:0025]BBBBBBBBBBBBBBBBBBBBBBBBBBBBBBBBBBBBBB...
I (314035) ex02: conn #27 msg 27: echo 1024 bytes "[001:0026]BBBBBBBBBBBBBBBBBBBBBBBBBBBBBBBBBBBBBB...
I (314035) ex02: conn #27 msg 28: echo 1024 bytes "[001:0027]BBBBBBBBBBBBBBBBBBBBBBBBBBBBBBBBBBBBBB...
I (314035) ex02: conn #27 msg 29: echo 1024 bytes "[001:0028]BBBBBBBBBBBBBBBBBBBBBBBBBBBBBBBBBBBBBB...
I (314035) ex02: conn #27 msg 30: echo 1024 bytes "[001:0029]BBBBBBBBBBBBBBBBBBBBBBBBBBBBBBBBBBBBBB...
I (314035) ex02: conn #27 peer closed (FIN) after 30 msgs, 30720 bytes
I (314035) ex02: conn #27 10.0.2.2:42000 CLOSED srv=19ms (30720 bytes echoed)
$$$ EX02CLOSE conn=27 bytes=30720
I (314045) ex02: conn #28 ACCEPT from 10.0.2.2:41982 (active=1)
$$$ EX02CONN idx=28
I (314045) ex02: conn #28 msg 1: echo 1024 bytes "[000:0000]AAAAAAAAAAAAAAAAAAAAAAAAAAAAAAAAAAAAAA...
I (314045) ex02: conn #28 msg 2: echo 1024 bytes "[000:0001]AAAAAAAAAAAAAAAAAAAAAAAAAAAAAAAAAAAAAA...
I (314045) ex02: conn #28 msg 3: echo 1024 bytes "[000:0002]AAAAAAAAAAAAAAAAAAAAAAAAAAAAAAAAAAAAAA...
I (314045) ex02: conn #28 msg 4: echo 1024 bytes "[000:0003]AAAAAAAAAAAAAAAAAAAAAAAAAAAAAAAAAAAAAA...
I (314045) ex02: conn #28 msg 5: echo 1024 bytes "[000:0004]AAAAAAAAAAAAAAAAAAAAAAAAAAAAAAAAAAAAAA...
I (314045) ex02: conn #28 msg 6: echo 1024 bytes "[000:0005]AAAAAAAAAAAAAAAAAAAAAAAAAAAAAAAAAAAAAA...
I (314045) ex02: conn #28 msg 7: echo 1024 bytes "[000:0006]AAAAAAAAAAAAAAAAAAAAAAAAAAAAAAAAAAAAAA...
I (314045) ex02: conn #28 msg 8: echo 1024 bytes "[000:0007]AAAAAAAAAAAAAAAAAAAAAAAAAAAAAAAAAAAAAA...
I (314045) ex02: conn #28 msg 9: echo 1024 bytes "[000:0008]AAAAAAAAAAAAAAAAAAAAAAAAAAAAAAAAAAAAAA...
I (314045) ex02: conn #28 msg 10: echo 1024 bytes "[000:0009]AAAAAAAAAAAAAAAAAAAAAAAAAAAAAAAAAAAAAA...
I (314045) ex02: conn #28 msg 11: echo 1024 bytes "[000:0010]AAAAAAAAAAAAAAAAAAAAAAAAAAAAAAAAAAAAAA...
I (314045) ex02: conn #28 msg 12: echo 1024 bytes "[000:0011]AAAAAAAAAAAAAAAAAAAAAAAAAAAAAAAAAAAAAA...
I (314045) ex02: conn #28 msg 13: echo 1024 bytes "[000:0012]AAAAAAAAAAAAAAAAAAAAAAAAAAAAAAAAAAAAAA...
I (314045) ex02: conn #28 msg 14: echo 1024 bytes "[000:0013]AAAAAAAAAAAAAAAAAAAAAAAAAAAAAAAAAAAAAA...
I (314045) ex02: conn #28 msg 15: echo 1024 bytes "[000:0014]AAAAAAAAAAAAAAAAAAAAAAAAAAAAAAAAAAAAAA...
I (314055) ex02: conn #28 msg 16: echo 1024 bytes "[000:0015]AAAAAAAAAAAAAAAAAAAAAAAAAAAAAAAAAAAAAA...
I (314055) ex02: conn #28 msg 17: echo 1024 bytes "[000:0016]AAAAAAAAAAAAAAAAAAAAAAAAAAAAAAAAAAAAAA...
I (314055) ex02: conn #28 msg 18: echo 1024 bytes "[000:0017]AAAAAAAAAAAAAAAAAAAAAAAAAAAAAAAAAAAAAA...
I (314055) ex02: conn #28 msg 19: echo 1024 bytes "[000:0018]AAAAAAAAAAAAAAAAAAAAAAAAAAAAAAAAAAAAAA...
I (314055) ex02: conn #28 msg 20: echo 1024 bytes "[000:0019]AAAAAAAAAAAAAAAAAAAAAAAAAAAAAAAAAAAAAA...
I (314055) ex02: conn #28 msg 21: echo 1024 bytes "[000:0020]AAAAAAAAAAAAAAAAAAAAAAAAAAAAAAAAAAAAAA...
I (314055) ex02: conn #28 msg 22: echo 1024 bytes "[000:0021]AAAAAAAAAAAAAAAAAAAAAAAAAAAAAAAAAAAAAA...
I (314055) ex02: conn #28 msg 23: echo 1024 bytes "[000:0022]AAAAAAAAAAAAAAAAAAAAAAAAAAAAAAAAAAAAAA...
I (314055) ex02: conn #28 msg 24: echo 1024 bytes "[000:0023]AAAAAAAAAAAAAAAAAAAAAAAAAAAAAAAAAAAAAA...
I (314055) ex02: conn #28 msg 25: echo 1024 bytes "[000:0024]AAAAAAAAAAAAAAAAAAAAAAAAAAAAAAAAAAAAAA...
I (314055) ex02: conn #28 msg 26: echo 1024 bytes "[000:0025]AAAAAAAAAAAAAAAAAAAAAAAAAAAAAAAAAAAAAA...
I (314055) ex02: conn #28 msg 27: echo 1024 bytes "[000:0026]AAAAAAAAAAAAAAAAAAAAAAAAAAAAAAAAAAAAAA...
I (314055) ex02: conn #28 msg 28: echo 1024 bytes "[000:0027]AAAAAAAAAAAAAAAAAAAAAAAAAAAAAAAAAAAAAA...
I (314055) ex02: conn #28 msg 29: echo 1024 bytes "[000:0028]AAAAAAAAAAAAAAAAAAAAAAAAAAAAAAAAAAAAAA...
I (314055) ex02: conn #28 msg 30: echo 1024 bytes "[000:0029]AAAAAAAAAAAAAAAAAAAAAAAAAAAAAAAAAAAAAA...
I (314055) ex02: conn #28 peer closed (FIN) after 30 msgs, 30720 bytes
I (314055) ex02: conn #28 10.0.2.2:41982 CLOSED srv=18ms (30720 bytes echoed)
$$$ EX02CLOSE conn=28 bytes=30720
I (318435) ex02: conn #29 ACCEPT from 10.0.2.2:42034 (active=1)
$$$ EX02CONN idx=29
I (318435) ex02: conn #29 msg 1: echo 1024 bytes "[004:0000]EEEEEEEEEEEEEEEEEEEEEEEEEEEEEEEEEEEEEE...
I (318435) ex02: conn #29 msg 2: echo 1024 bytes "[004:0001]EEEEEEEEEEEEEEEEEEEEEEEEEEEEEEEEEEEEEE...
I (318435) ex02: conn #29 msg 3: echo 1024 bytes "[004:0002]EEEEEEEEEEEEEEEEEEEEEEEEEEEEEEEEEEEEEE...
I (318435) ex02: conn #29 msg 4: echo 1024 bytes "[004:0003]EEEEEEEEEEEEEEEEEEEEEEEEEEEEEEEEEEEEEE...
I (318435) ex02: conn #29 msg 5: echo 1024 bytes "[004:0004]EEEEEEEEEEEEEEEEEEEEEEEEEEEEEEEEEEEEEE...
I (318435) ex02: conn #29 msg 6: echo 1024 bytes "[004:0005]EEEEEEEEEEEEEEEEEEEEEEEEEEEEEEEEEEEEEE...
I (318435) ex02: conn #29 msg 7: echo 1024 bytes "[004:0006]EEEEEEEEEEEEEEEEEEEEEEEEEEEEEEEEEEEEEE...
I (318435) ex02: conn #29 msg 8: echo 1024 bytes "[004:0007]EEEEEEEEEEEEEEEEEEEEEEEEEEEEEEEEEEEEEE...
I (318435) ex02: conn #29 msg 9: echo 1024 bytes "[004:0008]EEEEEEEEEEEEEEEEEEEEEEEEEEEEEEEEEEEEEE...
I (318435) ex02: conn #29 msg 10: echo 1024 bytes "[004:0009]EEEEEEEEEEEEEEEEEEEEEEEEEEEEEEEEEEEEEE...
I (318435) ex02: conn #29 msg 11: echo 1024 bytes "[004:0010]EEEEEEEEEEEEEEEEEEEEEEEEEEEEEEEEEEEEEE...
I (318435) ex02: conn #29 msg 12: echo 1024 bytes "[004:0011]EEEEEEEEEEEEEEEEEEEEEEEEEEEEEEEEEEEEEE...
I (318435) ex02: conn #29 msg 13: echo 1024 bytes "[004:0012]EEEEEEEEEEEEEEEEEEEEEEEEEEEEEEEEEEEEEE...
I (318435) ex02: conn #29 msg 14: echo 1024 bytes "[004:0013]EEEEEEEEEEEEEEEEEEEEEEEEEEEEEEEEEEEEEE...
I (318445) ex02: conn #29 msg 15: echo 1024 bytes "[004:0014]EEEEEEEEEEEEEEEEEEEEEEEEEEEEEEEEEEEEEE...
I (318445) ex02: conn #29 msg 16: echo 1024 bytes "[004:0015]EEEEEEEEEEEEEEEEEEEEEEEEEEEEEEEEEEEEEE...
I (318445) ex02: conn #29 msg 17: echo 1024 bytes "[004:0016]EEEEEEEEEEEEEEEEEEEEEEEEEEEEEEEEEEEEEE...
I (318445) ex02: conn #29 msg 18: echo 1024 bytes "[004:0017]EEEEEEEEEEEEEEEEEEEEEEEEEEEEEEEEEEEEEE...
I (318445) ex02: conn #29 msg 19: echo 1024 bytes "[004:0018]EEEEEEEEEEEEEEEEEEEEEEEEEEEEEEEEEEEEEE...
I (318445) ex02: conn #29 msg 20: echo 1024 bytes "[004:0019]EEEEEEEEEEEEEEEEEEEEEEEEEEEEEEEEEEEEEE...
I (318445) ex02: conn #29 msg 21: echo 1024 bytes "[004:0020]EEEEEEEEEEEEEEEEEEEEEEEEEEEEEEEEEEEEEE...
I (318445) ex02: conn #29 msg 22: echo 1024 bytes "[004:0021]EEEEEEEEEEEEEEEEEEEEEEEEEEEEEEEEEEEEEE...
I (318445) ex02: conn #29 msg 23: echo 1024 bytes "[004:0022]EEEEEEEEEEEEEEEEEEEEEEEEEEEEEEEEEEEEEE...
I (318445) ex02: conn #29 msg 24: echo 1024 bytes "[004:0023]EEEEEEEEEEEEEEEEEEEEEEEEEEEEEEEEEEEEEE...
I (318445) ex02: conn #29 msg 25: echo 1024 bytes "[004:0024]EEEEEEEEEEEEEEEEEEEEEEEEEEEEEEEEEEEEEE...
I (318445) ex02: conn #29 msg 26: echo 1024 bytes "[004:0025]EEEEEEEEEEEEEEEEEEEEEEEEEEEEEEEEEEEEEE...
I (318445) ex02: conn #29 msg 27: echo 1024 bytes "[004:0026]EEEEEEEEEEEEEEEEEEEEEEEEEEEEEEEEEEEEEE...
I (318445) ex02: conn #29 msg 28: echo 1024 bytes "[004:0027]EEEEEEEEEEEEEEEEEEEEEEEEEEEEEEEEEEEEEE...
I (318445) ex02: conn #29 msg 29: echo 1024 bytes "[004:0028]EEEEEEEEEEEEEEEEEEEEEEEEEEEEEEEEEEEEEE...
I (318445) ex02: conn #29 msg 30: echo 1024 bytes "[004:0029]EEEEEEEEEEEEEEEEEEEEEEEEEEEEEEEEEEEEEE...
I (318445) ex02: conn #29 peer closed (FIN) after 30 msgs, 30720 bytes
I (318445) ex02: conn #29 10.0.2.2:42034 CLOSED srv=17ms (30720 bytes echoed)
$$$ EX02CLOSE conn=29 bytes=30720
$$$ EX02STATS active=0 total_accepted=29 bytes_echoed=449991 uptime_s=320
$$$ EX02STATS active=0 total_accepted=29 bytes_echoed=449991 uptime_s=330
qemu-system-xtensa: terminating on signal 15 from pid 3817976 (/usr/sbin/bash)
