listening on :8013 mode=msg conns=2
HOST-M conn#1 seq=0 t_rel= 0.000000s gust_tus=215375381
HOST-M conn#1 seq=1 t_rel= 0.000000s gust_tus=215375433
HOST-M conn#1 seq=2 t_rel= 0.029411s gust_tus=215405286
HOST-M conn#1 seq=3 t_rel= 0.029411s gust_tus=215405324
HOST-M conn#1 seq=4 t_rel= 0.059420s gust_tus=215435278
HOST-M conn#1 seq=5 t_rel= 0.059420s gust_tus=215435314
HOST-M conn#1 seq=6 t_rel= 0.089672s gust_tus=215465414
HOST-M conn#1 seq=7 t_rel= 0.089672s gust_tus=215465451
HOST-M conn#1 seq=8 t_rel= 0.119563s gust_tus=215495375
HOST-M conn#1 seq=9 t_rel= 0.119563s gust_tus=215495411
HOST-M conn#1 seq=10 t_rel= 0.149764s gust_tus=215525545
HOST-M conn#1 seq=11 t_rel= 0.149764s gust_tus=215525584
HOST-M conn#1 seq=12 t_rel= 0.179513s gust_tus=215555281
HOST-M conn#1 seq=13 t_rel= 0.179513s gust_tus=215555314
HOST-M conn#1 seq=14 t_rel= 0.209530s gust_tus=215585298
HOST-M conn#1 seq=15 t_rel= 0.209530s gust_tus=215585333
HOST-M conn#1 seq=16 t_rel= 0.239726s gust_tus=215615495
HOST-M conn#1 seq=17 t_rel= 0.239726s gust_tus=215615524
HOST-M conn#1 seq=18 t_rel= 0.269647s gust_tus=215645422
HOST-M conn#1 seq=19 t_rel= 0.269647s gust_tus=215645458
HOST-M conn#1 seq=20 t_rel= 0.299615s gust_tus=215675361
HOST-M conn#1 seq=21 t_rel= 0.299615s gust_tus=215675399
HOST-M conn#1 seq=22 t_rel= 0.329543s gust_tus=215705297
HOST-M conn#1 seq=23 t_rel= 0.329543s gust_tus=215705333
HOST-M conn#1 seq=24 t_rel= 0.359649s gust_tus=215735386
HOST-M conn#1 seq=25 t_rel= 0.359649s gust_tus=215735423
HOST-M conn#1 seq=26 t_rel= 0.389772s gust_tus=215765613
HOST-M conn#1 seq=27 t_rel= 0.389772s gust_tus=215765644
HOST-M conn#1 seq=28 t_rel= 0.420002s gust_tus=215795607
HOST-M conn#1 seq=29 t_rel= 0.420002s gust_tus=215795646
HOST-M conn#1 seq=30 t_rel= 0.449568s gust_tus=215825358
HOST-M conn#1 seq=31 t_rel= 0.449568s gust_tus=215825396
HOST-M conn#1 seq=32 t_rel= 0.479791s gust_tus=215855550
HOST-M conn#1 seq=33 t_rel= 0.479791s gust_tus=215855587
HOST-M conn#1 seq=34 t_rel= 0.509768s gust_tus=215885305
HOST-M conn#1 seq=35 t_rel= 0.509768s gust_tus=215885385
HOST-M conn#1 seq=36 t_rel= 0.539652s gust_tus=215915376
HOST-M conn#1 seq=37 t_rel= 0.539652s gust_tus=215915411
HOST-M conn#1 seq=38 t_rel= 0.569732s gust_tus=215945514
HOST-M conn#1 seq=39 t_rel= 0.569732s gust_tus=215945549
HOST-M conn#1 seq=40 t_rel= 0.599626s gust_tus=215975352
HOST-M conn#1 seq=41 t_rel= 0.599626s gust_tus=215975387
HOST-M conn#1 seq=42 t_rel= 0.629843s gust_tus=216005454
HOST-M conn#1 seq=43 t_rel= 0.629843s gust_tus=216005497
HOST-M conn#1 seq=44 t_rel= 0.659681s gust_tus=216035387
HOST-M conn#1 seq=45 t_rel= 0.659681s gust_tus=216035415
HOST-M conn#1 seq=46 t_rel= 0.689584s gust_tus=216065344
HOST-M conn#1 seq=47 t_rel= 0.689584s gust_tus=216065379
HOST-M conn#1 seq=48 t_rel= 0.719545s gust_tus=216095276
HOST-M conn#1 seq=49 t_rel= 0.719545s gust_tus=216095314
HOST-M conn#1 seq=50 t_rel= 0.749680s gust_tus=216125433
HOST-M conn#1 seq=51 t_rel= 0.749680s gust_tus=216125463
HOST-M conn#1 seq=52 t_rel= 0.779602s gust_tus=216155347
HOST-M conn#1 seq=53 t_rel= 0.779602s gust_tus=216155387
HOST-M conn#1 seq=54 t_rel= 0.809475s gust_tus=216185185
HOST-M conn#1 seq=55 t_rel= 0.809475s gust_tus=216185221
HOST-M conn#1 seq=56 t_rel= 0.839595s gust_tus=216215416
HOST-M conn#1 seq=57 t_rel= 0.839595s gust_tus=216215452
HOST-M conn#1 seq=58 t_rel= 0.869710s gust_tus=216245394
HOST-M conn#1 seq=59 t_rel= 0.869710s gust_tus=216245433
HOST-M conn#1 seq=60 t_rel= 0.899587s gust_tus=216275330
HOST-M conn#1 seq=61 t_rel= 0.899587s gust_tus=216275367
HOST-M conn#1 seq=62 t_rel= 0.929778s gust_tus=216305371
HOST-M conn#1 seq=63 t_rel= 0.929778s gust_tus=216305428
HOST-M conn#1 seq=64 t_rel= 0.959613s gust_tus=216335347
HOST-M conn#1 seq=65 t_rel= 0.959613s gust_tus=216335384
HOST-M conn#1 seq=66 t_rel= 0.989910s gust_tus=216365737
HOST-M conn#1 seq=67 t_rel= 0.989910s gust_tus=216365763
HOST-M conn#1 seq=68 t_rel= 1.019630s gust_tus=216395330
HOST-M conn#1 seq=69 t_rel= 1.019630s gust_tus=216395369
HOST-M conn#1 seq=70 t_rel= 1.049755s gust_tus=216425452
HOST-M conn#1 seq=71 t_rel= 1.049755s gust_tus=216425492
HOST-M conn#1 seq=72 t_rel= 1.079656s gust_tus=216455382
HOST-M conn#1 seq=73 t_rel= 1.079656s gust_tus=216455420
HOST-M conn#1 seq=74 t_rel= 1.109526s gust_tus=216485372
HOST-M conn#1 seq=75 t_rel= 1.109526s gust_tus=216485410
HOST-M conn#1 seq=76 t_rel= 1.139627s gust_tus=216515361
HOST-M conn#1 seq=77 t_rel= 1.139627s gust_tus=216515398
HOST-M conn#1 seq=78 t_rel= 1.169629s gust_tus=216545358
HOST-M conn#1 seq=79 t_rel= 1.169629s gust_tus=216545396
HOST-M conn#1 seq=80 t_rel= 1.199584s gust_tus=216575335
HOST-M conn#1 seq=81 t_rel= 1.199584s gust_tus=216575371
HOST-M conn#1 seq=82 t_rel= 1.229625s gust_tus=216605369
HOST-M conn#1 seq=83 t_rel= 1.229625s gust_tus=216605407
HOST-M conn#1 seq=84 t_rel= 1.259520s gust_tus=216635274
HOST-M conn#1 seq=85 t_rel= 1.259520s gust_tus=216635312
HOST-M conn#1 seq=86 t_rel= 1.289524s gust_tus=216665163
HOST-M conn#1 seq=87 t_rel= 1.289524s gust_tus=216665199
HOST-M conn#1 seq=88 t_rel= 1.319535s gust_tus=216695282
HOST-M conn#1 seq=89 t_rel= 1.319535s gust_tus=216695317
HOST-M conn#1 seq=90 t_rel= 1.349963s gust_tus=216725700
HOST-M conn#1 seq=91 t_rel= 1.349963s gust_tus=216725820
HOST-M conn#1 seq=92 t_rel= 1.379527s gust_tus=216755284
HOST-M conn#1 seq=93 t_rel= 1.379527s gust_tus=216755335
HOST-M conn#1 seq=94 t_rel= 1.409406s gust_tus=216785226
HOST-M conn#1 seq=95 t_rel= 1.409406s gust_tus=216785274
HOST-M conn#1 seq=96 t_rel= 1.439608s gust_tus=216815349
HOST-M conn#1 seq=97 t_rel= 1.439608s gust_tus=216815400
HOST-M conn#1 seq=98 t_rel= 1.469939s gust_tus=216845680
HOST-M conn#1 seq=99 t_rel= 1.469939s gust_tus=216845732
HOST-SUMMARY conn#1 msgs=100 pairs=50
HOST-SEP   conn#1 intra-pair separation(us): med=0.000us p95=0.000us max=0.000us min=0.000us
HOST-GAP   conn#1 inter-pair arrival gap(ms): med=30.002ms p95=30.331ms max=30.428ms min=29.411ms
HOST-M conn#2 seq=0 t_rel= 0.000000s gust_tus=220355243
HOST-M conn#2 seq=1 t_rel= 0.000000s gust_tus=220355322
HOST-M conn#2 seq=2 t_rel= 0.030504s gust_tus=220385453
HOST-M conn#2 seq=3 t_rel= 0.030504s gust_tus=220385497
HOST-M conn#2 seq=4 t_rel= 0.059948s gust_tus=220415254
HOST-M conn#2 seq=5 t_rel= 0.059948s gust_tus=220415288
HOST-M conn#2 seq=6 t_rel= 0.089883s gust_tus=220445251
HOST-M conn#2 seq=7 t_rel= 0.089883s gust_tus=220445287
HOST-M conn#2 seq=8 t_rel= 0.119970s gust_tus=220475257
HOST-M conn#2 seq=9 t_rel= 0.119970s gust_tus=220475294
HOST-M conn#2 seq=10 t_rel= 0.150120s gust_tus=220505373
HOST-M conn#2 seq=11 t_rel= 0.150120s gust_tus=220505408
HOST-M conn#2 seq=12 t_rel= 0.180072s gust_tus=220535420
HOST-M conn#2 seq=13 t_rel= 0.180072s gust_tus=220535458
HOST-M conn#2 seq=14 t_rel= 0.210019s gust_tus=220565299
HOST-M conn#2 seq=15 t_rel= 0.210019s gust_tus=220565335
HOST-M conn#2 seq=16 t_rel= 0.239959s gust_tus=220595244
HOST-M conn#2 seq=17 t_rel= 0.239959s gust_tus=220595280
HOST-M conn#2 seq=18 t_rel= 0.270011s gust_tus=220625311
HOST-M conn#2 seq=19 t_rel= 0.270011s gust_tus=220625344
HOST-M conn#2 seq=20 t_rel= 0.299854s gust_tus=220655226
HOST-M conn#2 seq=21 t_rel= 0.299854s gust_tus=220655262
HOST-M conn#2 seq=22 t_rel= 0.330248s gust_tus=220685510
HOST-M conn#2 seq=23 t_rel= 0.330248s gust_tus=220685546
HOST-M conn#2 seq=24 t_rel= 0.359856s gust_tus=220715217
HOST-M conn#2 seq=25 t_rel= 0.359856s gust_tus=220715253
HOST-M conn#2 seq=26 t_rel= 0.390279s gust_tus=220745576
HOST-M conn#2 seq=27 t_rel= 0.390279s gust_tus=220745602
HOST-M conn#2 seq=28 t_rel= 0.420010s gust_tus=220775314
HOST-M conn#2 seq=29 t_rel= 0.420010s gust_tus=220775366
HOST-M conn#2 seq=30 t_rel= 0.449994s gust_tus=220805266
HOST-M conn#2 seq=31 t_rel= 0.449994s gust_tus=220805315
HOST-M conn#2 seq=32 t_rel= 0.480343s gust_tus=220835600
HOST-M conn#2 seq=33 t_rel= 0.480343s gust_tus=220835652
HOST-M conn#2 seq=34 t_rel= 0.510216s gust_tus=220865512
HOST-M conn#2 seq=35 t_rel= 0.510216s gust_tus=220865549
HOST-M conn#2 seq=36 t_rel= 0.540033s gust_tus=220895286
HOST-M conn#2 seq=37 t_rel= 0.540033s gust_tus=220895337
HOST-M conn#2 seq=38 t_rel= 0.570007s gust_tus=220925349
HOST-M conn#2 seq=39 t_rel= 0.570007s gust_tus=220925401
HOST-M conn#2 seq=40 t_rel= 0.600133s gust_tus=220955374
HOST-M conn#2 seq=41 t_rel= 0.600133s gust_tus=220955423
HOST-M conn#2 seq=42 t_rel= 0.630042s gust_tus=220985278
HOST-M conn#2 seq=43 t_rel= 0.630042s gust_tus=220985330
HOST-M conn#2 seq=44 t_rel= 0.660081s gust_tus=221015323
HOST-M conn#2 seq=45 t_rel= 0.660081s gust_tus=221015375
HOST-M conn#2 seq=46 t_rel= 0.689959s gust_tus=221045254
HOST-M conn#2 seq=47 t_rel= 0.689959s gust_tus=221045299
HOST-M conn#2 seq=48 t_rel= 0.720024s gust_tus=221075270
HOST-M conn#2 seq=49 t_rel= 0.720024s gust_tus=221075322
HOST-M conn#2 seq=50 t_rel= 0.750073s gust_tus=221105322
HOST-M conn#2 seq=51 t_rel= 0.750073s gust_tus=221105375
HOST-M conn#2 seq=52 t_rel= 0.779945s gust_tus=221135240
HOST-M conn#2 seq=53 t_rel= 0.779945s gust_tus=221135283
HOST-M conn#2 seq=54 t_rel= 0.810119s gust_tus=221165399
HOST-M conn#2 seq=55 t_rel= 0.810119s gust_tus=221165468
HOST-M conn#2 seq=56 t_rel= 0.840004s gust_tus=221195255
HOST-M conn#2 seq=57 t_rel= 0.840004s gust_tus=221195307
HOST-M conn#2 seq=58 t_rel= 0.870000s gust_tus=221225249
HOST-M conn#2 seq=59 t_rel= 0.870000s gust_tus=221225302
HOST-M conn#2 seq=60 t_rel= 0.899952s gust_tus=221255231
HOST-M conn#2 seq=61 t_rel= 0.899952s gust_tus=221255282
HOST-M conn#2 seq=62 t_rel= 0.930011s gust_tus=221285284
HOST-M conn#2 seq=63 t_rel= 0.930011s gust_tus=221285331
HOST-M conn#2 seq=64 t_rel= 0.959951s gust_tus=221315231
HOST-M conn#2 seq=65 t_rel= 0.959951s gust_tus=221315280
HOST-M conn#2 seq=66 t_rel= 0.990250s gust_tus=221345539
HOST-M conn#2 seq=67 t_rel= 0.990250s gust_tus=221345576
HOST-M conn#2 seq=68 t_rel= 1.019869s gust_tus=221375140
HOST-M conn#2 seq=69 t_rel= 1.019869s gust_tus=221375175
HOST-M conn#2 seq=70 t_rel= 1.049997s gust_tus=221405280
HOST-M conn#2 seq=71 t_rel= 1.049997s gust_tus=221405332
HOST-M conn#2 seq=72 t_rel= 1.080165s gust_tus=221435368
HOST-M conn#2 seq=73 t_rel= 1.080165s gust_tus=221435421
HOST-M conn#2 seq=74 t_rel= 1.110025s gust_tus=221465292
HOST-M conn#2 seq=75 t_rel= 1.110025s gust_tus=221465343
HOST-M conn#2 seq=76 t_rel= 1.140255s gust_tus=221495506
HOST-M conn#2 seq=77 t_rel= 1.140255s gust_tus=221495559
HOST-M conn#2 seq=78 t_rel= 1.170343s gust_tus=221525535
HOST-M conn#2 seq=79 t_rel= 1.170343s gust_tus=221525586
HOST-M conn#2 seq=80 t_rel= 1.200018s gust_tus=221555280
HOST-M conn#2 seq=81 t_rel= 1.200018s gust_tus=221555332
HOST-M conn#2 seq=82 t_rel= 1.230058s gust_tus=221585263
HOST-M conn#2 seq=83 t_rel= 1.230058s gust_tus=221585320
HOST-M conn#2 seq=84 t_rel= 1.260111s gust_tus=221615365
HOST-M conn#2 seq=85 t_rel= 1.260111s gust_tus=221615403
HOST-M conn#2 seq=86 t_rel= 1.290151s gust_tus=221645327
HOST-M conn#2 seq=87 t_rel= 1.290151s gust_tus=221645380
HOST-M conn#2 seq=88 t_rel= 1.320063s gust_tus=221675286
HOST-M conn#2 seq=89 t_rel= 1.320063s gust_tus=221675340
HOST-M conn#2 seq=90 t_rel= 1.350418s gust_tus=221705417
HOST-M conn#2 seq=91 t_rel= 1.350418s gust_tus=221705471
HOST-M conn#2 seq=92 t_rel= 1.380044s gust_tus=221735274
HOST-M conn#2 seq=93 t_rel= 1.380044s gust_tus=221735330
HOST-M conn#2 seq=94 t_rel= 1.410095s gust_tus=221765305
HOST-M conn#2 seq=95 t_rel= 1.410095s gust_tus=221765359
HOST-M conn#2 seq=96 t_rel= 1.440132s gust_tus=221795331
HOST-M conn#2 seq=97 t_rel= 1.440132s gust_tus=221795384
HOST-M conn#2 seq=98 t_rel= 1.470113s gust_tus=221825324
HOST-M conn#2 seq=99 t_rel= 1.470113s gust_tus=221825379
HOST-SUMMARY conn#2 msgs=100 pairs=50
HOST-SEP   conn#2 intra-pair separation(us): med=0.000us p95=0.000us max=0.000us min=0.000us
HOST-GAP   conn#2 inter-pair arrival gap(ms): med=29.996ms p95=30.422ms max=30.504ms min=29.444ms
receiver exiting
