Adding SPI flash device
ets Jul 29 2019 12:21:46

rst:0x1 (POWERON_RESET),boot:0x12 (SPI_FAST_FLASH_BOOT)
configsip: 0, SPIWP:0xee
clk_drv:0x00,q_drv:0x00,d_drv:0x00,cs0_drv:0x00,hd_drv:0x00,wp_drv:0x00
mode:DIO, clock div:2
load:0x3fff0040,len:6272
load:0x40078000,len:15820
load:0x40080400,len:3920
entry 0x40080644
I (657) boot: ESP-IDF v6.0.2 2nd stage bootloader
I (658) boot: compile time Aug 27 2026 01:28:42
I (658) boot: Multicore bootloader
I (686) boot: chip revision: v0.0
I (687) boot.esp32: SPI Speed      : 40MHz
I (687) boot.esp32: SPI Mode       : DIO
I (687) boot.esp32: SPI Flash Size : 2MB
I (691) boot: Enabling RNG early entropy source...
I (698) boot: Partition Table:
I (698) boot: ## Label            Usage          Type ST Offset   Length
I (698) boot:  0 nvs              WiFi data        01 02 00009000 00006000
I (698) boot:  1 phy_init         RF data          01 01 0000f000 00001000
I (698) boot:  2 factory          factory app      00 00 00010000 00100000
I (701) boot: End of partition table
I (727) esp_image: segment 0: paddr=00010020 vaddr=3f400020 size=0e72ch ( 59180) map
I (742) esp_image: segment 1: paddr=0001e754 vaddr=3ffb0000 size=018c4h (  6340) load
I (751) esp_image: segment 2: paddr=00020020 vaddr=400d0020 size=27b08h (162568) map
I (773) esp_image: segment 3: paddr=00047b30 vaddr=3ffb18c4 size=01208h (  4616) load
I (783) esp_image: segment 4: paddr=00048d40 vaddr=40080000 size=0b0f4h ( 45300) load
I (798) esp_image: segment 5: paddr=00053e3c vaddr=50000000 size=00028h (    40) load
I (848) boot: Loaded app from partition at offset 0x10000
I (848) boot: Disabling RNG early entropy source...
I (859) cpu_start: Multicore app
I (1417) cpu_start: GPIO 3 and 1 are used as console UART I/O pins
I (1419) cpu_start: Pro cpu start user code
I (1419) cpu_start: cpu freq: 160000000 Hz
I (1419) app_init: Application information:
I (1419) app_init: Project name:     lwip_ch12_tcp_reliability
I (1420) app_init: App version:      924d871
I (1420) app_init: Compile time:     Aug 27 2026 02:00:58
I (1420) app_init: ELF file SHA256:  118cee8c0...
I (1420) app_init: ESP-IDF:          v6.0.2
I (1420) efuse_init: Min chip rev:     v0.0
I (1420) efuse_init: Max chip rev:     v3.99 
I (1420) efuse_init: Chip rev:         v0.0
I (1421) heap_init: Initializing. RAM available for dynamic allocation:
I (1421) heap_init: At 3FFAE6E0 len 00001920 (6 KiB): DRAM
I (1421) heap_init: At 3FFC40B0 len 0001BF50 (111 KiB): DRAM
I (1421) heap_init: At 3FFE0440 len 00003AE0 (14 KiB): D/IRAM
I (1422) heap_init: At 3FFE4350 len 0001BCB0 (111 KiB): D/IRAM
I (1422) heap_init: At 4008B0F4 len 00014F0C (83 KiB): IRAM
I (1447) spi_flash: detected chip: winbond
I (1450) spi_flash: flash io: dio
I (1458) main_task: Started on CPU0
I (1458) main_task: Calling app_main()
I (1458) ch12lab: == ch12 lab: openeth bring-up then reliability bench ==
I (1478) esp_eth.netif.netif_glue: 52:54:00:12:34:56
I (1478) esp_eth.netif.netif_glue: ethernet attached to netif
E (1578) esp_eth: esp_eth_ioctl(533): add mac address to filter not supported
E (1578) esp_eth.netif.netif_glue: eth_set_mac_filter(56): failed to add mac filter
E (1578) esp_netif_lwip: Failed to add multicast filter for IPv4
I (1578) ch12lab: waiting for DHCP lease ...
I (2578) ch12lab: GOT_IP: 10.0.2.15
I (2578) esp_netif_handlers: eth ip: 10.0.2.15, mask: 255.255.255.0, gw: 10.0.2.2
== ch12 lab: retransmission / sliding window / nagle / delayed ack ==
CH12-FACT TCP_MSS=1440 TCP_SND_BUF=5760 TCP_WND=5760 TCP_SND_QUEUELEN=16
CH12-FACT LWIP_TCP_RTO_TIME=1500 TCP_FAST_INTERVAL=250 TCP_SLOW_INTERVAL=500 TCP_MAXRTX=12 TCP_SYNMAXRTX=12 TCP_OOSEQ_TIMEOUT=6
CH12-TCPSTATS before tcpxmit=0 tcprecv=0 tcpdrop=0 lenerr=0
I (2578) main_task: Returned from app_main()
CH12-PHASE SWEEP start total=2097152
CH12-DROP t_ms=1372 total=1 len=1494
CH12-DROP t_ms=1373 total=2 len=1494
CH12-T t_ms=499 sb=1440 qlen=3 cwnd=6510 ssthresh=5070 rto=3 nrtx=0 dup=2 swnd=65535
CH12-T t_ms=998 sb=1440 qlen=3 cwnd=6510 ssthresh=5070 rto=3 nrtx=0 dup=2 swnd=65535
CH12-DROP t_ms=2606 total=3 len=1494
CH12-T t_ms=1498 sb=2144 qlen=3 cwnd=8640 ssthresh=3255 rto=3 nrtx=0 dup=2 swnd=65535
CH12-T t_ms=1999 sb=2144 qlen=3 cwnd=8640 ssthresh=3255 rto=3 nrtx=0 dup=2 swnd=65535
CH12-T t_ms=2498 sb=2144 qlen=3 cwnd=8640 ssthresh=3255 rto=3 nrtx=0 dup=2 swnd=65535
CH12-DROP t_ms=4105 total=4 len=1494
CH12-T t_ms=2998 sb=1440 qlen=3 cwnd=4320 ssthresh=4320 rto=3 nrtx=0 dup=2 swnd=65535
CH12-T t_ms=3498 sb=1440 qlen=3 cwnd=4320 ssthresh=4320 rto=3 nrtx=0 dup=2 swnd=65535
CH12-T t_ms=3998 sb=1440 qlen=3 cwnd=4320 ssthresh=4320 rto=3 nrtx=0 dup=2 swnd=65535
CH12-DROP t_ms=5605 total=5 len=1494
CH12-T t_ms=4498 sb=0 qlen=4 cwnd=2880 ssthresh=2880 rto=3 nrtx=0 dup=1 swnd=65535
CH12-T t_ms=4998 sb=0 qlen=4 cwnd=2880 ssthresh=2880 rto=3 nrtx=0 dup=1 swnd=65535
CH12-T t_ms=5498 sb=0 qlen=4 cwnd=2880 ssthresh=2880 rto=3 nrtx=0 dup=1 swnd=65535
CH12-DROP t_ms=7106 total=6 len=1494
CH12-DROP t_ms=7107 total=7 len=1494
CH12-T t_ms=5998 sb=1440 qlen=3 cwnd=5760 ssthresh=2880 rto=3 nrtx=0 dup=2 swnd=65535
CH12-T t_ms=6499 sb=1440 qlen=3 cwnd=5760 ssthresh=2880 rto=3 nrtx=0 dup=2 swnd=65535
CH12-T t_ms=6998 sb=1440 qlen=3 cwnd=5760 ssthresh=2880 rto=3 nrtx=0 dup=2 swnd=65535
CH12-DROP t_ms=8606 total=8 len=1494
CH12-T t_ms=7498 sb=1440 qlen=3 cwnd=5760 ssthresh=2880 rto=3 nrtx=0 dup=2 swnd=65535
CH12-T t_ms=7998 sb=1440 qlen=3 cwnd=5760 ssthresh=2880 rto=3 nrtx=0 dup=2 swnd=65535
CH12-T t_ms=8498 sb=1440 qlen=3 cwnd=5760 ssthresh=2880 rto=3 nrtx=0 dup=2 swnd=65535
CH12-DROP t_ms=10111 total=9 len=1494
CH12-T t_ms=8999 sb=1440 qlen=3 cwnd=10080 ssthresh=2880 rto=3 nrtx=0 dup=2 swnd=65535
CH12-T t_ms=9498 sb=1440 qlen=3 cwnd=10080 ssthresh=2880 rto=3 nrtx=0 dup=2 swnd=65535
CH12-T t_ms=9999 sb=1440 qlen=3 cwnd=10080 ssthresh=2880 rto=3 nrtx=0 dup=2 swnd=65535
CH12-DROP t_ms=11605 total=10 len=1494
CH12-T t_ms=10498 sb=1440 qlen=3 cwnd=1440 ssthresh=5040 rto=6 nrtx=1 dup=2 swnd=65535
CH12-RTOEV t_ms=10498 nrtx 0->1 rto_ticks=6 (~3000 ms)
CH12-T t_ms=10999 sb=1440 qlen=3 cwnd=1440 ssthresh=5040 rto=6 nrtx=1 dup=2 swnd=65535
CH12-T t_ms=11498 sb=1440 qlen=3 cwnd=1440 ssthresh=5040 rto=6 nrtx=1 dup=2 swnd=65535
CH12-T t_ms=11998 sb=1440 qlen=3 cwnd=1440 ssthresh=5040 rto=6 nrtx=1 dup=2 swnd=65535
CH12-T t_ms=12498 sb=1440 qlen=3 cwnd=1440 ssthresh=5040 rto=6 nrtx=1 dup=2 swnd=65535
CH12-T t_ms=12999 sb=1440 qlen=3 cwnd=1440 ssthresh=5040 rto=6 nrtx=1 dup=2 swnd=65535
CH12-DROP t_ms=14606 total=11 len=1494
CH12-T t_ms=13499 sb=0 qlen=4 cwnd=2880 ssthresh=2880 rto=3 nrtx=0 dup=1 swnd=65535
CH12-T t_ms=13998 sb=0 qlen=4 cwnd=2880 ssthresh=2880 rto=3 nrtx=0 dup=1 swnd=65535
CH12-T t_ms=14499 sb=0 qlen=4 cwnd=2880 ssthresh=2880 rto=3 nrtx=0 dup=1 swnd=65535
CH12-DROP t_ms=16106 total=12 len=1494
CH12-DROP t_ms=16109 total=13 len=790
CH12-T t_ms=14998 sb=2144 qlen=3 cwnd=9360 ssthresh=3600 rto=3 nrtx=0 dup=2 swnd=65535
CH12-T t_ms=15498 sb=2144 qlen=3 cwnd=9360 ssthresh=3600 rto=3 nrtx=0 dup=2 swnd=65535
CH12-T t_ms=15998 sb=2144 qlen=3 cwnd=9360 ssthresh=3600 rto=3 nrtx=0 dup=2 swnd=65535
CH12-DROP t_ms=17606 total=14 len=1494
CH12-DROP t_ms=17612 total=15 len=1494
CH12-DROP t_ms=17618 total=16 len=1494
CH12-T t_ms=16499 sb=2144 qlen=3 cwnd=9360 ssthresh=5040 rto=3 nrtx=0 dup=2 swnd=65535
CH12-T t_ms=16998 sb=2144 qlen=3 cwnd=9360 ssthresh=5040 rto=3 nrtx=0 dup=2 swnd=65535
CH12-T t_ms=17498 sb=2144 qlen=3 cwnd=9360 ssthresh=5040 rto=3 nrtx=0 dup=2 swnd=65535
CH12-DROP t_ms=19105 total=17 len=1494
CH12-T t_ms=17998 sb=1440 qlen=3 cwnd=5760 ssthresh=4680 rto=3 nrtx=0 dup=2 swnd=65535
CH12-T t_ms=18498 sb=1440 qlen=3 cwnd=5760 ssthresh=4680 rto=3 nrtx=0 dup=2 swnd=65535
CH12-T t_ms=18998 sb=1440 qlen=3 cwnd=5760 ssthresh=4680 rto=3 nrtx=0 dup=2 swnd=65535
CH12-DROP t_ms=20605 total=18 len=1494
CH12-T t_ms=19498 sb=1440 qlen=3 cwnd=4320 ssthresh=2880 rto=3 nrtx=0 dup=2 swnd=65535
CH12-T t_ms=19998 sb=1440 qlen=3 cwnd=4320 ssthresh=2880 rto=3 nrtx=0 dup=2 swnd=65535
CH12-T t_ms=20499 sb=1440 qlen=3 cwnd=4320 ssthresh=2880 rto=3 nrtx=0 dup=2 swnd=65535
CH12-DROP t_ms=22106 total=19 len=1494
CH12-DROP t_ms=22106 total=20 len=1494
CH12-DROP t_ms=22106 total=21 len=1494
CH12-T t_ms=20998 sb=0 qlen=4 cwnd=5760 ssthresh=2880 rto=3 nrtx=0 dup=1 swnd=65535
CH12-T t_ms=21498 sb=0 qlen=4 cwnd=5760 ssthresh=2880 rto=3 nrtx=0 dup=1 swnd=65535
CH12-T t_ms=21998 sb=0 qlen=4 cwnd=5760 ssthresh=2880 rto=3 nrtx=0 dup=1 swnd=65535
CH12-DROP t_ms=23605 total=22 len=1494
CH12-DROP t_ms=23607 total=23 len=1494
CH12-DROP t_ms=23607 total=24 len=1494
CH12-T t_ms=22498 sb=0 qlen=4 cwnd=8640 ssthresh=2880 rto=3 nrtx=0 dup=2 swnd=65535
CH12-T t_ms=22999 sb=0 qlen=4 cwnd=8640 ssthresh=2880 rto=3 nrtx=0 dup=2 swnd=65535
CH12-T t_ms=23498 sb=0 qlen=4 cwnd=8640 ssthresh=2880 rto=3 nrtx=0 dup=2 swnd=65535
CH12-DROP t_ms=25105 total=25 len=1494
CH12-T t_ms=23998 sb=704 qlen=4 cwnd=2880 ssthresh=4320 rto=3 nrtx=0 dup=1 swnd=65535
CH12-T t_ms=24498 sb=704 qlen=4 cwnd=2880 ssthresh=4320 rto=3 nrtx=0 dup=1 swnd=65535
CH12-T t_ms=24998 sb=704 qlen=4 cwnd=2880 ssthresh=4320 rto=3 nrtx=0 dup=1 swnd=65535
CH12-DROP t_ms=26605 total=26 len=1494
CH12-T t_ms=25498 sb=704 qlen=4 cwnd=2880 ssthresh=2880 rto=3 nrtx=0 dup=1 swnd=65535
CH12-T t_ms=25999 sb=704 qlen=4 cwnd=2880 ssthresh=2880 rto=3 nrtx=0 dup=1 swnd=65535
CH12-T t_ms=26499 sb=704 qlen=4 cwnd=2880 ssthresh=2880 rto=3 nrtx=0 dup=1 swnd=65535
CH12-DROP t_ms=28108 total=27 len=1494
CH12-DROP t_ms=28109 total=28 len=1494
CH12-T t_ms=26999 sb=1440 qlen=3 cwnd=6480 ssthresh=3600 rto=3 nrtx=0 dup=2 swnd=65535
CH12-T t_ms=27499 sb=1440 qlen=3 cwnd=6480 ssthresh=3600 rto=3 nrtx=0 dup=2 swnd=65535
CH12-T t_ms=27998 sb=1440 qlen=3 cwnd=6480 ssthresh=3600 rto=3 nrtx=0 dup=2 swnd=65535
CH12-DROP t_ms=29606 total=29 len=1494
CH12-DROP t_ms=29608 total=30 len=1494
CH12-T t_ms=28498 sb=1440 qlen=3 cwnd=10800 ssthresh=3600 rto=3 nrtx=0 dup=2 swnd=65535
CH12-T t_ms=28998 sb=1440 qlen=3 cwnd=10800 ssthresh=3600 rto=3 nrtx=0 dup=2 swnd=65535
CH12-T t_ms=29498 sb=1440 qlen=3 cwnd=10800 ssthresh=3600 rto=3 nrtx=0 dup=2 swnd=65535
CH12-DROP t_ms=31107 total=31 len=1494
CH12-DROP t_ms=31107 total=32 len=1494
CH12-DROP t_ms=31107 total=33 len=1494
CH12-T t_ms=29998 sb=0 qlen=4 cwnd=7920 ssthresh=5040 rto=3 nrtx=0 dup=2 swnd=65535
CH12-T t_ms=30498 sb=0 qlen=4 cwnd=7920 ssthresh=5040 rto=3 nrtx=0 dup=2 swnd=65535
CH12-T t_ms=30998 sb=0 qlen=4 cwnd=7920 ssthresh=5040 rto=3 nrtx=0 dup=2 swnd=65535
CH12-DROP t_ms=32606 total=34 len=1494
CH12-T t_ms=31499 sb=1440 qlen=3 cwnd=5760 ssthresh=3960 rto=3 nrtx=0 dup=2 swnd=65535
CH12-T t_ms=31998 sb=1440 qlen=3 cwnd=5760 ssthresh=3960 rto=3 nrtx=0 dup=2 swnd=65535
CH12-T t_ms=32498 sb=1440 qlen=3 cwnd=5760 ssthresh=3960 rto=3 nrtx=0 dup=2 swnd=65535
CH12-DROP t_ms=34106 total=35 len=1494
CH12-DROP t_ms=34107 total=36 len=1494
CH12-DROP t_ms=34108 total=37 len=1494
CH12-DROP t_ms=34108 total=38 len=1494
CH12-DROP t_ms=34108 total=39 len=1494
CH12-T t_ms=32998 sb=0 qlen=4 cwnd=6120 ssthresh=3240 rto=3 nrtx=0 dup=1 swnd=65535
CH12-T t_ms=33499 sb=0 qlen=4 cwnd=6120 ssthresh=3240 rto=3 nrtx=0 dup=1 swnd=65535
CH12-T t_ms=33998 sb=0 qlen=4 cwnd=6120 ssthresh=3240 rto=3 nrtx=0 dup=1 swnd=65535
CH12-DROP t_ms=35605 total=40 len=1494
CH12-T t_ms=34498 sb=0 qlen=4 cwnd=1440 ssthresh=3060 rto=6 nrtx=1 dup=1 swnd=65535
CH12-RTOEV t_ms=34498 nrtx 0->1 rto_ticks=6 (~3000 ms)
CH12-T t_ms=34999 sb=0 qlen=4 cwnd=1440 ssthresh=3060 rto=6 nrtx=1 dup=1 swnd=65535
CH12-T t_ms=35498 sb=0 qlen=4 cwnd=1440 ssthresh=3060 rto=6 nrtx=1 dup=1 swnd=65535
CH12-T t_ms=35998 sb=0 qlen=4 cwnd=1440 ssthresh=3060 rto=6 nrtx=1 dup=1 swnd=65535
CH12-T t_ms=36499 sb=0 qlen=4 cwnd=1440 ssthresh=3060 rto=6 nrtx=1 dup=1 swnd=65535
CH12-T t_ms=36998 sb=0 qlen=4 cwnd=1440 ssthresh=3060 rto=6 nrtx=1 dup=1 swnd=65535
CH12-DROP t_ms=38605 total=41 len=1494
CH12-T t_ms=37499 sb=0 qlen=4 cwnd=4320 ssthresh=2880 rto=3 nrtx=0 dup=2 swnd=65535
CH12-T t_ms=37998 sb=0 qlen=4 cwnd=4320 ssthresh=2880 rto=3 nrtx=0 dup=2 swnd=65535
CH12-T t_ms=38498 sb=0 qlen=4 cwnd=4320 ssthresh=2880 rto=3 nrtx=0 dup=2 swnd=65535
CH12-DROP t_ms=40105 total=42 len=1494
CH12-T t_ms=38999 sb=2144 qlen=3 cwnd=5760 ssthresh=2880 rto=3 nrtx=0 dup=2 swnd=65535
CH12-T t_ms=39499 sb=2144 qlen=3 cwnd=5760 ssthresh=2880 rto=3 nrtx=0 dup=2 swnd=65535
CH12-T t_ms=39999 sb=2144 qlen=3 cwnd=5760 ssthresh=2880 rto=3 nrtx=0 dup=2 swnd=65535
CH12-DROP t_ms=41607 total=43 len=1494
CH12-DROP t_ms=41608 total=44 len=1494
CH12-T t_ms=40499 sb=1440 qlen=3 cwnd=8640 ssthresh=4320 rto=3 nrtx=0 dup=2 swnd=65535
CH12-T t_ms=40999 sb=1440 qlen=3 cwnd=8640 ssthresh=4320 rto=3 nrtx=0 dup=2 swnd=65535
CH12-T t_ms=41498 sb=1440 qlen=3 cwnd=8640 ssthresh=4320 rto=3 nrtx=0 dup=2 swnd=65535
CH12-DROP t_ms=43105 total=45 len=1494
CH12-T t_ms=41998 sb=0 qlen=4 cwnd=2880 ssthresh=4320 rto=3 nrtx=0 dup=1 swnd=65535
CH12-T t_ms=42499 sb=0 qlen=4 cwnd=2880 ssthresh=4320 rto=3 nrtx=0 dup=1 swnd=65535
CH12-T t_ms=42999 sb=0 qlen=4 cwnd=2880 ssthresh=4320 rto=3 nrtx=0 dup=1 swnd=65535
CH12-DROP t_ms=44605 total=46 len=1494
CH12-T t_ms=43498 sb=1440 qlen=3 cwnd=2880 ssthresh=2880 rto=3 nrtx=0 dup=1 swnd=65535
CH12-T t_ms=43998 sb=1440 qlen=3 cwnd=2880 ssthresh=2880 rto=3 nrtx=0 dup=1 swnd=65535
CH12-T t_ms=44498 sb=1440 qlen=3 cwnd=2880 ssthresh=2880 rto=3 nrtx=0 dup=1 swnd=65535
CH12-DROP t_ms=46106 total=47 len=1494
CH12-T t_ms=44999 sb=1440 qlen=3 cwnd=7200 ssthresh=2880 rto=3 nrtx=0 dup=2 swnd=65535
CH12-T t_ms=45498 sb=1440 qlen=3 cwnd=7200 ssthresh=2880 rto=3 nrtx=0 dup=2 swnd=65535
CH12-T t_ms=45999 sb=1440 qlen=3 cwnd=7200 ssthresh=2880 rto=3 nrtx=0 dup=2 swnd=65535
CH12-DROP t_ms=47606 total=48 len=1494
CH12-DROP t_ms=47607 total=49 len=1494
CH12-DROP t_ms=47607 total=50 len=1494
CH12-T t_ms=46499 sb=1440 qlen=3 cwnd=6480 ssthresh=3600 rto=3 nrtx=0 dup=1 swnd=65535
CH12-T t_ms=46998 sb=1440 qlen=3 cwnd=6480 ssthresh=3600 rto=3 nrtx=0 dup=1 swnd=65535
CH12-T t_ms=47499 sb=1440 qlen=3 cwnd=6480 ssthresh=3600 rto=3 nrtx=0 dup=1 swnd=65535
CH12-DROP t_ms=49106 total=51 len=1494
CH12-T t_ms=47999 sb=1440 qlen=3 cwnd=7200 ssthresh=3240 rto=3 nrtx=0 dup=2 swnd=65535
CH12-T t_ms=48498 sb=1440 qlen=3 cwnd=7200 ssthresh=3240 rto=3 nrtx=0 dup=2 swnd=65535
CH12-T t_ms=48998 sb=1440 qlen=3 cwnd=7200 ssthresh=3240 rto=3 nrtx=0 dup=2 swnd=65535
CH12-DROP t_ms=50608 total=52 len=1494
CH12-T t_ms=49499 sb=1440 qlen=3 cwnd=11520 ssthresh=3600 rto=3 nrtx=0 dup=2 swnd=65535
CH12-T t_ms=49999 sb=1440 qlen=3 cwnd=11520 ssthresh=3600 rto=3 nrtx=0 dup=2 swnd=65535
CH12-T t_ms=50498 sb=1440 qlen=3 cwnd=11520 ssthresh=3600 rto=3 nrtx=0 dup=2 swnd=65535
CH12-DROP t_ms=52105 total=53 len=1494
CH12-DROP t_ms=52105 total=54 len=1494
CH12-T t_ms=50999 sb=1440 qlen=3 cwnd=4320 ssthresh=5760 rto=3 nrtx=0 dup=1 swnd=65535
CH12-T t_ms=51498 sb=1440 qlen=3 cwnd=4320 ssthresh=5760 rto=3 nrtx=0 dup=1 swnd=65535
CH12-T t_ms=51999 sb=1440 qlen=3 cwnd=4320 ssthresh=5760 rto=3 nrtx=0 dup=1 swnd=65535
CH12-DROP t_ms=53607 total=55 len=1494
CH12-DROP t_ms=53609 total=56 len=1494
CH12-T t_ms=52499 sb=0 qlen=4 cwnd=4320 ssthresh=2880 rto=3 nrtx=0 dup=2 swnd=65535
CH12-T t_ms=52998 sb=0 qlen=4 cwnd=4320 ssthresh=2880 rto=3 nrtx=0 dup=2 swnd=65535
CH12-T t_ms=53499 sb=0 qlen=4 cwnd=4320 ssthresh=2880 rto=3 nrtx=0 dup=2 swnd=65535
CH12-DROP t_ms=55107 total=57 len=1494
CH12-DROP t_ms=55107 total=58 len=1494
CH12-T t_ms=53998 sb=1440 qlen=3 cwnd=8640 ssthresh=2880 rto=3 nrtx=0 dup=1 swnd=65535
CH12-T t_ms=54499 sb=1440 qlen=3 cwnd=8640 ssthresh=2880 rto=3 nrtx=0 dup=1 swnd=65535
CH12-T t_ms=54999 sb=1440 qlen=3 cwnd=8640 ssthresh=2880 rto=3 nrtx=0 dup=1 swnd=65535
CH12-DROP t_ms=56606 total=59 len=1494
CH12-T t_ms=55499 sb=1440 qlen=3 cwnd=7200 ssthresh=4320 rto=3 nrtx=0 dup=2 swnd=65535
CH12-T t_ms=55999 sb=1440 qlen=3 cwnd=7200 ssthresh=4320 rto=3 nrtx=0 dup=2 swnd=65535
CH12-T t_ms=56498 sb=1440 qlen=3 cwnd=7200 ssthresh=4320 rto=3 nrtx=0 dup=2 swnd=65535
CH12-DROP t_ms=58108 total=60 len=1494
CH12-DROP t_ms=58109 total=61 len=1494
CH12-DROP t_ms=58109 total=62 len=1494
CH12-T t_ms=56998 sb=0 qlen=4 cwnd=4680 ssthresh=3240 rto=3 nrtx=0 dup=2 swnd=65535
CH12-T t_ms=57499 sb=0 qlen=4 cwnd=4680 ssthresh=3240 rto=3 nrtx=0 dup=2 swnd=65535
CH12-T t_ms=57999 sb=0 qlen=4 cwnd=4680 ssthresh=3240 rto=3 nrtx=0 dup=2 swnd=65535
CH12-DROP t_ms=59610 total=63 len=1494
CH12-T t_ms=58498 sb=1440 qlen=3 cwnd=10080 ssthresh=2880 rto=3 nrtx=0 dup=2 swnd=65535
CH12-T t_ms=58999 sb=1440 qlen=3 cwnd=10080 ssthresh=2880 rto=3 nrtx=0 dup=2 swnd=65535
CH12-T t_ms=59498 sb=1440 qlen=3 cwnd=10080 ssthresh=2880 rto=3 nrtx=0 dup=2 swnd=65535
CH12-DROP t_ms=61107 total=64 len=1494
CH12-DROP t_ms=61108 total=65 len=1494
CH12-T t_ms=59998 sb=1440 qlen=3 cwnd=5760 ssthresh=4320 rto=3 nrtx=0 dup=2 swnd=65535
CH12-T t_ms=60498 sb=1440 qlen=3 cwnd=5760 ssthresh=4320 rto=3 nrtx=0 dup=2 swnd=65535
CH12-T t_ms=60998 sb=1440 qlen=3 cwnd=5760 ssthresh=4320 rto=3 nrtx=0 dup=2 swnd=65535
CH12-DROP t_ms=62605 total=66 len=1494
CH12-T t_ms=61499 sb=1440 qlen=3 cwnd=2880 ssthresh=2880 rto=3 nrtx=0 dup=1 swnd=65535
CH12-T t_ms=61999 sb=1440 qlen=3 cwnd=2880 ssthresh=2880 rto=3 nrtx=0 dup=1 swnd=65535
CH12-T t_ms=62498 sb=1440 qlen=3 cwnd=2880 ssthresh=2880 rto=3 nrtx=0 dup=1 swnd=65535
CH12-DROP t_ms=64105 total=67 len=1494
CH12-T t_ms=62999 sb=0 qlen=4 cwnd=2880 ssthresh=2880 rto=3 nrtx=0 dup=1 swnd=65535
CH12-T t_ms=63499 sb=0 qlen=4 cwnd=2880 ssthresh=2880 rto=3 nrtx=0 dup=1 swnd=65535
CH12-T t_ms=63998 sb=0 qlen=4 cwnd=2880 ssthresh=2880 rto=3 nrtx=0 dup=1 swnd=65535
CH12-DROP t_ms=65606 total=68 len=1494
CH12-DROP t_ms=65606 total=69 len=1494
CH12-T t_ms=64498 sb=0 qlen=4 cwnd=5760 ssthresh=2880 rto=3 nrtx=0 dup=2 swnd=65535
CH12-T t_ms=64998 sb=0 qlen=4 cwnd=5760 ssthresh=2880 rto=3 nrtx=0 dup=2 swnd=65535
CH12-T t_ms=65498 sb=0 qlen=4 cwnd=5760 ssthresh=2880 rto=3 nrtx=0 dup=2 swnd=65535
CH12-DROP t_ms=67106 total=70 len=1494
CH12-DROP t_ms=67106 total=71 len=1494
CH12-T t_ms=65998 sb=0 qlen=4 cwnd=5760 ssthresh=2880 rto=3 nrtx=0 dup=2 swnd=65535
CH12-T t_ms=66499 sb=0 qlen=4 cwnd=5760 ssthresh=2880 rto=3 nrtx=0 dup=2 swnd=65535
CH12-T t_ms=66999 sb=0 qlen=4 cwnd=5760 ssthresh=2880 rto=3 nrtx=0 dup=2 swnd=65535
CH12-DROP t_ms=68605 total=72 len=1494
CH12-DROP t_ms=68605 total=73 len=1494
CH12-T t_ms=67498 sb=704 qlen=4 cwnd=5760 ssthresh=2880 rto=3 nrtx=0 dup=2 swnd=65535
CH12-T t_ms=67998 sb=704 qlen=4 cwnd=5760 ssthresh=2880 rto=3 nrtx=0 dup=2 swnd=65535
CH12-T t_ms=68499 sb=704 qlen=4 cwnd=5760 ssthresh=2880 rto=3 nrtx=0 dup=2 swnd=65535
CH12-DROP t_ms=70108 total=74 len=1494
CH12-DROP t_ms=70108 total=75 len=1494
CH12-T t_ms=68998 sb=0 qlen=4 cwnd=10080 ssthresh=2880 rto=3 nrtx=0 dup=2 swnd=65535
CH12-T t_ms=69498 sb=0 qlen=4 cwnd=10080 ssthresh=2880 rto=3 nrtx=0 dup=2 swnd=65535
CH12-T t_ms=69998 sb=0 qlen=4 cwnd=10080 ssthresh=2880 rto=3 nrtx=0 dup=2 swnd=65535
CH12-DROP t_ms=71606 total=76 len=1494
CH12-DROP t_ms=71607 total=77 len=1494
CH12-T t_ms=70498 sb=1440 qlen=3 cwnd=5760 ssthresh=4320 rto=3 nrtx=0 dup=2 swnd=65535
CH12-T t_ms=70998 sb=1440 qlen=3 cwnd=5760 ssthresh=4320 rto=3 nrtx=0 dup=2 swnd=65535
CH12-T t_ms=71499 sb=1440 qlen=3 cwnd=5760 ssthresh=4320 rto=3 nrtx=0 dup=2 swnd=65535
CH12-DROP t_ms=73105 total=78 len=1494
CH12-T t_ms=71998 sb=1440 qlen=3 cwnd=4320 ssthresh=2880 rto=3 nrtx=0 dup=2 swnd=65535
CH12-T t_ms=72498 sb=1440 qlen=3 cwnd=4320 ssthresh=2880 rto=3 nrtx=0 dup=2 swnd=65535
CH12-T t_ms=72998 sb=1440 qlen=3 cwnd=4320 ssthresh=2880 rto=3 nrtx=0 dup=2 swnd=65535
CH12-DROP t_ms=74605 total=79 len=1494
CH12-T t_ms=73499 sb=0 qlen=4 cwnd=4320 ssthresh=2880 rto=3 nrtx=0 dup=2 swnd=65535
CH12-T t_ms=73998 sb=0 qlen=4 cwnd=4320 ssthresh=2880 rto=3 nrtx=0 dup=2 swnd=65535
CH12-T t_ms=74498 sb=0 qlen=4 cwnd=4320 ssthresh=2880 rto=3 nrtx=0 dup=2 swnd=65535
CH12-DROP t_ms=76109 total=80 len=1494
CH12-DROP t_ms=76109 total=81 len=1494
CH12-T t_ms=74999 sb=0 qlen=4 cwnd=8640 ssthresh=2880 rto=3 nrtx=0 dup=2 swnd=65535
CH12-T t_ms=75498 sb=0 qlen=4 cwnd=8640 ssthresh=2880 rto=3 nrtx=0 dup=2 swnd=65535
CH12-T t_ms=75998 sb=0 qlen=4 cwnd=8640 ssthresh=2880 rto=3 nrtx=0 dup=2 swnd=65535
CH12-DROP t_ms=77606 total=82 len=1494
CH12-T t_ms=76498 sb=1440 qlen=3 cwnd=5760 ssthresh=4320 rto=3 nrtx=0 dup=2 swnd=65535
CH12-T t_ms=76998 sb=1440 qlen=3 cwnd=5760 ssthresh=4320 rto=3 nrtx=0 dup=2 swnd=65535
CH12-T t_ms=77498 sb=1440 qlen=3 cwnd=5760 ssthresh=4320 rto=3 nrtx=0 dup=2 swnd=65535
CH12-DROP t_ms=79106 total=83 len=1494
CH12-T t_ms=77998 sb=0 qlen=4 cwnd=4320 ssthresh=2880 rto=3 nrtx=0 dup=2 swnd=65535
CH12-T t_ms=78498 sb=0 qlen=4 cwnd=4320 ssthresh=2880 rto=3 nrtx=0 dup=2 swnd=65535
CH12-T t_ms=78999 sb=0 qlen=4 cwnd=4320 ssthresh=2880 rto=3 nrtx=0 dup=2 swnd=65535
CH12-DROP t_ms=80610 total=84 len=1494
CH12-DROP t_ms=80612 total=85 len=1494
CH12-T t_ms=79499 sb=1440 qlen=3 cwnd=5760 ssthresh=4320 rto=3 nrtx=0 dup=2 swnd=65535
CH12-T t_ms=79998 sb=1440 qlen=3 cwnd=5760 ssthresh=4320 rto=3 nrtx=0 dup=2 swnd=65535
CH12-T t_ms=80498 sb=1440 qlen=3 cwnd=5760 ssthresh=4320 rto=3 nrtx=0 dup=2 swnd=65535
CH12-DROP t_ms=82106 total=86 len=1494
CH12-T t_ms=80998 sb=0 qlen=4 cwnd=4320 ssthresh=2880 rto=3 nrtx=0 dup=2 swnd=65535
CH12-T t_ms=81499 sb=0 qlen=4 cwnd=4320 ssthresh=2880 rto=3 nrtx=0 dup=2 swnd=65535
CH12-T t_ms=81999 sb=0 qlen=4 cwnd=4320 ssthresh=2880 rto=3 nrtx=0 dup=2 swnd=65535
CH12-DROP t_ms=83608 total=87 len=1494
CH12-T t_ms=82499 sb=1440 qlen=3 cwnd=12960 ssthresh=2880 rto=3 nrtx=0 dup=2 swnd=65535
CH12-T t_ms=82999 sb=1440 qlen=3 cwnd=12960 ssthresh=2880 rto=3 nrtx=0 dup=2 swnd=65535
CH12-T t_ms=83499 sb=1440 qlen=3 cwnd=12960 ssthresh=2880 rto=3 nrtx=0 dup=2 swnd=65535
CH12-DROP t_ms=85107 total=88 len=1494
CH12-T t_ms=83999 sb=1440 qlen=3 cwnd=10080 ssthresh=6480 rto=3 nrtx=0 dup=2 swnd=65535
CH12-T t_ms=84499 sb=1440 qlen=3 cwnd=10080 ssthresh=6480 rto=3 nrtx=0 dup=2 swnd=65535
CH12-T t_ms=84999 sb=1440 qlen=3 cwnd=10080 ssthresh=6480 rto=3 nrtx=0 dup=2 swnd=65535
CH12-DROP t_ms=86605 total=89 len=1494
CH12-T t_ms=85499 sb=1440 qlen=3 cwnd=1440 ssthresh=5040 rto=6 nrtx=1 dup=2 swnd=65535
CH12-RTOEV t_ms=85499 nrtx 0->1 rto_ticks=6 (~3000 ms)
CH12-T t_ms=85999 sb=1440 qlen=3 cwnd=1440 ssthresh=5040 rto=6 nrtx=1 dup=2 swnd=65535
CH12-T t_ms=86498 sb=1440 qlen=3 cwnd=1440 ssthresh=5040 rto=6 nrtx=1 dup=2 swnd=65535
CH12-T t_ms=86998 sb=1440 qlen=3 cwnd=1440 ssthresh=5040 rto=6 nrtx=1 dup=2 swnd=65535
CH12-T t_ms=87498 sb=1440 qlen=3 cwnd=1440 ssthresh=5040 rto=6 nrtx=1 dup=2 swnd=65535
CH12-T t_ms=87999 sb=1440 qlen=3 cwnd=1440 ssthresh=5040 rto=6 nrtx=1 dup=2 swnd=65535
CH12-DROP t_ms=89606 total=90 len=1494
CH12-DROP t_ms=89608 total=91 len=790
CH12-T t_ms=88499 sb=2144 qlen=3 cwnd=10080 ssthresh=2880 rto=3 nrtx=0 dup=2 swnd=65535
CH12-T t_ms=88999 sb=2144 qlen=3 cwnd=10080 ssthresh=2880 rto=3 nrtx=0 dup=2 swnd=65535
CH12-T t_ms=89498 sb=2144 qlen=3 cwnd=10080 ssthresh=2880 rto=3 nrtx=0 dup=2 swnd=65535
CH12-DROP t_ms=91105 total=92 len=790
CH12-T t_ms=89999 sb=2144 qlen=3 cwnd=1440 ssthresh=5040 rto=6 nrtx=1 dup=2 swnd=65535
CH12-RTOEV t_ms=89999 nrtx 0->1 rto_ticks=6 (~3000 ms)
CH12-T t_ms=90499 sb=2144 qlen=3 cwnd=1440 ssthresh=5040 rto=6 nrtx=1 dup=2 swnd=65535
CH12-T t_ms=90998 sb=2144 qlen=3 cwnd=1440 ssthresh=5040 rto=6 nrtx=1 dup=2 swnd=65535
CH12-T t_ms=91498 sb=2144 qlen=3 cwnd=1440 ssthresh=5040 rto=6 nrtx=1 dup=2 swnd=65535
CH12-T t_ms=91998 sb=2144 qlen=3 cwnd=1440 ssthresh=5040 rto=6 nrtx=1 dup=2 swnd=65535
CH12-T t_ms=92499 sb=2144 qlen=3 cwnd=1440 ssthresh=5040 rto=6 nrtx=1 dup=2 swnd=65535
CH12-DROP t_ms=94107 total=93 len=1494
CH12-T t_ms=92998 sb=1440 qlen=3 cwnd=8640 ssthresh=2880 rto=3 nrtx=0 dup=2 swnd=65535
qemu-system-xtensa: terminating on signal 15 from pid 3331245 (timeout)
