Adding SPI flash device
ets Jul 29 2019 12:21:46

rst:0x1 (POWERON_RESET),boot:0x12 (SPI_FAST_FLASH_BOOT)
configsip: 0, SPIWP:0xee
clk_drv:0x00,q_drv:0x00,d_drv:0x00,cs0_drv:0x00,hd_drv:0x00,wp_drv:0x00
mode:DIO, clock div:2
load:0x3fff0040,len:6272
load:0x40078000,len:15820
load:0x40080400,len:3920
entry 0x40080644
I (673) boot: ESP-IDF v6.0.2 2nd stage bootloader
I (674) boot: compile time Aug 27 2026 02:26:09
I (674) boot: Multicore bootloader
I (713) boot: chip revision: v3.0
I (715) boot.esp32: SPI Speed      : 40MHz
I (715) boot.esp32: SPI Mode       : DIO
I (715) boot.esp32: SPI Flash Size : 2MB
I (721) boot: Enabling RNG early entropy source...
I (730) boot: Partition Table:
I (730) boot: ## Label            Usage          Type ST Offset   Length
I (730) boot:  0 nvs              WiFi data        01 02 00009000 00006000
I (731) boot:  1 phy_init         RF data          01 01 0000f000 00001000
I (731) boot:  2 factory          factory app      00 00 00010000 00100000
I (735) boot: End of partition table
I (775) esp_image: segment 0: paddr=00010020 vaddr=3f400020 size=11128h ( 69928) map
I (804) esp_image: segment 1: paddr=00021150 vaddr=3ffb0000 size=02afch ( 11004) load
I (824) esp_image: segment 2: paddr=00023c54 vaddr=40080000 size=0b23ch ( 45628) load
I (848) esp_image: segment 3: paddr=0002ee98 vaddr=50000000 size=00028h (    40) load
I (869) esp_image: segment 4: paddr=0002eec8 vaddr=00000000 size=01150h (  4432) 
I (898) esp_image: segment 5: paddr=00030020 vaddr=400d0020 size=2b3f4h (177140) map
I (986) boot: Loaded app from partition at offset 0x10000
I (986) boot: Disabling RNG early entropy source...
I (1006) cpu_start: Multicore app
I (1729) cpu_start: GPIO 3 and 1 are used as console UART I/O pins
I (1739) cpu_start: Pro cpu start user code
I (1742) cpu_start: cpu freq: 160000000 Hz
I (1744) app_init: Application information:
I (1746) app_init: Project name:     lwip_ch16_lab
I (1750) app_init: App version:      924d871
I (1753) app_init: Compile time:     Aug 27 2026 02:26:07
I (1756) app_init: ELF file SHA256:  8c89851d4...
I (1758) app_init: ESP-IDF:          v6.0.2
I (1760) efuse_init: Min chip rev:     v0.0
I (1762) efuse_init: Max chip rev:     v3.99 
I (1764) efuse_init: Chip rev:         v3.0
I (1765) heap_init: Initializing. RAM available for dynamic allocation:
I (1765) heap_init: At 3FFAE6E0 len 00001920 (6 KiB): DRAM
I (1766) heap_init: At 3FFB4BC0 len 0002B440 (173 KiB): DRAM
I (1766) heap_init: At 3FFE0440 len 00003AE0 (14 KiB): D/IRAM
I (1766) heap_init: At 3FFE4350 len 0001BCB0 (111 KiB): D/IRAM
I (1766) heap_init: At 4008B23C len 00014DC4 (83 KiB): IRAM
I (1804) spi_flash: detected chip: winbond
I (1808) spi_flash: flash io: dio
I (1824) main_task: Started on CPU0
I (1824) main_task: Calling app_main()
I (1824) ch16lab: == ch16 lab: socket/netconn/VFS benchmark & fault injection ==
I (1844) esp_eth.netif.netif_glue: 52:54:00:12:34:56
I (1844) esp_eth.netif.netif_glue: ethernet attached to netif
I (1944) ch16lab: ETH_EVENT: START
E (1944) esp_eth: esp_eth_ioctl(533): add mac address to filter not supported
E (1944) esp_eth.netif.netif_glue: eth_set_mac_filter(56): failed to add mac filter
E (1944) esp_netif_lwip: Failed to add multicast filter for IPv4
I (1944) ch16lab: ETH_EVENT: CONNECTED (link up)
I (2954) ch16lab: GOT_IP: 10.0.2.15
I (2954) esp_netif_handlers: eth ip: 10.0.2.15, mask: 255.255.255.0, gw: 10.0.2.2
[VFS] listen fd=54 (expect >= LWIP_SOCKET_OFFSET)

===== PHASE A: layering cost =====
[A-rtt-sock] begin (64B x 150 x 3 rounds)
[A-rtt-sock] round1 avg=986.2 us/RTT
[A-rtt-sock] round2 avg=969.5 us/RTT
[A-rtt-sock] round3 avg=645.4 us/RTT
[A-rtt-netconn] begin (64B x 150 x 3 rounds)
[A-rtt-netconn] round1 avg=485.5 us/RTT
[A-rtt-netconn] round2 avg=1416.6 us/RTT
[A-rtt-netconn] round3 avg=525.3 us/RTT
[A-thput] socket client <-> socket echo server:
[A-thput-sock] round1 102KB in 139932 us -> 6.01 Mbit
[A-thput-sock] round2 102KB in 72870 us -> 11.54 Mbit
[A-thput-sock] round3 102KB in 84558 us -> 9.95 Mbit
[A-thput] netconn client <-> netconn echo server:
[A-thput-nc] round1 102KB in 66789 us -> 12.59 Mbit
[A-thput-nc] round2 102KB in 73326 us -> 11.47 Mbit
[A-thput-nc] round3 102KB in 85327 us -> 9.86 Mbit

===== PHASE B: VFS integration =====
[B] ==== VFS integration checks ====
[B] client fd=57 (>=54? yes), FD_SETSIZE=64
[B] fstat(fd) rc=0 mode=0xc000 S_IFSOCK? yes
[B] POSIX write()->15 read()->15 echoed="vfs-posix-write"
[B] poll(nready=3): [fd=57 revents=0x9 POLLIN?1 POLLOUT?1] [fd=59 revents=0x8 POLLIN?0 POLLOUT?1]
[B] ioctl(FIONREAD) on fd=57 -> rc=-1 avail=-1 errno=88 (LWIP_SO_RCVBUF gated)
[B] done

===== PHASE C: fd exhaustion =====
[C] ==== fd exhaustion ====
[C] #1 socket() ok fd=57
[C] #2 socket() ok fd=58
[C] #3 socket() ok fd=59
[C] #4 socket() ok fd=60
[C] #5 socket() ok fd=61
[C] #6 socket() ok fd=62
[C] #7 socket() ok fd=63
[C] #8 socket() FAIL errno=23 (ENFILE=23 EMFILE=24)
[C] #9 retry socket() FAIL errno=23
[C] #10 retry socket() FAIL errno=23
[C] #11 retry socket() FAIL errno=23
[C] closing last slot fd=63 ...
[C] after close, socket() again OK fd=63, failed_attempts_before=0, delta=157 us
[C] cleanup 7 fds, done

===== PHASE D: blocked recv =====
[D] ==== blocked recv strangulation ====
[D1-block] task blocking in recv(fd=57) forever...
[D1-close] another task calls close(fd=57) ...
[D1-block] recv RETURNED n=-1 errno=128 (Socket is not connected)
[D1-close] worker woke, close->wake latency=300 us
[D2-timeo] setsockopt(SO_RCVTIMEO,1500ms) rc=0
[D2-timeo] recv#1 -> -1 errno=11 elapsed=1498 ms
[D2-timeo] recv#2 -> -1 errno=11 elapsed=1499 ms
[D2-timeo] recv#3 -> -1 errno=11 elapsed=1499 ms
[D3-nonblock] O_NONBLOCK armed (F_GETFL=0x2)
[D3-nonblock] recv#1 -> -1 errno=11 elapsed=63 us
[D3-nonblock] recv#2 -> -1 errno=11 elapsed=92 us
[D3-nonblock] recv#3 -> -1 errno=11 elapsed=32 us
[D4-select] silent server, waiting 2 x 2s ...
[D4-select] #1 -> 0 elapsed=2002 ms
[D4-select] #2 -> 0 elapsed=2009 ms
[D4-select] with pending echo data -> 1 elapsed=461 us (immediate=YES)
[D] done

===== ALL PHASES DONE, keep alive =====
I (77284) main_task: Returned from app_main()
qemu-system-xtensa: terminating on signal 15 from pid 3391644 (timeout)
