SSERVO-CERT reuse existing certs/sserver.crt (--renew 可强制重签)
SSERVO-FP sha256=FB:03:01:B2:C1:A8:95:A5:74:78:85:36:21:58:A1:19:2A:6D:2D:AC:75:B9:A1:F2:BC:68:5D:4A:0B:C7:67:FB
SSERVO-READY mode=rev port=8280 tls=tls1_2 waiting ...
Using default temp DH parameters
ACCEPT
CONNECTION ESTABLISHED
Protocol version: TLSv1.2
Client cipher list: ECDHE-ECDSA-AES256-GCM-SHA384:ECDHE-RSA-AES256-GCM-SHA384:ECDHE-ECDSA-AES256-CCM:ECDHE-ECDSA-AES256-SHA384:ECDHE-RSA-AES256-SHA384:ECDHE-ECDSA-AES256-SHA:ECDHE-RSA-AES256-SHA:ECDHE-ECDSA-AES256-CCM8:ECDHE-ECDSA-AES128-GCM-SHA256:ECDHE-RSA-AES128-GCM-SHA256:ECDHE-ECDSA-AES128-CCM:ECDHE-ECDSA-AES128-SHA256:ECDHE-RSA-AES128-SHA256:ECDHE-ECDSA-AES128-SHA:ECDHE-RSA-AES128-SHA:ECDHE-ECDSA-AES128-CCM8:TLS_EMPTY_RENEGOTIATION_INFO_SCSV
Ciphersuite: ECDHE-RSA-AES256-GCM-SHA384
Signature Algorithms: ECDSA+SHA512:RSA+SHA512:ECDSA+SHA384:RSA+SHA384:ECDSA+SHA256:RSA+SHA256
No peer certificate or raw public key
Supported Elliptic Curve Point Formats: uncompressed
Supported groups: x25519:secp256r1:secp384r1:x448:secp521r1:brainpoolP256r1:brainpoolP384r1:brainpoolP512r1
CONNECTION CLOSED
CONNECTION ESTABLISHED
Protocol version: TLSv1.2
Client cipher list: ECDHE-ECDSA-AES256-GCM-SHA384:ECDHE-RSA-AES256-GCM-SHA384:ECDHE-ECDSA-AES256-CCM:ECDHE-ECDSA-AES256-SHA384:ECDHE-RSA-AES256-SHA384:ECDHE-ECDSA-AES256-SHA:ECDHE-RSA-AES256-SHA:ECDHE-ECDSA-AES256-CCM8:ECDHE-ECDSA-AES128-GCM-SHA256:ECDHE-RSA-AES128-GCM-SHA256:ECDHE-ECDSA-AES128-CCM:ECDHE-ECDSA-AES128-SHA256:ECDHE-RSA-AES128-SHA256:ECDHE-ECDSA-AES128-SHA:ECDHE-RSA-AES128-SHA:ECDHE-ECDSA-AES128-CCM8:TLS_EMPTY_RENEGOTIATION_INFO_SCSV
Ciphersuite: ECDHE-RSA-AES256-GCM-SHA384
Signature Algorithms: ECDSA+SHA512:RSA+SHA512:ECDSA+SHA384:RSA+SHA384:ECDSA+SHA256:RSA+SHA256
No peer certificate or raw public key
Supported Elliptic Curve Point Formats: uncompressed
Supported groups: x25519:secp256r1:secp384r1:x448:secp521r1:brainpoolP256r1:brainpoolP384r1:brainpoolP512r1
CONNECTION CLOSED
CONNECTION ESTABLISHED
Protocol version: TLSv1.2
Client cipher list: ECDHE-ECDSA-AES256-GCM-SHA384:ECDHE-RSA-AES256-GCM-SHA384:ECDHE-ECDSA-AES256-CCM:ECDHE-ECDSA-AES256-SHA384:ECDHE-RSA-AES256-SHA384:ECDHE-ECDSA-AES256-SHA:ECDHE-RSA-AES256-SHA:ECDHE-ECDSA-AES256-CCM8:ECDHE-ECDSA-AES128-GCM-SHA256:ECDHE-RSA-AES128-GCM-SHA256:ECDHE-ECDSA-AES128-CCM:ECDHE-ECDSA-AES128-SHA256:ECDHE-RSA-AES128-SHA256:ECDHE-ECDSA-AES128-SHA:ECDHE-RSA-AES128-SHA:ECDHE-ECDSA-AES128-CCM8:TLS_EMPTY_RENEGOTIATION_INFO_SCSV
Ciphersuite: ECDHE-RSA-AES256-GCM-SHA384
Signature Algorithms: ECDSA+SHA512:RSA+SHA512:ECDSA+SHA384:RSA+SHA384:ECDSA+SHA256:RSA+SHA256
No peer certificate or raw public key
Supported Elliptic Curve Point Formats: uncompressed
Supported groups: x25519:secp256r1:secp384r1:x448:secp521r1:brainpoolP256r1:brainpoolP384r1:brainpoolP512r1
CONNECTION CLOSED
