Adding SPI flash device
ets Jul 29 2019 12:21:46

rst:0x1 (POWERON_RESET),boot:0x12 (SPI_FAST_FLASH_BOOT)
configsip: 0, SPIWP:0xee
clk_drv:0x00,q_drv:0x00,d_drv:0x00,cs0_drv:0x00,hd_drv:0x00,wp_drv:0x00
mode:DIO, clock div:2
load:0x3fff0040,len:6272
load:0x40078000,len:15820
load:0x40080400,len:3920
entry 0x40080644
I (662) boot: ESP-IDF v6.0.2 2nd stage bootloader
I (662) boot: compile time Aug 27 2026 18:46:29
I (662) boot: Multicore bootloader
I (694) boot: chip revision: v0.0
I (695) boot.esp32: SPI Speed      : 40MHz
I (696) boot.esp32: SPI Mode       : DIO
I (696) boot.esp32: SPI Flash Size : 2MB
I (700) boot: Enabling RNG early entropy source...
I (704) boot: Partition Table:
I (705) boot: ## Label            Usage          Type ST Offset   Length
I (705) boot:  0 nvs              WiFi data        01 02 00009000 00006000
I (705) boot:  1 phy_init         RF data          01 01 0000f000 00001000
I (705) boot:  2 factory          factory app      00 00 00010000 00100000
I (709) boot: End of partition table
I (737) esp_image: segment 0: paddr=00010020 vaddr=3f400020 size=0f49ch ( 62620) map
I (752) esp_image: segment 1: paddr=0001f4c4 vaddr=3ffb0000 size=00b54h (  2900) load
I (763) esp_image: segment 2: paddr=00020020 vaddr=400d0020 size=2b170h (176496) map
I (786) esp_image: segment 3: paddr=0004b198 vaddr=3ffb0b54 size=01f98h (  8088) load
I (796) esp_image: segment 4: paddr=0004d138 vaddr=40080000 size=0b294h ( 45716) load
I (816) esp_image: segment 5: paddr=000583d4 vaddr=50000000 size=00028h (    40) load
I (869) boot: Loaded app from partition at offset 0x10000
I (869) boot: Disabling RNG early entropy source...
I (881) cpu_start: Multicore app
I (1462) cpu_start: GPIO 3 and 1 are used as console UART I/O pins
I (1464) cpu_start: Pro cpu start user code
I (1464) cpu_start: cpu freq: 160000000 Hz
I (1464) app_init: Application information:
I (1465) app_init: Project name:     ex15_perf_gym_rtos
I (1465) app_init: App version:      924d871-dirty
I (1465) app_init: Compile time:     Aug 27 2026 19:22:56
I (1465) app_init: ELF file SHA256:  13976f7fb...
I (1465) app_init: ESP-IDF:          v6.0.2
I (1465) efuse_init: Min chip rev:     v0.0
I (1465) efuse_init: Max chip rev:     v3.99 
I (1465) efuse_init: Chip rev:         v0.0
I (1466) heap_init: Initializing. RAM available for dynamic allocation:
I (1467) heap_init: At 3FFAE6E0 len 00001920 (6 KiB): DRAM
I (1467) heap_init: At 3FFB45E0 len 0002BA20 (174 KiB): DRAM
I (1467) heap_init: At 3FFE0440 len 00003AE0 (14 KiB): D/IRAM
I (1467) heap_init: At 3FFE4350 len 0001BCB0 (111 KiB): D/IRAM
I (1467) heap_init: At 4008B294 len 00014D6C (83 KiB): IRAM
I (1496) spi_flash: detected chip: winbond
I (1500) spi_flash: flash io: dio
I (1510) main_task: Started on CPU0
I (1510) main_task: Calling app_main()
I (1510) ex15: == ex15 perf-gym-rtos: RTOS scheduling error gym ==
$$$ EX15-FACT build="Aug 27 2026 19:22:56" scenario=2 name=2-slow-raw-callback hb_period_ms=500 sched_gap_alarm_ms=2500 ping_interval_ms=1000 ping_timeout_ms=800 net_alarm_after=2 inject_at_s=12 remove_at_s=42 window_s=75 trace=1 runtime_stats=1 lwip_stats=1
EX15-CFGSC busy_ms=900 trigger_period_ms=250
I (1530) esp_eth.netif.netif_glue: 52:54:00:12:34:56
I (1530) esp_eth.netif.netif_glue: ethernet attached to netif
E (1630) esp_eth: esp_eth_ioctl(533): add mac address to filter not supported
E (1630) esp_eth.netif.netif_glue: eth_set_mac_filter(56): failed to add mac filter
E (1630) esp_netif_lwip: Failed to add multicast filter for IPv4
I (1630) ex15: [t=162 ms] ETH_EVENT CONNECTED
I (1630) ex15: waiting for DHCP lease ...
I (2630) ex15: [t=1161 ms] IP_EVENT GOT_IP: ip 10.0.2.15 gw 10.0.2.2
I (2630) esp_netif_handlers: eth ip: 10.0.2.15, mask: 255.255.255.0, gw: 10.0.2.2
$$$ EXREADY sc=2(2-slow-raw-callback) ip=10.0.2.15 gw=10.0.2.2 t_ms=1162
EX15-NETSRC target=10.0.2.2 interval_ms=1000 timeout_ms=800 alarm_after=2
EX15-NET seq=1 rtt_ms=1 ok=1 tout=0
EX15-HB seq=1 planned_rel_ms=500 lag_ms=0 prio=5
EX15-HB seq=2 planned_rel_ms=1000 lag_ms=0 prio=5
EX15-NET seq=2 rtt_ms=0 ok=2 tout=0
EX15-HB seq=3 planned_rel_ms=1500 lag_ms=0 prio=5
$$$ EX15-FRAME id=1 phase=baseline rel_ms=1500 sc=2-slow-raw-callback fault=0
EX15-HBSUM beats=3 last_gap_ms=3 alarms_sched=0
EX15-NETSUM ok=2 tout=0 consec=0 rtt_last=0 rtt_min=0 rtt_max=1 alarms_net=0
EX15-ST basis=first-frame (deltas appear next frame)
EX15-TASK n=13 order=name_asc clock=esp_timer-1MHz
EX15-T IDLE0            st=ready    prio= 0 core=0  hwm= 1096 rt_us=2597687    win_ms=2597 share=48.7%
EX15-T IDLE1            st=ready    prio= 0 core=1  hwm= 1092 rt_us=2613492    win_ms=2613 share=49.0%
EX15-T emac_rx          st=suspend  prio=15 core=NA hwm= 3340 rt_us=1564       win_ms=1 share=0.0%
EX15-T esp_timer        st=suspend  prio=22 core=0  hwm= 3632 rt_us=264        win_ms=0 share=0.0%
EX15-T ex15_gym         st=running  prio=22 core=1  hwm= 1384 rt_us=1864       win_ms=1 share=0.0%
EX15-T ex15_hb          st=blocked  prio= 5 core=NA hwm= 1668 rt_us=876        win_ms=0 share=0.0%
EX15-T ex15_watch       st=blocked  prio=21 core=1  hwm= 2084 rt_us=517        win_ms=0 share=0.0%
EX15-T ipc0             st=suspend  prio=24 core=0  hwm=  564 rt_us=41757      win_ms=41 share=0.7%
EX15-T ipc1             st=suspend  prio=24 core=1  hwm=  572 rt_us=42940      win_ms=42 share=0.8%
EX15-T main             st=blocked  prio= 1 core=0  hwm= 2732 rt_us=10603      win_ms=10 share=0.1%
EX15-T ping             st=blocked  prio= 2 core=NA hwm= 1392 rt_us=3173       win_ms=3 share=0.0%
EX15-T sys_evt          st=blocked  prio=20 core=0  hwm= 1672 rt_us=1130       win_ms=1 share=0.0%
EX15-T tcpip            st=blocked  prio=18 core=NA hwm= 2320 rt_us=14373      win_ms=14 share=0.2%
EX15-HEAP free=259388 largest=131072 min_ever=257624 cap=MALLOC_CAP_8BIT
$$$ EX15-FRAME-END id=1
EX15-HB seq=4 planned_rel_ms=2000 lag_ms=0 prio=5
EX15-NET seq=3 rtt_ms=1 ok=3 tout=0
EX15-HB seq=5 planned_rel_ms=2500 lag_ms=0 prio=5
EX15-HB seq=6 planned_rel_ms=3000 lag_ms=0 prio=5
EX15-NET seq=4 rtt_ms=0 ok=4 tout=0
EX15-HB seq=7 planned_rel_ms=3500 lag_ms=0 prio=5
EX15-HB seq=8 planned_rel_ms=4000 lag_ms=0 prio=5
EX15-NET seq=5 rtt_ms=0 ok=5 tout=0
EX15-HB seq=9 planned_rel_ms=4500 lag_ms=0 prio=5
EX15-HB seq=10 planned_rel_ms=5000 lag_ms=0 prio=5
EX15-NET seq=6 rtt_ms=0 ok=6 tout=0
EX15-HB seq=11 planned_rel_ms=5500 lag_ms=0 prio=5
EX15-HB seq=12 planned_rel_ms=6000 lag_ms=0 prio=5
EX15-NET seq=7 rtt_ms=0 ok=7 tout=0
EX15-HB seq=13 planned_rel_ms=6500 lag_ms=0 prio=5
EX15-HB seq=14 planned_rel_ms=7000 lag_ms=0 prio=5
EX15-NET seq=8 rtt_ms=0 ok=8 tout=0
EX15-HB seq=15 planned_rel_ms=7500 lag_ms=0 prio=5
EX15-HB seq=16 planned_rel_ms=8000 lag_ms=0 prio=5
EX15-NET seq=9 rtt_ms=0 ok=9 tout=0
EX15-HB seq=17 planned_rel_ms=8500 lag_ms=0 prio=5
EX15-HB seq=18 planned_rel_ms=9000 lag_ms=0 prio=5
EX15-NET seq=10 rtt_ms=1 ok=10 tout=0
EX15-HB seq=19 planned_rel_ms=9500 lag_ms=0 prio=5
EX15-HB seq=20 planned_rel_ms=10000 lag_ms=0 prio=5
EX15-NET seq=11 rtt_ms=0 ok=11 tout=0
EX15-HB seq=21 planned_rel_ms=10500 lag_ms=0 prio=5
EX15-HB seq=22 planned_rel_ms=11000 lag_ms=0 prio=5
EX15-NET seq=12 rtt_ms=0 ok=12 tout=0
EX15-HB seq=23 planned_rel_ms=11500 lag_ms=0 prio=5
EX15-HB seq=24 planned_rel_ms=12000 lag_ms=0 prio=5
EX15-NET seq=13 rtt_ms=0 ok=13 tout=0
== EX15-PHASE name=inject t=12.2s ==
EX15-INJECT arm event=udp_raw_bound port=8320 busy_ms=900 trigger='loopback 127.0.0.1:8320'
EX15-INJECT phase=in event=slow_callback_armed busy_ms=900 trigger_period_ms=250
EX15-HB seq=25 planned_rel_ms=12500 lag_ms=1 prio=5
EX15-HB seq=26 planned_rel_ms=13000 lag_ms=0 prio=5
EX15-SLOWCB leave hits=1 stalled_ms=900 aborted_by_gate=0
EX15-HB seq=27 planned_rel_ms=13500 lag_ms=0 prio=5
EX15-NETTOUT consec=1/2 ok_total=13
EX15-HB seq=28 planned_rel_ms=14000 lag_ms=0 prio=5
EX15-SLOWCB leave hits=2 stalled_ms=900 aborted_by_gate=0
EX15-HB seq=29 planned_rel_ms=14500 lag_ms=0 prio=5
EX15-NETTOUT consec=2/2 ok_total=13
$$$ EX15-ALARM kind=net consec_lost=2 at_rel_ms=14851 (gateway echo missing)
EX15-SLOWCB leave hits=3 stalled_ms=900 aborted_by_gate=0
EX15-SLOWCB enter hits=4 busy_ms=900 (running INSIDE 'tcpip' -- whole stack stalls)
EX15-HB seq=30 planned_rel_ms=15000 lag_ms=1 prio=5
EX15-HB seq=31 planned_rel_ms=15500 lag_ms=0 prio=5
EX15-SLOWCB leave hits=4 stalled_ms=900 aborted_by_gate=0
EX15-HB seq=32 planned_rel_ms=16000 lag_ms=0 prio=5
EX15-HB seq=33 planned_rel_ms=16500 lag_ms=1 prio=5
EX15-NETTOUT consec=3/2 ok_total=13
EX15-SLOWCB leave hits=5 stalled_ms=900 aborted_by_gate=0
EX15-HB seq=34 planned_rel_ms=17000 lag_ms=0 prio=5
EX15-HB seq=35 planned_rel_ms=17500 lag_ms=0 prio=5
EX15-NETTOUT consec=4/2 ok_total=13
EX15-SLOWCB leave hits=6 stalled_ms=900 aborted_by_gate=0
EX15-SLOWCB enter hits=7 busy_ms=900 (running INSIDE 'tcpip' -- whole stack stalls)
EX15-HB seq=36 planned_rel_ms=18000 lag_ms=0 prio=5
$$$ EX15-FRAME id=2 phase=fault_obs_1 rel_ms=18250 sc=2-slow-raw-callback fault=1
EX15-HBSUM beats=36 last_gap_ms=251 alarms_sched=0
EX15-NETSUM ok=13 tout=4 consec=4 rtt_last=0 rtt_min=0 rtt_max=1 alarms_net=1 latch=ACTIVE
EX15-NETTOUT consec=5/2 ok_total=13
EX15-HB seq=37 planned_rel_ms=18500 lag_ms=0 prio=5
EX15-SLOWCB leave hits=7 stalled_ms=900 aborted_by_gate=0
EX15-ST link  recv=10(+9) xmit=11(+10) drop=0(+0) memerr=0(+0)
EX15-ST ip    recv=27(+23) xmit=28(+24) drop=0(+0) memerr=0(+0)
EX15-ST icmp  recv=18(+16) xmit=0(+0) drop=0(+0) memerr=0(+0)
EX15-ST tcp   recv=0(+0) xmit=0(+0) drop=0(+0) memerr=0(+0)
EX15-ST udp   recv=9(+7) xmit=10(+8) drop=0(+0) memerr=0(+0)
EX15-TASK n=14 order=name_asc clock=esp_timer-1MHz
EX15-T IDLE0            st=ready    prio= 0 core=0  hwm= 1096 rt_us=13332310   win_ms=10734 share=32.9%
EX15-T IDLE1            st=ready    prio= 0 core=1  hwm= 1092 rt_us=19640006   win_ms=17026 share=52.3%
EX15-T emac_rx          st=ready    prio=15 core=NA hwm= 3260 rt_us=4704       win_ms=3 share=0.0%
EX15-T esp_timer        st=suspend  prio=22 core=0  hwm= 3632 rt_us=670        win_ms=0 share=0.0%
EX15-T ex15_gym         st=running  prio=22 core=1  hwm= 1248 rt_us=9962       win_ms=8 share=0.0%
EX15-T ex15_hb          st=blocked  prio= 5 core=NA hwm= 1668 rt_us=7351       win_ms=6 share=0.0%
EX15-T ex15_watch       st=blocked  prio=21 core=1  hwm= 2084 rt_us=3072       win_ms=2 share=0.0%
EX15-T ipc0             st=suspend  prio=24 core=0  hwm=  564 rt_us=41757      win_ms=0 share=0.0%
EX15-T ipc1             st=suspend  prio=24 core=1  hwm=  572 rt_us=42940      win_ms=0 share=0.0%
EX15-T main             st=blocked  prio= 1 core=0  hwm= 2732 rt_us=10603      win_ms=0 share=0.0%
EX15-T ping             st=ready    prio= 2 core=NA hwm= 1392 rt_us=14594      win_ms=11 share=0.0%
EX15-T sc2_pump         st=ready    prio= 8 core=NA hwm= 1984 rt_us=2911       win_ms=2 share=0.0%
EX15-T sys_evt          st=blocked  prio=20 core=0  hwm= 1672 rt_us=1130       win_ms=0 share=0.0%
EX15-T tcpip            st=ready    prio=18 core=NA hwm= 2320 rt_us=4772526    win_ms=4758 share=14.6%
EX15-HEAP free=255132 largest=131072 min_ever=251996 cap=MALLOC_CAP_8BIT
$$$ EX15-FRAME-END id=2
EX15-HB seq=38 planned_rel_ms=19000 lag_ms=1 prio=5
EX15-NETTOUT consec=6/2 ok_total=13
EX15-SLOWCB leave hits=8 stalled_ms=900 aborted_by_gate=0
EX15-HB seq=39 planned_rel_ms=19500 lag_ms=0 prio=5
EX15-HB seq=40 planned_rel_ms=20000 lag_ms=0 prio=5
EX15-NETTOUT consec=7/2 ok_total=13
EX15-SLOWCB leave hits=9 stalled_ms=900 aborted_by_gate=0
EX15-SLOWCB enter hits=10 busy_ms=900 (running INSIDE 'tcpip' -- whole stack stalls)
EX15-HB seq=41 planned_rel_ms=20500 lag_ms=1 prio=5
EX15-HB seq=42 planned_rel_ms=21000 lag_ms=1 prio=5
EX15-NETTOUT consec=8/2 ok_total=13
EX15-SLOWCB leave hits=10 stalled_ms=900 aborted_by_gate=0
EX15-HB seq=43 planned_rel_ms=21500 lag_ms=0 prio=5
EX15-HB seq=44 planned_rel_ms=22000 lag_ms=0 prio=5
EX15-NETTOUT consec=9/2 ok_total=13
EX15-SLOWCB leave hits=11 stalled_ms=900 aborted_by_gate=0
EX15-HB seq=45 planned_rel_ms=22500 lag_ms=1 prio=5
EX15-NETTOUT consec=10/2 ok_total=13
EX15-HB seq=46 planned_rel_ms=23000 lag_ms=1 prio=5
EX15-SLOWCB leave hits=12 stalled_ms=900 aborted_by_gate=0
EX15-SLOWCB enter hits=13 busy_ms=900 (running INSIDE 'tcpip' -- whole stack stalls)
EX15-HB seq=47 planned_rel_ms=23500 lag_ms=0 prio=5
EX15-NETTOUT consec=11/2 ok_total=13
EX15-SLOWCB leave hits=13 stalled_ms=900 aborted_by_gate=0
EX15-HB seq=48 planned_rel_ms=24000 lag_ms=0 prio=5
EX15-HB seq=49 planned_rel_ms=24500 lag_ms=0 prio=5
EX15-SLOWCB leave hits=14 stalled_ms=900 aborted_by_gate=0
EX15-HB seq=50 planned_rel_ms=25000 lag_ms=0 prio=5
EX15-HB seq=51 planned_rel_ms=25500 lag_ms=0 prio=5
EX15-NETTOUT consec=12/2 ok_total=13
EX15-SLOWCB leave hits=15 stalled_ms=900 aborted_by_gate=0
EX15-SLOWCB enter hits=16 busy_ms=900 (running INSIDE 'tcpip' -- whole stack stalls)
EX15-HB seq=52 planned_rel_ms=26000 lag_ms=0 prio=5
EX15-HB seq=53 planned_rel_ms=26500 lag_ms=1 prio=5
EX15-NETTOUT consec=13/2 ok_total=13
EX15-SLOWCB leave hits=16 stalled_ms=900 aborted_by_gate=0
EX15-HB seq=54 planned_rel_ms=27000 lag_ms=0 prio=5
EX15-NETTOUT consec=14/2 ok_total=13
EX15-HB seq=55 planned_rel_ms=27500 lag_ms=0 prio=5
EX15-SLOWCB leave hits=17 stalled_ms=900 aborted_by_gate=0
EX15-HB seq=56 planned_rel_ms=28000 lag_ms=0 prio=5
EX15-NETTOUT consec=15/2 ok_total=13
EX15-SLOWCB leave hits=18 stalled_ms=900 aborted_by_gate=0
EX15-SLOWCB enter hits=19 busy_ms=900 (running INSIDE 'tcpip' -- whole stack stalls)
EX15-HB seq=57 planned_rel_ms=28500 lag_ms=0 prio=5
$$$ EX15-FRAME id=3 phase=fault_obs_2 rel_ms=28560 sc=2-slow-raw-callback fault=1
EX15-HBSUM beats=57 last_gap_ms=61 alarms_sched=0
EX15-NETSUM ok=13 tout=15 consec=15 rtt_last=0 rtt_min=0 rtt_max=1 alarms_net=1 latch=ACTIVE
EX15-HB seq=58 planned_rel_ms=29000 lag_ms=0 prio=5
EX15-NETTOUT consec=16/2 ok_total=13
EX15-SLOWCB leave hits=19 stalled_ms=900 aborted_by_gate=0
EX15-ST link  recv=22(+12) xmit=23(+12) drop=0(+0) memerr=0(+0)
EX15-ST ip    recv=50(+23) xmit=51(+23) drop=0(+0) memerr=0(+0)
EX15-ST icmp  recv=29(+11) xmit=0(+0) drop=0(+0) memerr=0(+0)
EX15-ST tcp   recv=0(+0) xmit=0(+0) drop=0(+0) memerr=0(+0)
EX15-ST udp   recv=21(+12) xmit=22(+12) drop=0(+0) memerr=0(+0)
EX15-TASK n=14 order=name_asc clock=esp_timer-1MHz
EX15-T IDLE0            st=ready    prio= 0 core=0  hwm= 1096 rt_us=13332310   win_ms=0 share=0.0%
EX15-T IDLE1            st=ready    prio= 0 core=1  hwm= 1092 rt_us=30421016   win_ms=10781 share=47.2%
EX15-T emac_rx          st=ready    prio=15 core=NA hwm= 3260 rt_us=6923       win_ms=2 share=0.0%
EX15-T esp_timer        st=suspend  prio=22 core=0  hwm= 3632 rt_us=1012       win_ms=0 share=0.0%
EX15-T ex15_gym         st=running  prio=22 core=1  hwm= 1248 rt_us=14728      win_ms=4 share=0.0%
EX15-T ex15_hb          st=blocked  prio= 5 core=NA hwm= 1668 rt_us=13609      win_ms=6 share=0.0%
EX15-T ex15_watch       st=blocked  prio=21 core=1  hwm= 2084 rt_us=6649       win_ms=3 share=0.0%
EX15-T ipc0             st=suspend  prio=24 core=0  hwm=  564 rt_us=41757      win_ms=0 share=0.0%
EX15-T ipc1             st=suspend  prio=24 core=1  hwm=  572 rt_us=42940      win_ms=0 share=0.0%
EX15-T main             st=blocked  prio= 1 core=0  hwm= 2732 rt_us=10603      win_ms=0 share=0.0%
EX15-T ping             st=ready    prio= 2 core=NA hwm= 1392 rt_us=21660      win_ms=7 share=0.0%
EX15-T sc2_pump         st=ready    prio= 8 core=NA hwm= 1984 rt_us=5274       win_ms=2 share=0.0%
EX15-T sys_evt          st=blocked  prio=20 core=0  hwm= 1672 rt_us=1130       win_ms=0 share=0.0%
EX15-T tcpip            st=ready    prio=18 core=NA hwm= 2320 rt_us=16772198   win_ms=11999 share=52.6%
EX15-HEAP free=255136 largest=131072 min_ever=251996 cap=MALLOC_CAP_8BIT
$$$ EX15-FRAME-END id=3
EX15-HB seq=59 planned_rel_ms=29500 lag_ms=1 prio=5
EX15-HB seq=60 planned_rel_ms=30000 lag_ms=0 prio=5
EX15-NETTOUT consec=17/2 ok_total=13
EX15-SLOWCB leave hits=20 stalled_ms=900 aborted_by_gate=0
EX15-HB seq=61 planned_rel_ms=30500 lag_ms=0 prio=5
EX15-HB seq=62 planned_rel_ms=31000 lag_ms=1 prio=5
EX15-NETTOUT consec=18/2 ok_total=13
EX15-SLOWCB leave hits=21 stalled_ms=900 aborted_by_gate=0
EX15-SLOWCB enter hits=22 busy_ms=900 (running INSIDE 'tcpip' -- whole stack stalls)
EX15-HB seq=63 planned_rel_ms=31500 lag_ms=0 prio=5
EX15-NETTOUT consec=19/2 ok_total=13
EX15-HB seq=64 planned_rel_ms=32000 lag_ms=0 prio=5
EX15-SLOWCB leave hits=22 stalled_ms=900 aborted_by_gate=0
EX15-HB seq=65 planned_rel_ms=32500 lag_ms=0 prio=5
EX15-NETTOUT consec=20/2 ok_total=13
EX15-SLOWCB leave hits=23 stalled_ms=900 aborted_by_gate=0
EX15-HB seq=66 planned_rel_ms=33000 lag_ms=1 prio=5
EX15-HB seq=67 planned_rel_ms=33500 lag_ms=0 prio=5
EX15-SLOWCB leave hits=24 stalled_ms=900 aborted_by_gate=0
EX15-SLOWCB enter hits=25 busy_ms=900 (running INSIDE 'tcpip' -- whole stack stalls)
EX15-HB seq=68 planned_rel_ms=34000 lag_ms=1 prio=5
EX15-HB seq=69 planned_rel_ms=34500 lag_ms=1 prio=5
EX15-NETTOUT consec=21/2 ok_total=13
EX15-SLOWCB leave hits=25 stalled_ms=900 aborted_by_gate=0
EX15-HB seq=70 planned_rel_ms=35000 lag_ms=0 prio=5
EX15-HB seq=71 planned_rel_ms=35500 lag_ms=0 prio=5
EX15-NETTOUT consec=22/2 ok_total=13
EX15-SLOWCB leave hits=26 stalled_ms=900 aborted_by_gate=0
EX15-HB seq=72 planned_rel_ms=36000 lag_ms=0 prio=5
EX15-NETTOUT consec=23/2 ok_total=13
EX15-HB seq=73 planned_rel_ms=36500 lag_ms=0 prio=5
EX15-SLOWCB leave hits=27 stalled_ms=900 aborted_by_gate=0
EX15-SLOWCB enter hits=28 busy_ms=900 (running INSIDE 'tcpip' -- whole stack stalls)
EX15-HB seq=74 planned_rel_ms=37000 lag_ms=0 prio=5
EX15-NETTOUT consec=24/2 ok_total=13
EX15-SLOWCB leave hits=28 stalled_ms=900 aborted_by_gate=0
EX15-HB seq=75 planned_rel_ms=37500 lag_ms=1 prio=5
EX15-HB seq=76 planned_rel_ms=38000 lag_ms=0 prio=5
EX15-NETTOUT consec=25/2 ok_total=13
EX15-SLOWCB leave hits=29 stalled_ms=900 aborted_by_gate=0
EX15-HB seq=77 planned_rel_ms=38500 lag_ms=0 prio=5
EX15-HB seq=78 planned_rel_ms=39000 lag_ms=0 prio=5
EX15-NETTOUT consec=26/2 ok_total=13
EX15-SLOWCB leave hits=30 stalled_ms=900 aborted_by_gate=0
EX15-SLOWCB enter hits=31 busy_ms=900 (running INSIDE 'tcpip' -- whole stack stalls)
EX15-HB seq=79 planned_rel_ms=39500 lag_ms=0 prio=5
EX15-HB seq=80 planned_rel_ms=40000 lag_ms=1 prio=5
EX15-NETTOUT consec=27/2 ok_total=13
EX15-SLOWCB leave hits=31 stalled_ms=900 aborted_by_gate=0
EX15-HB seq=81 planned_rel_ms=40500 lag_ms=1 prio=5
EX15-NETTOUT consec=28/2 ok_total=13
EX15-HB seq=82 planned_rel_ms=41000 lag_ms=1 prio=5
EX15-SLOWCB leave hits=32 stalled_ms=900 aborted_by_gate=0
EX15-HB seq=83 planned_rel_ms=41500 lag_ms=0 prio=5
EX15-NETTOUT consec=29/2 ok_total=13
EX15-SLOWCB leave hits=33 stalled_ms=900 aborted_by_gate=0
EX15-SLOWCB enter hits=34 busy_ms=900 (running INSIDE 'tcpip' -- whole stack stalls)
EX15-HB seq=84 planned_rel_ms=42000 lag_ms=0 prio=5
== EX15-PHASE name=remove t=42.1s ==
EX15-INJECT phase=out event=slow_callback_disarm
EX15-SLOWCB leave hits=34 stalled_ms=138 aborted_by_gate=1
EX15-SLOWCB leave hits=35 stalled_ms=0 aborted_by_gate=1
$$$ EX15-RECOVER kind=net downtime_ms=27260 lost_during=0 ok_total=14 (path serving again)
EX15-NET seq=43 rtt_ms=0 ok=14 tout=29
EX15-SLOWCB leave hits=36 stalled_ms=0 aborted_by_gate=1
EX15-SLOWCB leave hits=37 stalled_ms=0 aborted_by_gate=1
EX15-SLOWCB leave hits=38 stalled_ms=0 aborted_by_gate=1
EX15-SLOWCB leave hits=39 stalled_ms=0 aborted_by_gate=1
EX15-SLOWCB leave hits=40 stalled_ms=0 aborted_by_gate=1
EX15-SLOWCB leave hits=41 stalled_ms=0 aborted_by_gate=1
EX15-SLOWCB leave hits=42 stalled_ms=0 aborted_by_gate=1
EX15-SLOWCB leave hits=43 stalled_ms=0 aborted_by_gate=1
EX15-SLOWCB leave hits=44 stalled_ms=0 aborted_by_gate=1
EX15-SLOWCB leave hits=45 stalled_ms=0 aborted_by_gate=1
EX15-SLOWCB leave hits=46 stalled_ms=0 aborted_by_gate=1
EX15-SLOWCB leave hits=47 stalled_ms=0 aborted_by_gate=1
EX15-SLOWCB leave hits=48 stalled_ms=0 aborted_by_gate=1
EX15-SLOWCB leave hits=49 stalled_ms=0 aborted_by_gate=1
EX15-SLOWCB leave hits=50 stalled_ms=0 aborted_by_gate=1
EX15-SLOWCB leave hits=51 stalled_ms=0 aborted_by_gate=1
EX15-SLOWCB leave hits=52 stalled_ms=0 aborted_by_gate=1
EX15-SLOWCB leave hits=53 stalled_ms=0 aborted_by_gate=1
EX15-SLOWCB leave hits=54 stalled_ms=0 aborted_by_gate=1
EX15-SLOWCB leave hits=55 stalled_ms=1 aborted_by_gate=1
EX15-SLOWCB leave hits=56 stalled_ms=0 aborted_by_gate=1
EX15-SLOWCB leave hits=57 stalled_ms=0 aborted_by_gate=1
EX15-SLOWCB leave hits=58 stalled_ms=0 aborted_by_gate=1
EX15-SLOWCB leave hits=59 stalled_ms=0 aborted_by_gate=1
EX15-SLOWCB leave hits=60 stalled_ms=0 aborted_by_gate=1
EX15-SLOWCB leave hits=61 stalled_ms=0 aborted_by_gate=1
EX15-SLOWCB leave hits=62 stalled_ms=0 aborted_by_gate=1
EX15-SLOWCB leave hits=63 stalled_ms=0 aborted_by_gate=1
EX15-SLOWCB leave hits=64 stalled_ms=0 aborted_by_gate=1
EX15-SLOWCB leave hits=65 stalled_ms=0 aborted_by_gate=1
EX15-SLOWCB leave hits=66 stalled_ms=0 aborted_by_gate=1
EX15-SLOWCB leave hits=67 stalled_ms=0 aborted_by_gate=1
EX15-SLOWCB leave hits=68 stalled_ms=0 aborted_by_gate=1
EX15-SLOWCB leave hits=69 stalled_ms=0 aborted_by_gate=1
EX15-SLOWCB leave hits=70 stalled_ms=0 aborted_by_gate=1
EX15-SLOWCB leave hits=71 stalled_ms=0 aborted_by_gate=1
EX15-SLOWCB leave hits=72 stalled_ms=0 aborted_by_gate=1
EX15-SLOWCB leave hits=73 stalled_ms=0 aborted_by_gate=1
EX15-SLOWCB leave hits=74 stalled_ms=0 aborted_by_gate=1
EX15-SLOWCB leave hits=75 stalled_ms=0 aborted_by_gate=1
EX15-SLOWCB leave hits=76 stalled_ms=0 aborted_by_gate=1
EX15-SLOWCB leave hits=77 stalled_ms=0 aborted_by_gate=1
EX15-SLOWCB leave hits=78 stalled_ms=0 aborted_by_gate=1
EX15-SLOWCB leave hits=79 stalled_ms=0 aborted_by_gate=1
EX15-SLOWCB leave hits=80 stalled_ms=0 aborted_by_gate=1
EX15-SLOWCB leave hits=81 stalled_ms=0 aborted_by_gate=1
EX15-SLOWCB leave hits=82 stalled_ms=0 aborted_by_gate=1
EX15-SLOWCB leave hits=83 stalled_ms=0 aborted_by_gate=1
EX15-SLOWCB leave hits=84 stalled_ms=1 aborted_by_gate=1
EX15-SLOWCB leave hits=85 stalled_ms=0 aborted_by_gate=1
EX15-SLOWCB leave hits=86 stalled_ms=0 aborted_by_gate=1
EX15-SLOWCB leave hits=87 stalled_ms=0 aborted_by_gate=1
EX15-SLOWCB leave hits=88 stalled_ms=0 aborted_by_gate=1
EX15-SLOWCB leave hits=89 stalled_ms=0 aborted_by_gate=1
EX15-SLOWCB leave hits=90 stalled_ms=0 aborted_by_gate=1
EX15-SLOWCB leave hits=91 stalled_ms=0 aborted_by_gate=1
EX15-SLOWCB leave hits=92 stalled_ms=0 aborted_by_gate=1
EX15-SLOWCB leave hits=93 stalled_ms=0 aborted_by_gate=1
EX15-SLOWCB leave hits=94 stalled_ms=0 aborted_by_gate=1
EX15-SLOWCB leave hits=95 stalled_ms=0 aborted_by_gate=1
EX15-SLOWCB leave hits=96 stalled_ms=0 aborted_by_gate=1
EX15-SLOWCB leave hits=97 stalled_ms=0 aborted_by_gate=1
EX15-SLOWCB leave hits=98 stalled_ms=0 aborted_by_gate=1
EX15-SLOWCB leave hits=99 stalled_ms=0 aborted_by_gate=1
EX15-SLOWCB leave hits=100 stalled_ms=0 aborted_by_gate=1
EX15-SLOWCB leave hits=101 stalled_ms=0 aborted_by_gate=1
EX15-SLOWCB leave hits=102 stalled_ms=0 aborted_by_gate=1
EX15-SLOWCB leave hits=103 stalled_ms=0 aborted_by_gate=1
EX15-SLOWCB leave hits=104 stalled_ms=0 aborted_by_gate=1
EX15-SLOWCB leave hits=105 stalled_ms=0 aborted_by_gate=1
EX15-SLOWCB leave hits=106 stalled_ms=0 aborted_by_gate=1
EX15-SLOWCB leave hits=107 stalled_ms=0 aborted_by_gate=1
EX15-SLOWCB leave hits=108 stalled_ms=0 aborted_by_gate=1
EX15-SLOWCB leave hits=109 stalled_ms=0 aborted_by_gate=1
EX15-SLOWCB leave hits=110 stalled_ms=0 aborted_by_gate=1
EX15-SLOWCB leave hits=111 stalled_ms=0 aborted_by_gate=1
EX15-SLOWCB leave hits=112 stalled_ms=0 aborted_by_gate=1
EX15-SLOWCB leave hits=113 stalled_ms=0 aborted_by_gate=1
EX15-SLOWCB leave hits=114 stalled_ms=0 aborted_by_gate=1
EX15-SLOWCB leave hits=115 stalled_ms=0 aborted_by_gate=1
EX15-SLOWCB leave hits=116 stalled_ms=0 aborted_by_gate=1
EX15-SLOWCB leave hits=117 stalled_ms=0 aborted_by_gate=1
EX15-SLOWCB leave hits=118 stalled_ms=0 aborted_by_gate=1
EX15-SLOWCB leave hits=119 stalled_ms=0 aborted_by_gate=1
EX15-SLOWCB leave hits=120 stalled_ms=0 aborted_by_gate=1
EX15-SLOWCB leave hits=121 stalled_ms=0 aborted_by_gate=1
EX15-PUMP exit sent=121 slow_sends=35 avg_slow_ms=846 max_ms=905
EX15-HB seq=85 planned_rel_ms=42500 lag_ms=0 prio=5
EX15-INJECT done=out event=udp_raw_removed (stack released)
EX15-HB seq=86 planned_rel_ms=43000 lag_ms=0 prio=5
EX15-NET seq=44 rtt_ms=0 ok=15 tout=29
EX15-HB seq=87 planned_rel_ms=43500 lag_ms=0 prio=5
EX15-HB seq=88 planned_rel_ms=44000 lag_ms=0 prio=5
EX15-NET seq=45 rtt_ms=0 ok=16 tout=29
EX15-HB seq=89 planned_rel_ms=44500 lag_ms=0 prio=5
EX15-HB seq=90 planned_rel_ms=45000 lag_ms=0 prio=5
EX15-NET seq=46 rtt_ms=0 ok=17 tout=29
EX15-HB seq=91 planned_rel_ms=45500 lag_ms=0 prio=5
EX15-HB seq=92 planned_rel_ms=46000 lag_ms=0 prio=5
EX15-NET seq=47 rtt_ms=0 ok=18 tout=29
EX15-HB seq=93 planned_rel_ms=46500 lag_ms=0 prio=5
EX15-HB seq=94 planned_rel_ms=47000 lag_ms=0 prio=5
EX15-NET seq=48 rtt_ms=0 ok=19 tout=29
EX15-HB seq=95 planned_rel_ms=47500 lag_ms=0 prio=5
EX15-HB seq=96 planned_rel_ms=48000 lag_ms=0 prio=5
EX15-NET seq=49 rtt_ms=2 ok=20 tout=29
EX15-HB seq=97 planned_rel_ms=48500 lag_ms=0 prio=5
$$$ EX15-FRAME id=4 phase=post_recover_1 rel_ms=48610 sc=2-slow-raw-callback fault=0
EX15-HBSUM beats=97 last_gap_ms=112 alarms_sched=0
EX15-NETSUM ok=20 tout=29 consec=0 rtt_last=2 rtt_min=2 rtt_max=2 alarms_net=1
EX15-ST link  recv=124(+102) xmit=124(+101) drop=0(+0) memerr=0(+0)
EX15-ST ip    recv=172(+122) xmit=172(+121) drop=0(+0) memerr=0(+0)
EX15-ST icmp  recv=49(+20) xmit=0(+0) drop=0(+0) memerr=0(+0)
EX15-ST tcp   recv=0(+0) xmit=0(+0) drop=0(+0) memerr=0(+0)
EX15-ST udp   recv=123(+102) xmit=123(+101) drop=0(+0) memerr=0(+0)
EX15-TASK n=13 order=name_asc clock=esp_timer-1MHz
EX15-T IDLE0            st=ready    prio= 0 core=0  hwm= 1096 rt_us=19807594   win_ms=6475 share=16.6%
EX15-T IDLE1            st=ready    prio= 0 core=1  hwm= 1092 rt_us=49611008   win_ms=19189 share=49.4%
EX15-T emac_rx          st=suspend  prio=15 core=NA hwm= 3260 rt_us=11168      win_ms=4 share=0.0%
EX15-T esp_timer        st=suspend  prio=22 core=0  hwm= 3632 rt_us=1533       win_ms=0 share=0.0%
EX15-T ex15_gym         st=running  prio=22 core=1  hwm= 1248 rt_us=22789      win_ms=8 share=0.0%
EX15-T ex15_hb          st=blocked  prio= 5 core=NA hwm= 1668 rt_us=22297      win_ms=8 share=0.0%
EX15-T ex15_watch       st=blocked  prio=21 core=1  hwm= 2084 rt_us=11525      win_ms=4 share=0.0%
EX15-T ipc0             st=suspend  prio=24 core=0  hwm=  564 rt_us=41757      win_ms=0 share=0.0%
EX15-T ipc1             st=suspend  prio=24 core=1  hwm=  572 rt_us=42940      win_ms=0 share=0.0%
EX15-T main             st=blocked  prio= 1 core=0  hwm= 2732 rt_us=10603      win_ms=0 share=0.0%
EX15-T ping             st=blocked  prio= 2 core=NA hwm= 1392 rt_us=35870      win_ms=14 share=0.0%
EX15-T sys_evt          st=blocked  prio=20 core=0  hwm= 1672 rt_us=1130       win_ms=0 share=0.0%
EX15-T tcpip            st=blocked  prio=18 core=NA hwm= 2320 rt_us=29905960   win_ms=13133 share=33.8%
EX15-HEAP free=259388 largest=131072 min_ever=251992 cap=MALLOC_CAP_8BIT
$$$ EX15-FRAME-END id=4
EX15-HB seq=98 planned_rel_ms=49000 lag_ms=0 prio=5
EX15-NET seq=50 rtt_ms=0 ok=21 tout=29
EX15-HB seq=99 planned_rel_ms=49500 lag_ms=0 prio=5
EX15-HB seq=100 planned_rel_ms=50000 lag_ms=0 prio=5
EX15-NET seq=51 rtt_ms=0 ok=22 tout=29
EX15-HB seq=101 planned_rel_ms=50500 lag_ms=0 prio=5
EX15-HB seq=102 planned_rel_ms=51000 lag_ms=0 prio=5
EX15-NET seq=52 rtt_ms=0 ok=23 tout=29
EX15-HB seq=103 planned_rel_ms=51500 lag_ms=0 prio=5
EX15-HB seq=104 planned_rel_ms=52000 lag_ms=0 prio=5
EX15-NET seq=53 rtt_ms=0 ok=24 tout=29
EX15-HB seq=105 planned_rel_ms=52500 lag_ms=0 prio=5
EX15-HB seq=106 planned_rel_ms=53000 lag_ms=0 prio=5
EX15-NET seq=54 rtt_ms=0 ok=25 tout=29
EX15-HB seq=107 planned_rel_ms=53500 lag_ms=0 prio=5
EX15-HB seq=108 planned_rel_ms=54000 lag_ms=0 prio=5
EX15-NET seq=55 rtt_ms=0 ok=26 tout=29
EX15-HB seq=109 planned_rel_ms=54500 lag_ms=0 prio=5
EX15-HB seq=110 planned_rel_ms=55000 lag_ms=0 prio=5
EX15-NET seq=56 rtt_ms=0 ok=27 tout=29
EX15-HB seq=111 planned_rel_ms=55500 lag_ms=0 prio=5
EX15-HB seq=112 planned_rel_ms=56000 lag_ms=0 prio=5
EX15-NET seq=57 rtt_ms=0 ok=28 tout=29
EX15-HB seq=113 planned_rel_ms=56500 lag_ms=0 prio=5
EX15-HB seq=114 planned_rel_ms=57000 lag_ms=0 prio=5
EX15-NET seq=58 rtt_ms=0 ok=29 tout=29
EX15-HB seq=115 planned_rel_ms=57500 lag_ms=0 prio=5
EX15-HB seq=116 planned_rel_ms=58000 lag_ms=0 prio=5
EX15-NET seq=59 rtt_ms=0 ok=30 tout=29
EX15-HB seq=117 planned_rel_ms=58500 lag_ms=0 prio=5
$$$ EX15-FRAME id=5 phase=post_recover_2 rel_ms=58611 sc=2-slow-raw-callback fault=0
EX15-HBSUM beats=117 last_gap_ms=112 alarms_sched=0
EX15-NETSUM ok=30 tout=29 consec=0 rtt_last=0 rtt_min=0 rtt_max=2 alarms_net=1
EX15-ST link  recv=124(+0) xmit=124(+0) drop=0(+0) memerr=0(+0)
EX15-ST ip    recv=182(+10) xmit=182(+10) drop=0(+0) memerr=0(+0)
EX15-ST icmp  recv=59(+10) xmit=0(+0) drop=0(+0) memerr=0(+0)
EX15-ST tcp   recv=0(+0) xmit=0(+0) drop=0(+0) memerr=0(+0)
EX15-ST udp   recv=123(+0) xmit=123(+0) drop=0(+0) memerr=0(+0)
EX15-TASK n=13 order=name_asc clock=esp_timer-1MHz
EX15-T IDLE0            st=ready    prio= 0 core=0  hwm= 1096 rt_us=29793925   win_ms=9986 share=49.9%
EX15-T IDLE1            st=ready    prio= 0 core=1  hwm= 1092 rt_us=59601161   win_ms=9990 share=49.9%
EX15-T emac_rx          st=suspend  prio=15 core=NA hwm= 3260 rt_us=13187      win_ms=2 share=0.0%
EX15-T esp_timer        st=suspend  prio=22 core=0  hwm= 3632 rt_us=1848       win_ms=0 share=0.0%
EX15-T ex15_gym         st=running  prio=22 core=1  hwm= 1248 rt_us=25884      win_ms=3 share=0.0%
EX15-T ex15_hb          st=blocked  prio= 5 core=NA hwm= 1668 rt_us=25630      win_ms=3 share=0.0%
EX15-T ex15_watch       st=blocked  prio=21 core=1  hwm= 2084 rt_us=13245      win_ms=1 share=0.0%
EX15-T ipc0             st=suspend  prio=24 core=0  hwm=  564 rt_us=41757      win_ms=0 share=0.0%
EX15-T ipc1             st=suspend  prio=24 core=1  hwm=  572 rt_us=42940      win_ms=0 share=0.0%
EX15-T main             st=blocked  prio= 1 core=0  hwm= 2732 rt_us=10603      win_ms=0 share=0.0%
EX15-T ping             st=blocked  prio= 2 core=NA hwm= 1392 rt_us=40936      win_ms=5 share=0.0%
EX15-T sys_evt          st=blocked  prio=20 core=0  hwm= 1672 rt_us=1130       win_ms=0 share=0.0%
EX15-T tcpip            st=ready    prio=18 core=NA hwm= 2320 rt_us=29912892   win_ms=6 share=0.0%
EX15-HEAP free=259364 largest=131072 min_ever=251992 cap=MALLOC_CAP_8BIT
$$$ EX15-FRAME-END id=5
EX15-HB seq=118 planned_rel_ms=59000 lag_ms=0 prio=5
EX15-NET seq=60 rtt_ms=0 ok=31 tout=29
EX15-HB seq=119 planned_rel_ms=59500 lag_ms=0 prio=5
EX15-HB seq=120 planned_rel_ms=60000 lag_ms=0 prio=5
EX15-NET seq=61 rtt_ms=0 ok=32 tout=29
EX15-HB seq=121 planned_rel_ms=60500 lag_ms=0 prio=5
EX15-HB seq=122 planned_rel_ms=61000 lag_ms=0 prio=5
EX15-NET seq=62 rtt_ms=0 ok=33 tout=29
EX15-HB seq=123 planned_rel_ms=61500 lag_ms=0 prio=5
EX15-HB seq=124 planned_rel_ms=62000 lag_ms=0 prio=5
EX15-NET seq=63 rtt_ms=0 ok=34 tout=29
EX15-HB seq=125 planned_rel_ms=62500 lag_ms=0 prio=5
EX15-HB seq=126 planned_rel_ms=63000 lag_ms=0 prio=5
EX15-NET seq=64 rtt_ms=0 ok=35 tout=29
EX15-HB seq=127 planned_rel_ms=63500 lag_ms=0 prio=5
EX15-HB seq=128 planned_rel_ms=64000 lag_ms=0 prio=5
EX15-NET seq=65 rtt_ms=0 ok=36 tout=29
EX15-HB seq=129 planned_rel_ms=64500 lag_ms=0 prio=5
EX15-HB seq=130 planned_rel_ms=65000 lag_ms=0 prio=5
EX15-NET seq=66 rtt_ms=0 ok=37 tout=29
EX15-HB seq=131 planned_rel_ms=65500 lag_ms=0 prio=5
EX15-HB seq=132 planned_rel_ms=66000 lag_ms=0 prio=5
EX15-NET seq=67 rtt_ms=0 ok=38 tout=29
EX15-HB seq=133 planned_rel_ms=66500 lag_ms=0 prio=5
EX15-HB seq=134 planned_rel_ms=67000 lag_ms=0 prio=5
EX15-NET seq=68 rtt_ms=0 ok=39 tout=29
EX15-HB seq=135 planned_rel_ms=67500 lag_ms=0 prio=5
EX15-HB seq=136 planned_rel_ms=68000 lag_ms=0 prio=5
EX15-NET seq=69 rtt_ms=0 ok=40 tout=29
EX15-HB seq=137 planned_rel_ms=68500 lag_ms=0 prio=5
EX15-HB seq=138 planned_rel_ms=69000 lag_ms=0 prio=5
EX15-NET seq=70 rtt_ms=0 ok=41 tout=29
EX15-HB seq=139 planned_rel_ms=69500 lag_ms=0 prio=5
EX15-HB seq=140 planned_rel_ms=70000 lag_ms=0 prio=5
EX15-NET seq=71 rtt_ms=0 ok=42 tout=29
EX15-HB seq=141 planned_rel_ms=70500 lag_ms=0 prio=5
EX15-HB seq=142 planned_rel_ms=71000 lag_ms=0 prio=5
EX15-NET seq=72 rtt_ms=0 ok=43 tout=29
EX15-HB seq=143 planned_rel_ms=71500 lag_ms=0 prio=5
EX15-HB seq=144 planned_rel_ms=72000 lag_ms=0 prio=5
EX15-NET seq=73 rtt_ms=0 ok=44 tout=29
EX15-HB seq=145 planned_rel_ms=72500 lag_ms=0 prio=5
EX15-HB seq=146 planned_rel_ms=73000 lag_ms=0 prio=5
EX15-NET seq=74 rtt_ms=0 ok=45 tout=29
EX15-HB seq=147 planned_rel_ms=73500 lag_ms=0 prio=5
EX15-HB seq=148 planned_rel_ms=74000 lag_ms=0 prio=5
EX15-NET seq=75 rtt_ms=0 ok=46 tout=29
EX15-HB seq=149 planned_rel_ms=74500 lag_ms=0 prio=5
EX15-HB seq=150 planned_rel_ms=75000 lag_ms=0 prio=5
EX15-NET seq=76 rtt_ms=0 ok=47 tout=29
$$$ EXDONE sc=2(2-slow-raw-callback) result=ok alarms[sched=0 net=1 mbx=0 stk=0] hb_beats=150 net_ok=47 net_tout=29 window_ms=75110
EX15-HB seq=151 planned_rel_ms=75500 lag_ms=0 prio=5
EX15-HB seq=152 planned_rel_ms=76000 lag_ms=0 prio=5
EX15-NET seq=77 rtt_ms=0 ok=48 tout=29
EX15-HB seq=153 planned_rel_ms=76500 lag_ms=0 prio=5
EX15-HB seq=154 planned_rel_ms=77000 lag_ms=0 prio=5
EX15-NET seq=78 rtt_ms=0 ok=49 tout=29
EX15-HB seq=155 planned_rel_ms=77500 lag_ms=0 prio=5
EX15-HB seq=156 planned_rel_ms=78000 lag_ms=0 prio=5
EX15-NET seq=79 rtt_ms=0 ok=50 tout=29
EX15-HB seq=157 planned_rel_ms=78500 lag_ms=0 prio=5
EX15-HB seq=158 planned_rel_ms=79000 lag_ms=0 prio=5
EX15-NET seq=80 rtt_ms=0 ok=51 tout=29
EX15-HB seq=159 planned_rel_ms=79500 lag_ms=0 prio=5
EX15-HB seq=160 planned_rel_ms=80000 lag_ms=0 prio=5
EX15-NET seq=81 rtt_ms=0 ok=52 tout=29
EX15-HB seq=161 planned_rel_ms=80500 lag_ms=0 prio=5
EX15-HB seq=162 planned_rel_ms=81000 lag_ms=0 prio=5
EX15-NET seq=82 rtt_ms=1 ok=53 tout=29
EX15-HB seq=163 planned_rel_ms=81500 lag_ms=0 prio=5
EX15-HB seq=164 planned_rel_ms=82000 lag_ms=0 prio=5
EX15-NET seq=83 rtt_ms=0 ok=54 tout=29
EX15-HB seq=165 planned_rel_ms=82500 lag_ms=0 prio=5
EX15-HB seq=166 planned_rel_ms=83000 lag_ms=0 prio=5
EX15-NET seq=84 rtt_ms=0 ok=55 tout=29
EX15-HB seq=167 planned_rel_ms=83500 lag_ms=0 prio=5
EX15-HB seq=168 planned_rel_ms=84000 lag_ms=0 prio=5
EX15-NET seq=85 rtt_ms=0 ok=56 tout=29
EX15-HB seq=169 planned_rel_ms=84500 lag_ms=0 prio=5
EX15-HB seq=170 planned_rel_ms=85000 lag_ms=0 prio=5
EX15-NET seq=86 rtt_ms=1 ok=57 tout=29
EX15-HB seq=171 planned_rel_ms=85500 lag_ms=0 prio=5
EX15-HB seq=172 planned_rel_ms=86000 lag_ms=0 prio=5
EX15-NET seq=87 rtt_ms=0 ok=58 tout=29
EX15-HB seq=173 planned_rel_ms=86500 lag_ms=0 prio=5
EX15-HB seq=174 planned_rel_ms=87000 lag_ms=0 prio=5
EX15-NET seq=88 rtt_ms=0 ok=59 tout=29
EX15-HB seq=175 planned_rel_ms=87500 lag_ms=0 prio=5
EX15-HB seq=176 planned_rel_ms=88000 lag_ms=0 prio=5
EX15-NET seq=89 rtt_ms=0 ok=60 tout=29
EX15-HB seq=177 planned_rel_ms=88500 lag_ms=0 prio=5
EX15-HB seq=178 planned_rel_ms=89000 lag_ms=0 prio=5
EX15-NET seq=90 rtt_ms=0 ok=61 tout=29
EX15-HB seq=179 planned_rel_ms=89500 lag_ms=0 prio=5
EX15-HB seq=180 planned_rel_ms=90000 lag_ms=0 prio=5
EX15-NET seq=91 rtt_ms=0 ok=62 tout=29
EX15-HB seq=181 planned_rel_ms=90500 lag_ms=0 prio=5
EX15-HB seq=182 planned_rel_ms=91000 lag_ms=0 prio=5
EX15-NET seq=92 rtt_ms=0 ok=63 tout=29
EX15-HB seq=183 planned_rel_ms=91500 lag_ms=0 prio=5
EX15-HB seq=184 planned_rel_ms=92000 lag_ms=0 prio=5
EX15-NET seq=93 rtt_ms=0 ok=64 tout=29
EX15-HB seq=185 planned_rel_ms=92500 lag_ms=0 prio=5
EX15-HB seq=186 planned_rel_ms=93000 lag_ms=0 prio=5
EX15-NET seq=94 rtt_ms=0 ok=65 tout=29
EX15-HB seq=187 planned_rel_ms=93500 lag_ms=0 prio=5
EX15-HB seq=188 planned_rel_ms=94000 lag_ms=0 prio=5
EX15-NET seq=95 rtt_ms=0 ok=66 tout=29
EX15-HB seq=189 planned_rel_ms=94500 lag_ms=0 prio=5
EX15-HB seq=190 planned_rel_ms=95000 lag_ms=0 prio=5
EX15-NET seq=96 rtt_ms=0 ok=67 tout=29
EX15-HB seq=191 planned_rel_ms=95500 lag_ms=0 prio=5
EX15-HB seq=192 planned_rel_ms=96000 lag_ms=0 prio=5
EX15-NET seq=97 rtt_ms=0 ok=68 tout=29
EX15-HB seq=193 planned_rel_ms=96500 lag_ms=0 prio=5
EX15-HB seq=194 planned_rel_ms=97000 lag_ms=0 prio=5
EX15-NET seq=98 rtt_ms=0 ok=69 tout=29
EX15-HB seq=195 planned_rel_ms=97500 lag_ms=0 prio=5
EX15-HB seq=196 planned_rel_ms=98000 lag_ms=0 prio=5
EX15-NET seq=99 rtt_ms=0 ok=70 tout=29
EX15-HB seq=197 planned_rel_ms=98500 lag_ms=0 prio=5
EX15-HB seq=198 planned_rel_ms=99000 lag_ms=0 prio=5
EX15-NET seq=100 rtt_ms=0 ok=71 tout=29
EX15-HB seq=199 planned_rel_ms=99500 lag_ms=0 prio=5
EX15-HB seq=200 planned_rel_ms=100000 lag_ms=0 prio=5
EX15-NET seq=101 rtt_ms=0 ok=72 tout=29
EX15-HB seq=201 planned_rel_ms=100500 lag_ms=0 prio=5
EX15-HB seq=202 planned_rel_ms=101000 lag_ms=0 prio=5
EX15-NET seq=102 rtt_ms=0 ok=73 tout=29
EX15-HB seq=203 planned_rel_ms=101500 lag_ms=0 prio=5
EX15-HB seq=204 planned_rel_ms=102000 lag_ms=0 prio=5
EX15-NET seq=103 rtt_ms=0 ok=74 tout=29
EX15-HB seq=205 planned_rel_ms=102500 lag_ms=0 prio=5
EX15-HB seq=206 planned_rel_ms=103000 lag_ms=0 prio=5
EX15-NET seq=104 rtt_ms=0 ok=75 tout=29
EX15-HB seq=207 planned_rel_ms=103500 lag_ms=0 prio=5
EX15-HB seq=208 planned_rel_ms=104000 lag_ms=0 prio=5
EX15-NET seq=105 rtt_ms=0 ok=76 tout=29
EX15-HB seq=209 planned_rel_ms=104500 lag_ms=0 prio=5
EX15-HB seq=210 planned_rel_ms=105000 lag_ms=0 prio=5
EX15-NET seq=106 rtt_ms=0 ok=77 tout=29
EX15-HB seq=211 planned_rel_ms=105500 lag_ms=0 prio=5
EX15-HB seq=212 planned_rel_ms=106000 lag_ms=0 prio=5
EX15-NET seq=107 rtt_ms=0 ok=78 tout=29
EX15-HB seq=213 planned_rel_ms=106500 lag_ms=0 prio=5
EX15-HB seq=214 planned_rel_ms=107000 lag_ms=0 prio=5
EX15-NET seq=108 rtt_ms=0 ok=79 tout=29
EX15-HB seq=215 planned_rel_ms=107500 lag_ms=0 prio=5
EX15-HB seq=216 planned_rel_ms=108000 lag_ms=0 prio=5
EX15-NET seq=109 rtt_ms=0 ok=80 tout=29
qemu-system-xtensa: terminating on signal 15 from pid 4083571 (timeout)
