Adding SPI flash device
ets Jul 29 2019 12:21:46

rst:0x1 (POWERON_RESET),boot:0x12 (SPI_FAST_FLASH_BOOT)
configsip: 0, SPIWP:0xee
clk_drv:0x00,q_drv:0x00,d_drv:0x00,cs0_drv:0x00,hd_drv:0x00,wp_drv:0x00
mode:DIO, clock div:2
load:0x3fff0040,len:6272
load:0x40078000,len:15820
load:0x40080400,len:3920
entry 0x40080644
I (677) boot: ESP-IDF v6.0.2 2nd stage bootloader
I (678) boot: compile time Aug 27 2026 00:05:18
I (678) boot: Multicore bootloader
I (716) boot: chip revision: v3.0
I (717) boot.esp32: SPI Speed      : 40MHz
I (717) boot.esp32: SPI Mode       : DIO
I (717) boot.esp32: SPI Flash Size : 2MB
I (722) boot: Enabling RNG early entropy source...
I (727) boot: Partition Table:
I (730) boot: ## Label            Usage          Type ST Offset   Length
I (730) boot:  0 nvs              WiFi data        01 02 00009000 00006000
I (730) boot:  1 phy_init         RF data          01 01 0000f000 00001000
I (730) boot:  2 factory          factory app      00 00 00010000 00100000
I (733) boot: End of partition table
I (777) esp_image: segment 0: paddr=00010020 vaddr=3f400020 size=0b4a4h ( 46244) map
I (801) esp_image: segment 1: paddr=0001b4cc vaddr=3ffb0000 size=02a0ch ( 10764) load
I (823) esp_image: segment 2: paddr=0001dee0 vaddr=40080000 size=02138h (  8504) load
I (844) esp_image: segment 3: paddr=00020020 vaddr=400d0020 size=1fbd0h (130000) map
I (867) esp_image: segment 4: paddr=0003fbf8 vaddr=40082138 size=08b60h ( 35680) load
I (882) esp_image: segment 5: paddr=00048760 vaddr=50000000 size=00028h (    40) load
I (942) boot: Loaded app from partition at offset 0x10000
I (942) boot: Disabling RNG early entropy source...
I (955) cpu_start: Multicore app
I (1602) cpu_start: GPIO 3 and 1 are used as console UART I/O pins
I (1605) cpu_start: Pro cpu start user code
I (1605) cpu_start: cpu freq: 160000000 Hz
I (1605) app_init: Application information:
I (1605) app_init: Project name:     hello_world
I (1605) app_init: App version:      924d871
I (1605) app_init: Compile time:     Aug 27 2026 00:05:17
I (1606) app_init: ELF file SHA256:  28307b29a...
I (1606) app_init: ESP-IDF:          v6.0.2
I (1606) efuse_init: Min chip rev:     v0.0
I (1606) efuse_init: Max chip rev:     v3.99 
I (1606) efuse_init: Chip rev:         v3.0
I (1607) heap_init: Initializing. RAM available for dynamic allocation:
I (1607) heap_init: At 3FFAE6E0 len 00001920 (6 KiB): DRAM
I (1608) heap_init: At 3FFB3F78 len 0002C088 (176 KiB): DRAM
I (1608) heap_init: At 3FFE0440 len 00003AE0 (14 KiB): D/IRAM
I (1608) heap_init: At 3FFE4350 len 0001BCB0 (111 KiB): D/IRAM
I (1608) heap_init: At 4008AC98 len 00015368 (84 KiB): IRAM
I (1640) spi_flash: detected chip: winbond
I (1645) spi_flash: flash io: dio
I (1659) main_task: Started on CPU0
I (1659) main_task: Calling app_main()

=== ch02: ESP-IDF network architecture probe ===
[1] LWIP_VERSION_STRING = 2.2.0d
[2] compile-time configuration:
  NO_SYS                           = 0
  LWIP_SOCKET                      = 1
  LWIP_NETCONN                     = 1
  LWIP_TCPIP_CORE_LOCKING          = 0
  TCPIP_MBOX_SIZE                  = 32
  LWIP_TCPIP_TASK_AFFINITY         = 2147483647
  FD_SETSIZE                       = 64
  CONFIG_LWIP_MAX_SOCKETS          = 10
  LWIP_SOCKET_OFFSET               = 54
  MEMP_NUM_TCP_PCB (MAX_ACTIVE_TCP) = 16
  TCP_SND_BUF                      = 5760
  TCP_WND                          = 5760
  MEM_LIBC_MALLOC                  = 1
  MEMP_MEM_MALLOC                  = 1
  LWIP_STATS                       = 1
[3] boot sequence: event loop -> esp_netif_init()
[4] protocol statistics baseline:
-- stats baseline (before any activity, no netif exists) --

LINK
	xmit: 0
	recv: 0
	fw: 0
	drop: 0
	chkerr: 0
	lenerr: 0
	memerr: 0
	rterr: 0
	proterr: 0
	opterr: 0
	err: 0
	cachehit: 0

ETHARP
	xmit: 0
	recv: 0
	fw: 0
	drop: 0
	chkerr: 0
	lenerr: 0
	memerr: 0
	rterr: 0
	proterr: 0
	opterr: 0
	err: 0
	cachehit: 0

IP
	xmit: 0
	recv: 0
	fw: 0
	drop: 0
	chkerr: 0
	lenerr: 0
	memerr: 0
	rterr: 0
	proterr: 0
	opterr: 0
	err: 0
	cachehit: 0

ICMP
	xmit: 0
	recv: 0
	fw: 0
	drop: 0
	chkerr: 0
	lenerr: 0
	memerr: 0
	rterr: 0
	proterr: 0
	opterr: 0
	err: 0
	cachehit: 0

UDP
	xmit: 0
	recv: 0
	fw: 0
	drop: 0
	chkerr: 0
	lenerr: 0
	memerr: 0
	rterr: 0
	proterr: 0
	opterr: 0
	err: 0
	cachehit: 0

TCP
	xmit: 0
	recv: 0
	fw: 0
	drop: 0
	chkerr: 0
	lenerr: 0
	memerr: 0
	rterr: 0
	proterr: 0
	opterr: 0
	err: 0
	cachehit: 0
-- after socket(): fd = 54 (expect >= LWIP_SOCKET_OFFSET)
-- after close(fd): VFS slot released back to the pool
=== done; no real interface created, application idles ===
qemu-system-xtensa: terminating on signal 15 from pid 3164192 (timeout)
