Adding SPI flash device
ets Jul 29 2019 12:21:46

rst:0x1 (POWERON_RESET),boot:0x12 (SPI_FAST_FLASH_BOOT)
configsip: 0, SPIWP:0xee
clk_drv:0x00,q_drv:0x00,d_drv:0x00,cs0_drv:0x00,hd_drv:0x00,wp_drv:0x00
mode:DIO, clock div:2
load:0x3fff0040,len:6272
load:0x40078000,len:15820
load:0x40080400,len:3920
entry 0x40080644
I (693) boot: ESP-IDF v6.0.2 2nd stage bootloader
I (693) boot: compile time Aug 27 2026 03:28:46
I (693) boot: Multicore bootloader
I (739) boot: chip revision: v3.0
I (740) boot.esp32: SPI Speed      : 40MHz
I (740) boot.esp32: SPI Mode       : DIO
I (741) boot.esp32: SPI Flash Size : 2MB
I (745) boot: Enabling RNG early entropy source...
I (751) boot: Partition Table:
I (752) boot: ## Label            Usage          Type ST Offset   Length
I (752) boot:  0 nvs              WiFi data        01 02 00009000 00006000
I (752) boot:  1 phy_init         RF data          01 01 0000f000 00001000
I (752) boot:  2 factory          factory app      00 00 00010000 00100000
I (755) boot: End of partition table
I (783) esp_image: segment 0: paddr=00010020 vaddr=3f400020 size=1162ch ( 71212) map
I (801) esp_image: segment 1: paddr=00021654 vaddr=3ffb0000 size=03848h ( 14408) load
I (815) esp_image: segment 2: paddr=00024ea4 vaddr=40080000 size=0b174h ( 45428) load
I (831) esp_image: segment 3: paddr=00030020 vaddr=400d0020 size=399a4h (235940) map
I (853) esp_image: segment 4: paddr=000699cc vaddr=4008b174 size=03f70h ( 16240) load
I (868) esp_image: segment 5: paddr=0006d944 vaddr=50000000 size=00028h (    40) load
I (910) boot: Loaded app from partition at offset 0x10000
I (910) boot: Disabling RNG early entropy source...
I (923) cpu_start: Multicore app
I (1530) cpu_start: GPIO 3 and 1 are used as console UART I/O pins
I (1532) cpu_start: Pro cpu start user code
I (1533) cpu_start: cpu freq: 160000000 Hz
I (1533) app_init: Application information:
I (1533) app_init: Project name:     lwip_ch18_esp32_wifi_lwip_integ
I (1533) app_init: App version:      924d871
I (1533) app_init: Compile time:     Aug 27 2026 03:29:40
I (1533) app_init: ELF file SHA256:  e168c2c1d...
I (1533) app_init: ESP-IDF:          v6.0.2
I (1533) efuse_init: Min chip rev:     v0.0
I (1533) efuse_init: Max chip rev:     v3.99 
I (1533) efuse_init: Chip rev:         v3.0
I (1534) heap_init: Initializing. RAM available for dynamic allocation:
I (1534) heap_init: At 3FFAE6E0 len 00001920 (6 KiB): DRAM
I (1535) heap_init: At 3FFBB3A0 len 00024C60 (147 KiB): DRAM
I (1535) heap_init: At 3FFE0440 len 00003AE0 (14 KiB): D/IRAM
I (1535) heap_init: At 3FFE4350 len 0001BCB0 (111 KiB): D/IRAM
I (1535) heap_init: At 4008F0E4 len 00010F1C (67 KiB): IRAM
I (1564) spi_flash: detected chip: winbond
I (1568) spi_flash: flash io: dio
I (1581) main_task: Started on CPU0
I (1581) main_task: Calling app_main()
I (1581) ch18lab: == ch18 lab: wifi seam symbols in elf + openeth lossy-linkoutput A/B ==
I (1581) ch18lab: wifi sta netif object created @0x3ffc003c (object-level only, no RF)
I (1591) ch18lab: echo server listening on 0.0.0.0:8888
I (1611) esp_eth.netif.netif_glue: 52:54:00:12:34:56
I (1611) esp_eth.netif.netif_glue: ethernet attached to netif
E (1711) esp_eth: esp_eth_ioctl(533): add mac address to filter not supported
E (1711) esp_eth.netif.netif_glue: eth_set_mac_filter(56): failed to add mac filter
E (1711) esp_netif_lwip: Failed to add multicast filter for IPv4
I (1711) ch18lab: waiting for DHCP lease ...
I (2711) ch18lab: GOT_IP: 10.0.2.15/255.255.255.0 gw 10.0.2.2
I (2711) esp_netif_handlers: eth ip: 10.0.2.15, mask: 255.255.255.0, gw: 10.0.2.2
I (2711) ch18lab: ETH netif impl @0x3ffc2618 name=en1
I (2931) ch18lab: echo: 1 msgs, 64 bytes
I (3081) ch18lab: echo: client disconnected after 300 msgs/19200 bytes
I (3111) ch18lab: echo: 1 msgs, 1440 bytes
W (3161) opencores.emac: emac_opencores_isr_handler: RX frame dropped (0x14)
W (3181) opencores.emac: emac_opencores_isr_handler: RX frame dropped (0x14)
W (3221) opencores.emac: emac_opencores_isr_handler: RX frame dropped (0x14)
W (3231) opencores.emac: emac_opencores_isr_handler: RX frame dropped (0x14)
W (3331) opencores.emac: emac_opencores_isr_handler: RX frame dropped (0x14)
W (3371) opencores.emac: emac_opencores_isr_handler: RX frame dropped (0x14)
W (3411) opencores.emac: emac_opencores_isr_handler: RX frame dropped (0x14)
W (3411) opencores.emac: emac_opencores_isr_handler: RX frame dropped (0x14)
W (4441) opencores.emac: emac_opencores_isr_handler: RX frame dropped (0x14)
W (4451) opencores.emac: emac_opencores_isr_handler: RX frame dropped (0x14)
W (4471) opencores.emac: emac_opencores_isr_handler: RX frame dropped (0x14)
W (4481) opencores.emac: emac_opencores_isr_handler: RX frame dropped (0x14)
W (4521) opencores.emac: emac_opencores_isr_handler: RX frame dropped (0x14)
W (5941) opencores.emac: emac_opencores_isr_handler: RX frame dropped (0x14)
W (5941) opencores.emac: emac_opencores_isr_handler: RX frame dropped (0x14)
W (5941) opencores.emac: emac_opencores_isr_handler: RX frame dropped (0x14)
W (5941) opencores.emac: emac_opencores_isr_handler: RX frame dropped (0x14)
W (5951) opencores.emac: emac_opencores_isr_handler: RX frame dropped (0x14)
W (5961) opencores.emac: emac_opencores_isr_handler: RX frame dropped (0x14)
W (5961) opencores.emac: emac_opencores_isr_handler: RX frame dropped (0x14)
W (5971) opencores.emac: emac_opencores_isr_handler: RX frame dropped (0x14)
W (5971) opencores.emac: emac_opencores_isr_handler: RX frame dropped (0x14)
W (7441) opencores.emac: emac_opencores_isr_handler: RX frame dropped (0x14)
W (7441) opencores.emac: emac_opencores_isr_handler: RX frame dropped (0x14)
W (7451) opencores.emac: emac_opencores_isr_handler: RX frame dropped (0x14)
W (8951) opencores.emac: emac_opencores_isr_handler: RX frame dropped (0x14)
I (9061) ch18lab: echo: 513 msgs, 2810112 bytes
W (9101) opencores.emac: emac_opencores_isr_handler: RX frame dropped (0x14)
W (9131) opencores.emac: emac_opencores_isr_handler: RX frame dropped (0x14)
W (9181) opencores.emac: emac_opencores_isr_handler: RX frame dropped (0x14)
W (9181) opencores.emac: emac_opencores_isr_handler: RX frame dropped (0x14)
W (10441) opencores.emac: emac_opencores_isr_handler: RX frame dropped (0x14)
W (10441) opencores.emac: emac_opencores_isr_handler: RX frame dropped (0x14)
W (10461) opencores.emac: emac_opencores_isr_handler: RX frame dropped (0x14)
W (10481) opencores.emac: emac_opencores_isr_handler: RX frame dropped (0x14)
W (10481) opencores.emac: emac_opencores_isr_handler: RX frame dropped (0x14)
W (10481) opencores.emac: emac_opencores_isr_handler: RX frame dropped (0x14)
W (11941) opencores.emac: emac_opencores_isr_handler: RX frame dropped (0x14)
W (11971) opencores.emac: emac_opencores_isr_handler: RX frame dropped (0x14)
I (12011) ch18lab: echo: client disconnected after 767 msgs/4194304 bytes
I (12041) ch18lab: echo: client disconnected after 1 msgs/12 bytes
I (12041) ch18lab: INJECT: linkoutput wrapped, loss=10% seed=0x20260826
I (13071) ch18lab: echo: 1 msgs, 64 bytes
I (83561) ch18lab: echo: client disconnected after 300 msgs/19200 bytes
I (83601) ch18lab: echo: 1 msgs, 1440 bytes
W (95561) opencores.emac: emac_opencores_isr_handler: RX frame dropped (0x14)
W (95561) opencores.emac: emac_opencores_isr_handler: RX frame dropped (0x14)
I (117081) ch18lab: echo: client disconnected after 24 msgs/131072 bytes
I (117111) ch18lab: INJECT: removed, pass=538 drop=56 (9%)
I (117111) ch18lab: echo: client disconnected after 1 msgs/13 bytes
qemu-system-xtensa: terminating on signal 15 from pid 3464556 (/bin/bash)
