DRTT id=B idx=0 mono=314061.181 us=6228.8
DRTT id=A idx=0 mono=314061.181 us=6549.1
DRTT id=B idx=1 mono=314061.232 us=931.4
DRTT id=A idx=1 mono=314061.233 us=1155.8
DRTT id=B idx=2 mono=314061.283 us=751.3
DRTT id=A idx=2 mono=314061.284 us=701.1
DRTT id=B idx=3 mono=314061.334 us=1228.7
DRTT id=A idx=3 mono=314061.335 us=955.7
DRTT id=B idx=4 mono=314061.385 us=874.8
DRTT id=A idx=4 mono=314061.386 us=1176.4
DRTT id=B idx=5 mono=314061.436 us=475.8
DRTT id=A idx=5 mono=314061.437 us=453.2
DRTT id=B idx=6 mono=314061.487 us=495.6
DRTT id=A idx=6 mono=314061.488 us=680.0
DRTT id=B idx=7 mono=314061.537 us=501.8
DRTT id=A idx=7 mono=314061.538 us=437.4
DRTT id=B idx=8 mono=314061.588 us=398.8
DRTT id=A idx=8 mono=314061.588 us=156.6
DRTT id=A idx=9 mono=314061.639 us=266.1
DRTT id=B idx=9 mono=314061.639 us=792.0
DRTT id=B idx=10 mono=314061.690 us=640.0
DRTT id=A idx=10 mono=314061.690 us=827.9
DRTT id=B idx=11 mono=314061.741 us=611.3
DRTT id=A idx=11 mono=314061.741 us=636.2
DRTT id=A idx=12 mono=314061.792 us=590.9
DRTT id=B idx=12 mono=314061.792 us=563.6
DRTT id=B idx=13 mono=314061.842 us=513.3
DRTT id=A idx=13 mono=314061.842 us=708.4
DRTT id=A idx=14 mono=314061.893 us=392.1
DRTT id=B idx=14 mono=314061.893 us=614.8
DRTT id=A idx=15 mono=314061.944 us=962.7
DRTT id=B idx=15 mono=314061.944 us=812.1
DRTT id=A idx=16 mono=314061.995 us=622.0
DRTT id=B idx=16 mono=314061.995 us=476.6
DRTT id=A idx=17 mono=314062.046 us=467.2
DRTT id=B idx=17 mono=314062.046 us=407.0
DRTT id=A idx=18 mono=314062.097 us=792.0
DRTT id=B idx=18 mono=314062.097 us=633.8
DRTT id=A idx=19 mono=314062.148 us=891.3
DRTT id=B idx=19 mono=314062.148 us=786.0
DRTT id=B idx=20 mono=314062.199 us=577.8
DRTT id=A idx=20 mono=314062.199 us=722.3
DRTT id=B idx=21 mono=314062.249 us=630.1
DRTT id=A idx=21 mono=314062.249 us=661.9
DRTT id=B idx=22 mono=314062.300 us=902.0
DRTT id=A idx=22 mono=314062.300 us=930.3
DRTT id=B idx=23 mono=314062.351 us=577.4
DRTT id=A idx=23 mono=314062.351 us=546.7
DRTT id=B idx=24 mono=314062.402 us=675.6
DRTT id=A idx=24 mono=314062.403 us=955.8
DRTT id=B idx=25 mono=314062.453 us=707.4
DRTT id=A idx=25 mono=314062.453 us=533.7
DRTT id=B idx=26 mono=314062.504 us=748.6
DRTT id=A idx=26 mono=314062.504 us=934.1
DRTT id=B idx=27 mono=314062.555 us=708.3
DRTT id=A idx=27 mono=314062.555 us=751.2
DRTT id=B idx=28 mono=314062.606 us=539.4
DRTT id=A idx=28 mono=314062.606 us=630.8
DRTT id=B idx=29 mono=314062.656 us=533.7
DRTT id=A idx=29 mono=314062.657 us=537.3
DRTT id=B idx=30 mono=314062.707 us=707.3
DRTT id=A idx=30 mono=314062.707 us=754.7
DRTT id=B idx=31 mono=314062.758 us=689.4
DRTT id=A idx=31 mono=314062.758 us=855.0
DRTT id=B idx=32 mono=314062.809 us=781.4
DRTT id=A idx=32 mono=314062.809 us=684.1
DRTT id=B idx=33 mono=314062.860 us=715.5
DRTT id=A idx=33 mono=314062.860 us=742.5
DRTT id=B idx=34 mono=314062.911 us=732.8
DRTT id=A idx=34 mono=314062.911 us=788.4
DRTT id=B idx=35 mono=314062.962 us=706.9
DRTT id=A idx=35 mono=314062.962 us=851.0
DRTT id=B idx=36 mono=314063.013 us=802.5
DRTT id=A idx=36 mono=314063.013 us=905.0
DRTT id=B idx=37 mono=314063.064 us=762.2
DRTT id=A idx=37 mono=314063.064 us=808.5
DRTT id=B idx=38 mono=314063.115 us=665.3
DRTT id=A idx=38 mono=314063.115 us=751.2
DRTT id=B idx=39 mono=314063.166 us=695.1
DRTT id=A idx=39 mono=314063.166 us=768.3
DRTT id=B idx=40 mono=314063.217 us=750.1
DRTT id=A idx=40 mono=314063.217 us=758.5
DRTT id=B idx=41 mono=314063.268 us=914.8
DRTT id=A idx=41 mono=314063.268 us=1054.0
DRTT id=B idx=42 mono=314063.319 us=704.7
DRTT id=A idx=42 mono=314063.319 us=849.5
DRTT id=B idx=43 mono=314063.369 us=419.6
DRTT id=A idx=43 mono=314063.369 us=198.3
DRTT id=B idx=44 mono=314063.420 us=469.0
DRTT id=A idx=44 mono=314063.420 us=511.6
DRTT id=B idx=45 mono=314063.471 us=684.3
DRTT id=A idx=45 mono=314063.471 us=714.2
DRTT id=B idx=46 mono=314063.522 us=779.7
DRTT id=A idx=46 mono=314063.522 us=806.1
DRTT id=B idx=47 mono=314063.572 us=482.3
DRTT id=A idx=47 mono=314063.573 us=616.4
DRTT id=B idx=48 mono=314063.623 us=612.4
DRTT id=A idx=48 mono=314063.623 us=500.9
DRTT id=B idx=49 mono=314063.674 us=616.1
DRTT id=A idx=49 mono=314063.674 us=679.7
DRTT id=B idx=50 mono=314063.725 us=471.8
DRTT id=A idx=50 mono=314063.725 us=608.0
DRTT id=B idx=51 mono=314063.775 us=492.1
DRTT id=A idx=51 mono=314063.775 us=512.6
DRTT id=B idx=52 mono=314063.826 us=554.8
DRTT id=A idx=52 mono=314063.826 us=550.1
DRTT id=B idx=53 mono=314063.877 us=545.5
DRTT id=A idx=53 mono=314063.877 us=586.3
DRTT id=B idx=54 mono=314063.928 us=737.4
DRTT id=A idx=54 mono=314063.928 us=818.2
DRTT id=B idx=55 mono=314063.979 us=742.3
DRTT id=A idx=55 mono=314063.979 us=825.8
DRTT id=B idx=56 mono=314064.030 us=661.6
DRTT id=A idx=56 mono=314064.030 us=664.5
DRTT id=B idx=57 mono=314064.080 us=573.0
DRTT id=A idx=57 mono=314064.080 us=679.0
DRTT id=B idx=58 mono=314064.131 us=656.4
DRTT id=A idx=58 mono=314064.131 us=697.3
DRTT id=B idx=59 mono=314064.182 us=615.2
DRTT id=A idx=59 mono=314064.182 us=718.6
DRTT id=B idx=60 mono=314064.233 us=774.8
DRTT id=A idx=60 mono=314064.233 us=974.7
DRTT id=B idx=61 mono=314064.284 us=726.8
DRTT id=A idx=61 mono=314064.284 us=698.0
DRTT id=B idx=62 mono=314064.335 us=571.3
DRTT id=A idx=62 mono=314064.335 us=593.6
DRTT id=B idx=63 mono=314064.386 us=790.9
DRTT id=A idx=63 mono=314064.386 us=797.6
DRTT id=B idx=64 mono=314064.437 us=811.7
DRTT id=A idx=64 mono=314064.437 us=626.1
DRTT id=A idx=65 mono=314064.487 us=640.9
DRTT id=B idx=65 mono=314064.488 us=799.6
DRTT id=A idx=66 mono=314064.538 us=605.1
DRTT id=B idx=66 mono=314064.538 us=578.8
DRTT id=B idx=67 mono=314064.589 us=709.5
DRTT id=A idx=67 mono=314064.589 us=847.4
DRTT id=B idx=68 mono=314064.640 us=785.0
DRTT id=A idx=68 mono=314064.640 us=870.4
DRTT id=B idx=69 mono=314064.691 us=551.6
DRTT id=A idx=69 mono=314064.691 us=639.9
DRTT id=B idx=70 mono=314064.742 us=692.8
DRTT id=A idx=70 mono=314064.742 us=686.4
DRTT id=B idx=71 mono=314064.792 us=593.8
DRTT id=A idx=71 mono=314064.793 us=609.0
DRTT id=B idx=72 mono=314064.843 us=785.9
DRTT id=A idx=72 mono=314064.843 us=780.2
DRTT id=B idx=73 mono=314064.894 us=672.9
DRTT id=A idx=73 mono=314064.894 us=676.2
DRTT id=B idx=74 mono=314064.945 us=683.2
DRTT id=A idx=74 mono=314064.945 us=706.7
DRTT id=B idx=75 mono=314064.996 us=558.2
DRTT id=A idx=75 mono=314064.996 us=536.3
DRTT id=B idx=76 mono=314065.047 us=607.2
DRTT id=A idx=76 mono=314065.047 us=626.8
DRTT id=B idx=77 mono=314065.097 us=720.1
DRTT id=A idx=77 mono=314065.098 us=684.0
DRTT id=B idx=78 mono=314065.148 us=703.3
DRTT id=A idx=78 mono=314065.148 us=752.6
DRTT id=A idx=79 mono=314065.199 us=657.2
DRTT id=B idx=79 mono=314065.199 us=733.7
DRTT id=B idx=80 mono=314065.251 us=1178.1
DRTT id=A idx=80 mono=314065.251 us=1371.0
DRTT-CORRUPT id=B idx=81
DRTT id=A idx=81 mono=314065.303 us=1550.8
DRTT id=A idx=82 mono=314065.353 us=747.9
DRTT id=A idx=83 mono=314065.405 us=892.3
DRTT id=A idx=84 mono=314065.456 us=534.8
DRTT id=A idx=85 mono=314065.507 us=701.0
DRTT id=A idx=86 mono=314065.558 us=755.7
DRTT id=A idx=87 mono=314065.608 us=643.3
DRTT id=A idx=88 mono=314065.659 us=639.2
DRTT id=A idx=89 mono=314065.710 us=500.9
DRTT id=A idx=90 mono=314065.761 us=577.8
DRTT id=A idx=91 mono=314065.811 us=424.7
DRTT id=A idx=92 mono=314065.862 us=415.9
DRTT id=A idx=93 mono=314065.912 us=383.5
DRTT id=A idx=94 mono=314065.963 us=397.9
DRTT id=A idx=95 mono=314066.014 us=504.4
DRTT id=A idx=96 mono=314066.065 us=688.0
DRTT id=A idx=97 mono=314066.115 us=556.0
DRTT id=A idx=98 mono=314066.166 us=738.3
DRTT id=A idx=99 mono=314066.217 us=460.0
DRTT id=A idx=100 mono=314066.268 us=479.3
DRTT id=A idx=101 mono=314066.319 us=587.4
DRTT id=A idx=102 mono=314066.370 us=635.6
DRTT id=A idx=103 mono=314066.421 us=542.5
DRTT id=A idx=104 mono=314066.471 us=561.0
DRTT id=A idx=105 mono=314066.522 us=539.0
DRTT id=A idx=106 mono=314066.573 us=458.5
DRTT id=A idx=107 mono=314066.623 us=554.4
DRTT id=A idx=108 mono=314066.674 us=624.2
DRTT id=A idx=109 mono=314066.725 us=528.1
DRTT id=A idx=110 mono=314066.776 us=549.0
DRTT id=A idx=111 mono=314066.826 us=538.3
DRTT id=A idx=112 mono=314066.877 us=782.8
DRTT id=A idx=113 mono=314066.928 us=638.3
DRTT id=A idx=114 mono=314066.980 us=1255.8
DRTT id=A idx=115 mono=314067.031 us=695.4
DRTT id=A idx=116 mono=314067.081 us=664.1
DRTT id=A idx=117 mono=314067.132 us=870.4
DRTT id=A idx=118 mono=314067.183 us=575.9
DRTT id=A idx=119 mono=314067.234 us=700.9
DRTT id=A idx=120 mono=314067.285 us=685.4
DRTT id=A idx=121 mono=314067.335 us=397.0
DRTT id=A idx=122 mono=314067.387 us=1122.7
DRTT id=A idx=123 mono=314067.438 us=680.1
DRTT id=A idx=124 mono=314067.489 us=1028.4
DRTT id=A idx=125 mono=314067.540 us=805.4
DRTT id=A idx=126 mono=314067.590 us=466.3
DRTT id=A idx=127 mono=314067.641 us=689.1
DRTT id=A idx=128 mono=314067.692 us=671.6
DRTT id=A idx=129 mono=314067.743 us=594.9
DRTT id=A idx=130 mono=314067.794 us=777.3
DRTT id=A idx=131 mono=314067.845 us=764.0
DRTT id=A idx=132 mono=314067.896 us=496.9
DRTT id=A idx=133 mono=314067.946 us=611.8
DRTT id=A idx=134 mono=314067.997 us=604.1
DRTT id=A idx=135 mono=314068.048 us=541.8
DRTT id=A idx=136 mono=314068.099 us=637.0
DRTT id=A idx=137 mono=314068.150 us=586.6
DRTT id=A idx=138 mono=314068.201 us=674.1
DRTT id=A idx=139 mono=314068.251 us=381.5
DRTT id=A idx=140 mono=314068.302 us=659.3
DRTT id=A idx=141 mono=314068.353 us=751.6
DRTT id=A idx=142 mono=314068.404 us=904.7
DRTT id=A idx=143 mono=314068.455 us=594.1
DRTT id=A idx=144 mono=314068.506 us=494.3
DRTT id=A idx=145 mono=314068.556 us=434.4
DRTT id=A idx=146 mono=314068.607 us=501.0
DRTT id=A idx=147 mono=314068.658 us=433.6
DRTT id=A idx=148 mono=314068.708 us=528.4
DRTT id=A idx=149 mono=314068.759 us=467.9
DRTT id=A idx=150 mono=314068.810 us=425.8
DRTT id=A idx=151 mono=314068.861 us=488.9
DRTT id=A idx=152 mono=314068.911 us=435.5
DRTT id=A idx=153 mono=314068.962 us=524.5
DRTT id=A idx=154 mono=314069.013 us=612.4
DRTT id=A idx=155 mono=314069.063 us=528.9
DRTT id=A idx=156 mono=314069.114 us=468.7
DRTT id=A idx=157 mono=314069.165 us=469.5
DRTT id=A idx=158 mono=314069.216 us=579.5
DRTT id=A idx=159 mono=314069.266 us=549.5
DRTT id=A idx=160 mono=314069.317 us=555.9
DRTT id=A idx=161 mono=314069.368 us=590.6
DRTT id=A idx=162 mono=314069.419 us=509.0
DRTT id=A idx=163 mono=314069.469 us=500.7
DRTT id=A idx=164 mono=314069.520 us=463.7
DRTT id=A idx=165 mono=314069.571 us=620.5
DRTT id=A idx=166 mono=314069.621 us=462.3
DRTT id=A idx=167 mono=314069.672 us=361.4
DRTT id=A idx=168 mono=314069.723 us=598.8
DRTT id=A idx=169 mono=314069.774 us=579.3
DRTT id=A idx=170 mono=314069.824 us=406.3
DRTT id=A idx=171 mono=314069.875 us=412.1
DRTT id=A idx=172 mono=314069.925 us=467.5
DRTT id=A idx=173 mono=314069.976 us=473.8
DRTT id=A idx=174 mono=314070.027 us=468.2
DRTT id=A idx=175 mono=314070.077 us=443.7
DRTT id=A idx=176 mono=314070.128 us=492.8
DRTT id=A idx=177 mono=314070.179 us=456.1
DRTT id=A idx=178 mono=314070.229 us=450.9
DRTT id=A idx=179 mono=314070.280 us=502.7
DRTT id=A idx=180 mono=314070.331 us=724.5
DRTT id=A idx=181 mono=314070.382 us=498.0
DRTT id=A idx=182 mono=314070.432 us=481.7
DRTT id=A idx=183 mono=314070.483 us=628.8
DRTT id=A idx=184 mono=314070.534 us=882.0
DRTT id=A idx=185 mono=314070.585 us=707.0
DRTT id=A idx=186 mono=314070.636 us=773.8
DRTT id=A idx=187 mono=314070.687 us=538.1
DRTT id=A idx=188 mono=314070.738 us=497.1
DRTT id=A idx=189 mono=314070.788 us=587.2
DRTT id=A idx=190 mono=314070.839 us=509.6
DRTT id=A idx=191 mono=314070.890 us=567.7
DRTT id=A idx=192 mono=314070.941 us=546.1
DRTT id=A idx=193 mono=314070.991 us=441.0
DRTT id=A idx=194 mono=314071.042 us=506.9
DRTT id=A idx=195 mono=314071.093 us=832.1
DRTT id=A idx=196 mono=314071.144 us=517.6
DRTT id=A idx=197 mono=314071.195 us=735.9
DRTT id=A idx=198 mono=314071.246 us=790.1
DRTT id=A idx=199 mono=314071.297 us=848.5
DRTT id=A idx=200 mono=314071.348 us=793.2
DRTT id=A idx=201 mono=314071.399 us=832.9
DRTT id=A idx=202 mono=314071.449 us=562.8
DRTT id=A idx=203 mono=314071.500 us=606.6
DRTT id=A idx=204 mono=314071.551 us=779.2
DRTT id=A idx=205 mono=314071.602 us=641.5
DRTT id=A idx=206 mono=314071.653 us=684.2
DRTT id=A idx=207 mono=314071.704 us=514.7
DRTT id=A idx=208 mono=314071.755 us=641.0
DRTT id=A idx=209 mono=314071.805 us=523.2
DRTT id=A idx=210 mono=314071.856 us=729.4
DRTT id=A idx=211 mono=314071.907 us=521.3
DRTT id=A idx=212 mono=314071.958 us=613.9
DRTT id=A idx=213 mono=314072.008 us=541.4
DRTT id=A idx=214 mono=314072.059 us=785.2
DRTT id=A idx=215 mono=314072.110 us=622.2
DRTT id=A idx=216 mono=314072.161 us=699.3
DRTT id=A idx=217 mono=314072.212 us=622.2
DRTT id=A idx=218 mono=314072.263 us=705.3
DRTT id=A idx=219 mono=314072.314 us=758.2
DRTT id=A idx=220 mono=314072.365 us=731.2
DRTT id=A idx=221 mono=314072.416 us=675.8
DRTT id=A idx=222 mono=314072.467 us=638.4
DRTT id=A idx=223 mono=314072.518 us=728.9
DRTT id=A idx=224 mono=314072.568 us=598.9
DRTT id=A idx=225 mono=314072.619 us=414.0
DRTT id=A idx=226 mono=314072.670 us=495.9
DRTT id=A idx=227 mono=314072.721 us=506.0
DRTT id=A idx=228 mono=314072.771 us=668.9
DRTT id=A idx=229 mono=314072.822 us=523.2
DRTT id=A idx=230 mono=314072.873 us=647.0
DRTT id=A idx=231 mono=314072.924 us=660.3
DRTT id=A idx=232 mono=314072.975 us=932.9
DRTT id=A idx=233 mono=314073.026 us=764.5
DRTT id=A idx=234 mono=314073.077 us=833.9
DRTT id=A idx=235 mono=314073.128 us=822.1
DRTT id=A idx=236 mono=314073.179 us=813.3
DRTT id=A idx=237 mono=314073.230 us=599.9
DRTT id=A idx=238 mono=314073.281 us=674.5
DRTT id=A idx=239 mono=314073.332 us=692.0
DRTT id=A idx=240 mono=314073.382 us=558.4
DRTT id=A idx=241 mono=314073.433 us=655.1
DRTT id=A idx=242 mono=314073.484 us=635.8
DRTT id=A idx=243 mono=314073.535 us=623.3
DRTT id=A idx=244 mono=314073.586 us=637.9
DRTT id=A idx=245 mono=314073.637 us=782.0
DRTT id=A idx=246 mono=314073.688 us=739.8
DRTT id=A idx=247 mono=314073.739 us=497.7
DRTT id=A idx=248 mono=314073.789 us=650.9
DRTT id=A idx=249 mono=314073.840 us=602.2
DRTT id=A idx=250 mono=314073.891 us=640.5
DRTT id=A idx=251 mono=314073.942 us=639.4
DRTT id=A idx=252 mono=314073.992 us=452.9
DRTT id=A idx=253 mono=314074.043 us=615.4
DRTT id=A idx=254 mono=314074.094 us=572.9
DRTT id=A idx=255 mono=314074.145 us=658.4
DRTT id=A idx=256 mono=314074.196 us=619.4
DRTT id=A idx=257 mono=314074.246 us=622.5
DRTT id=A idx=258 mono=314074.297 us=734.8
DRTT id=A idx=259 mono=314074.348 us=652.9
DRTT id=A idx=260 mono=314074.399 us=600.6
DRTT id=A idx=261 mono=314074.450 us=647.0
DRTT id=A idx=262 mono=314074.501 us=625.7
DRTT id=A idx=263 mono=314074.552 us=671.1
DRTT id=A idx=264 mono=314074.602 us=700.1
DRTT id=A idx=265 mono=314074.654 us=892.5
DRTT id=A idx=266 mono=314074.704 us=608.7
DRTT id=A idx=267 mono=314074.755 us=635.0
DRTT id=A idx=268 mono=314074.806 us=677.8
DRTT id=A idx=269 mono=314074.857 us=624.3
DRTT id=A idx=270 mono=314074.908 us=651.7
DRTT id=A idx=271 mono=314074.959 us=619.0
DRTT id=A idx=272 mono=314075.010 us=584.9
DRTT id=A idx=273 mono=314075.060 us=663.1
DRTT id=A idx=274 mono=314075.111 us=588.4
DRTT id=A idx=275 mono=314075.162 us=623.3
DRTT-SUM baseline_med_us=639
DRTT-SEC sec=0 A(med=680,max=6549,n=20) B(med=614,max=6228,n=20)
DRTT-SEC sec=1 A(med=751,max=955,n=20) B(med=706,max=901,n=20)
DRTT-SEC sec=2 A(med=679,max=1054,n=19) B(med=616,max=914,n=19)
DRTT-SEC sec=3 A(med=683,max=974,n=20) B(med=692,max=811,n=20)
DRTT-SEC sec=4 A(med=639,max=1550,n=20) B(med=733,max=1178,n=2)
DRTT-SEC sec=5 A(med=560,max=1255,n=19)
DRTT-SEC sec=6 A(med=637,max=1122,n=20)
DRTT-SEC sec=7 A(med=494,max=904,n=20)
DRTT-SEC sec=8 A(med=492,max=620,n=19)
DRTT-SEC sec=9 A(med=517,max=881,n=20)
DRTT-SEC sec=10 A(med=641,max=848,n=20)
DRTT-SEC sec=11 A(med=668,max=932,n=19)
DRTT-SEC sec=12 A(med=637,max=813,n=20)
DRTT-SEC sec=13 A(med=625,max=892,n=20)
