Adding SPI flash device
ets Jul 29 2019 12:21:46

rst:0x1 (POWERON_RESET),boot:0x12 (SPI_FAST_FLASH_BOOT)
configsip: 0, SPIWP:0xee
clk_drv:0x00,q_drv:0x00,d_drv:0x00,cs0_drv:0x00,hd_drv:0x00,wp_drv:0x00
mode:DIO, clock div:2
load:0x3fff0040,len:6272
load:0x40078000,len:15820
load:0x40080400,len:3920
entry 0x40080644
I (662) boot: ESP-IDF v6.0.2 2nd stage bootloader
I (663) boot: compile time Aug 27 2026 00:09:09
I (663) boot: Multicore bootloader
I (696) boot: chip revision: v3.0
I (697) boot.esp32: SPI Speed      : 40MHz
I (697) boot.esp32: SPI Mode       : DIO
I (697) boot.esp32: SPI Flash Size : 2MB
I (702) boot: Enabling RNG early entropy source...
I (710) boot: Partition Table:
I (710) boot: ## Label            Usage          Type ST Offset   Length
I (710) boot:  0 nvs              WiFi data        01 02 00009000 00006000
I (710) boot:  1 phy_init         RF data          01 01 0000f000 00001000
I (710) boot:  2 factory          factory app      00 00 00010000 00100000
I (712) boot: End of partition table
I (740) esp_image: segment 0: paddr=00010020 vaddr=3f400020 size=0f10ch ( 61708) map
I (760) esp_image: segment 1: paddr=0001f134 vaddr=3ffb0000 size=00ee4h (  3812) load
I (770) esp_image: segment 2: paddr=00020020 vaddr=400d0020 size=2c820h (182304) map
I (794) esp_image: segment 3: paddr=0004c848 vaddr=3ffb0ee4 size=01be8h (  7144) load
I (807) esp_image: segment 4: paddr=0004e438 vaddr=40080000 size=0b23ch ( 45628) load
I (821) esp_image: segment 5: paddr=0005967c vaddr=50000000 size=00028h (    40) load
I (867) boot: Loaded app from partition at offset 0x10000
I (867) boot: Disabling RNG early entropy source...
I (878) cpu_start: Multicore app
I (1456) cpu_start: GPIO 3 and 1 are used as console UART I/O pins
I (1458) cpu_start: Pro cpu start user code
I (1458) cpu_start: cpu freq: 160000000 Hz
I (1458) app_init: Application information:
I (1458) app_init: Project name:     lwip_ch03_qemu_network_lab
I (1458) app_init: App version:      924d871
I (1458) app_init: Compile time:     Aug 27 2026 00:09:07
I (1458) app_init: ELF file SHA256:  2c6f0649e...
I (1458) app_init: ESP-IDF:          v6.0.2
I (1458) efuse_init: Min chip rev:     v0.0
I (1458) efuse_init: Max chip rev:     v3.99 
I (1459) efuse_init: Chip rev:         v3.0
I (1459) heap_init: Initializing. RAM available for dynamic allocation:
I (1460) heap_init: At 3FFAE6E0 len 00001920 (6 KiB): DRAM
I (1460) heap_init: At 3FFB4438 len 0002BBC8 (174 KiB): DRAM
I (1460) heap_init: At 3FFE0440 len 00003AE0 (14 KiB): D/IRAM
I (1460) heap_init: At 3FFE4350 len 0001BCB0 (111 KiB): D/IRAM
I (1460) heap_init: At 4008B23C len 00014DC4 (83 KiB): IRAM
I (1485) spi_flash: detected chip: winbond
I (1489) spi_flash: flash io: dio
I (1505) main_task: Started on CPU0
I (1505) main_task: Calling app_main()
I (1505) ch3lab: == ch3 lab: openeth bring-up / ping gw / tcp echo / dns ==
I (1505) ch3lab: echo server listening on 0.0.0.0:8888
I (1525) esp_eth.netif.netif_glue: 52:54:00:12:34:56
I (1525) esp_eth.netif.netif_glue: ethernet attached to netif
I (1625) ch3lab: ETH_EVENT: START
E (1625) esp_eth: esp_eth_ioctl(533): add mac address to filter not supported
E (1625) esp_eth.netif.netif_glue: eth_set_mac_filter(56): failed to add mac filter
E (1625) esp_netif_lwip: Failed to add multicast filter for IPv4
I (1625) ch3lab: ETH_EVENT: CONNECTED (link up)
I (1625) ch3lab: waiting for DHCP lease ...
I (2635) ch3lab: GOT_IP: 10.0.2.15/255.255.255.0 gw 10.0.2.2
I (2635) esp_netif_handlers: eth ip: 10.0.2.15, mask: 255.255.255.0, gw: 10.0.2.2
I (2635) ch3lab: --- experiment A: ping gateway 10.0.2.2 ---
I (2645) ch3lab: 64 bytes from 10.0.2.2 icmp_seq=1 ttl=255 time=2 ms
I (2835) ch3lab: 64 bytes from 10.0.2.2 icmp_seq=2 ttl=255 time=2 ms
I (3035) ch3lab: 64 bytes from 10.0.2.2 icmp_seq=3 ttl=255 time=3 ms
I (3235) ch3lab: 64 bytes from 10.0.2.2 icmp_seq=4 ttl=255 time=2 ms
I (3435) ch3lab: 64 bytes from 10.0.2.2 icmp_seq=5 ttl=255 time=0 ms
I (3635) ch3lab: --- 10.0.2.2 (slirp gateway) ping statistics ---
I (3635) ch3lab: 5 packets transmitted, 5 received, 0% packet loss, time 9ms
I (8645) ch3lab: --- experiment C: slirp DNS probes ---
I (8655) ch3lab: DNS probe "baidu.com" -> 198.18.1.95
I (8665) ch3lab: DNS probe "lwip3slirp.test" -> 192.0.2.123
W (8665) ch3lab: DNS probe "no-such-host-ch3.invalid": FAILED rc=202
I (8665) ch3lab: all experiments done, echo server stays on :8888
I (23665) main_task: Returned from app_main()
I (45405) ch3lab: echo: client 10.0.2.2:49160 connected
I (45405) ch3lab: echo: recv 35 bytes: hello from host
lwip ch3 echo test

I (45405) ch3lab: echo: client disconnected
qemu-system-xtensa: terminating on signal 15 from pid 3176747 (timeout)
