Adding SPI flash device
ets Jul 29 2019 12:21:46

rst:0x1 (POWERON_RESET),boot:0x12 (SPI_FAST_FLASH_BOOT)
configsip: 0, SPIWP:0xee
clk_drv:0x00,q_drv:0x00,d_drv:0x00,cs0_drv:0x00,hd_drv:0x00,wp_drv:0x00
mode:DIO, clock div:2
load:0x3fff0040,len:6272
load:0x40078000,len:15820
load:0x40080400,len:3920
entry 0x40080644
I (664) boot: ESP-IDF v6.0.2 2nd stage bootloader
I (665) boot: compile time Aug 27 2026 00:17:04
I (665) boot: Multicore bootloader
I (695) boot: chip revision: v3.0
I (698) boot.esp32: SPI Speed      : 40MHz
I (698) boot.esp32: SPI Mode       : DIO
I (698) boot.esp32: SPI Flash Size : 2MB
I (703) boot: Enabling RNG early entropy source...
I (708) boot: Partition Table:
I (708) boot: ## Label            Usage          Type ST Offset   Length
I (708) boot:  0 nvs              WiFi data        01 02 00009000 00006000
I (708) boot:  1 phy_init         RF data          01 01 0000f000 00001000
I (708) boot:  2 factory          factory app      00 00 00010000 00100000
I (711) boot: End of partition table
I (735) esp_image: segment 0: paddr=00010020 vaddr=3f400020 size=0b7c4h ( 47044) map
I (759) esp_image: segment 1: paddr=0001b7ec vaddr=3ffb0000 size=02a0ch ( 10764) load
I (777) esp_image: segment 2: paddr=0001e200 vaddr=40080000 size=01e18h (  7704) load
I (797) esp_image: segment 3: paddr=00020020 vaddr=400d0020 size=20b10h (133904) map
I (822) esp_image: segment 4: paddr=00040b38 vaddr=40081e18 size=08e80h ( 36480) load
I (843) esp_image: segment 5: paddr=000499c0 vaddr=50000000 size=00028h (    40) load
I (893) boot: Loaded app from partition at offset 0x10000
I (893) boot: Disabling RNG early entropy source...
I (906) cpu_start: Multicore app
I (1510) cpu_start: GPIO 3 and 1 are used as console UART I/O pins
I (1512) cpu_start: Pro cpu start user code
I (1513) cpu_start: cpu freq: 160000000 Hz
I (1513) app_init: Application information:
I (1513) app_init: Project name:     hello_world
I (1513) app_init: App version:      924d871
I (1513) app_init: Compile time:     Aug 27 2026 00:17:04
I (1513) app_init: ELF file SHA256:  7d3fe9cc8...
I (1513) app_init: ESP-IDF:          v6.0.2
I (1513) efuse_init: Min chip rev:     v0.0
I (1514) efuse_init: Max chip rev:     v3.99 
I (1514) efuse_init: Chip rev:         v3.0
I (1515) heap_init: Initializing. RAM available for dynamic allocation:
I (1515) heap_init: At 3FFAE6E0 len 00001920 (6 KiB): DRAM
I (1516) heap_init: At 3FFB43A0 len 0002BC60 (175 KiB): DRAM
I (1516) heap_init: At 3FFE0440 len 00003AE0 (14 KiB): D/IRAM
I (1516) heap_init: At 3FFE4350 len 0001BCB0 (111 KiB): D/IRAM
I (1516) heap_init: At 4008AC98 len 00015368 (84 KiB): IRAM
I (1546) spi_flash: detected chip: winbond
I (1549) spi_flash: flash io: dio
I (1562) main_task: Started on CPU0
I (1562) main_task: Calling app_main()
== ch01 probe: bare protocol-stack core, no netif ==
sizeof: pbuf=16 tcp_pcb=208 udp_pcb=80 netconn=52
DRAM free before tcpip_init: 299772
DRAM free after  tcpip_init: 295580
concurrency: udp_fd=54 tcp_fd=55
heap: udp hold=372B, +tcp hold=380B
dns localhost -> 0x3ffb32ec
probe done, restarting
