                           Memory Type Usage Summary                            
┏━━━━━━━━━━━━━━━━━━━┳━━━━━━━━━━━━━━┳━━━━━━━━━━┳━━━━━━━━━━━━━━━━┳━━━━━━━━━━━━━━━┓
┃ Memory            ┃              ┃          ┃                ┃               ┃
┃ Type/Section      ┃ Used [bytes] ┃ Used [%] ┃ Remain [bytes] ┃ Total [bytes] ┃
┡━━━━━━━━━━━━━━━━━━━╇━━━━━━━━━━━━━━╇━━━━━━━━━━╇━━━━━━━━━━━━━━━━╇━━━━━━━━━━━━━━━┩
│ Flash Code        │       109146 │          │                │               │
│    .text          │       109146 │          │                │               │
│ Flash Data        │        45948 │          │                │               │
│    .rodata        │        45676 │          │                │               │
│    .appdesc       │          256 │          │                │               │
│    .tdata         │           16 │          │                │               │
│ IRAM              │        44183 │    33.71 │          86889 │        131072 │
│    .text          │        43155 │    32.92 │                │               │
│    .vectors       │         1028 │     0.78 │                │               │
│ DRAM              │        15396 │     8.52 │         165340 │        180736 │
│    .data          │        10748 │     5.95 │                │               │
│    .bss           │         4648 │     2.57 │                │               │
│ RTC SLOW          │           64 │     0.78 │           8128 │          8192 │
│    .force_slow    │           40 │     0.49 │                │               │
│    .rtc_slow_rese │           24 │     0.29 │                │               │
│ rved              │              │          │                │               │
└───────────────────┴──────────────┴──────────┴────────────────┴───────────────┘
