                           Memory Type Usage Summary                            
┏━━━━━━━━━━━━━━━━━━━┳━━━━━━━━━━━━━━┳━━━━━━━━━━┳━━━━━━━━━━━━━━━━┳━━━━━━━━━━━━━━━┓
┃ Memory            ┃              ┃          ┃                ┃               ┃
┃ Type/Section      ┃ Used [bytes] ┃ Used [%] ┃ Remain [bytes] ┃ Total [bytes] ┃
┡━━━━━━━━━━━━━━━━━━━╇━━━━━━━━━━━━━━╇━━━━━━━━━━╇━━━━━━━━━━━━━━━━╇━━━━━━━━━━━━━━━┩
│ Flash Code        │       111774 │          │                │               │
│    .text          │       111774 │          │                │               │
│ Flash Data        │        46860 │          │                │               │
│    .rodata        │        46588 │          │                │               │
│    .appdesc       │          256 │          │                │               │
│    .tdata         │           16 │          │                │               │
│ IRAM              │        44183 │    33.71 │          86889 │        131072 │
│    .text          │        43155 │    32.92 │                │               │
│    .vectors       │         1028 │     0.78 │                │               │
│ DRAM              │        15668 │     8.67 │         165068 │        180736 │
│    .data          │        10780 │     5.96 │                │               │
│    .bss           │         4888 │      2.7 │                │               │
│ RTC SLOW          │           64 │     0.78 │           8128 │          8192 │
│    .force_slow    │           40 │     0.49 │                │               │
│    .rtc_slow_rese │           24 │     0.29 │                │               │
│ rved              │              │          │                │               │
└───────────────────┴──────────────┴──────────┴────────────────┴───────────────┘
