                           Memory Type Usage Summary                            
┏━━━━━━━━━━━━━━━━━━━┳━━━━━━━━━━━━━━┳━━━━━━━━━━┳━━━━━━━━━━━━━━━━┳━━━━━━━━━━━━━━━┓
┃ Memory            ┃              ┃          ┃                ┃               ┃
┃ Type/Section      ┃ Used [bytes] ┃ Used [%] ┃ Remain [bytes] ┃ Total [bytes] ┃
┡━━━━━━━━━━━━━━━━━━━╇━━━━━━━━━━━━━━╇━━━━━━━━━━╇━━━━━━━━━━━━━━━━╇━━━━━━━━━━━━━━━┩
│ Flash Code        │       133902 │          │                │               │
│    .text          │       133902 │          │                │               │
│ Flash Data        │        47044 │          │                │               │
│    .rodata        │        46772 │          │                │               │
│    .appdesc       │          256 │          │                │               │
│    .tdata         │           16 │          │                │               │
│ IRAM              │        44183 │    33.71 │          86889 │        131072 │
│    .text          │        43155 │    32.92 │                │               │
│    .vectors       │         1028 │     0.78 │                │               │
│ DRAM              │        17308 │     9.58 │         163428 │        180736 │
│    .data          │        10764 │     5.96 │                │               │
│    .bss           │         6544 │     3.62 │                │               │
│ RTC SLOW          │           64 │     0.78 │           8128 │          8192 │
│    .force_slow    │           40 │     0.49 │                │               │
│    .rtc_slow_rese │           24 │     0.29 │                │               │
│ rved              │              │          │                │               │
└───────────────────┴──────────────┴──────────┴────────────────┴───────────────┘
