Adding SPI flash device
ets Jul 29 2019 12:21:46

rst:0x1 (POWERON_RESET),boot:0x12 (SPI_FAST_FLASH_BOOT)
configsip: 0, SPIWP:0xee
clk_drv:0x00,q_drv:0x00,d_drv:0x00,cs0_drv:0x00,hd_drv:0x00,wp_drv:0x00
mode:DIO, clock div:2
load:0x3fff0040,len:6272
load:0x40078000,len:15820
load:0x40080400,len:3920
entry 0x40080644
I (664) boot: ESP-IDF v6.0.2 2nd stage bootloader
I (664) boot: compile time Aug 27 2026 06:00:20
I (664) boot: Multicore bootloader
I (702) boot: chip revision: v0.0
I (704) boot.esp32: SPI Speed      : 40MHz
I (704) boot.esp32: SPI Mode       : DIO
I (704) boot.esp32: SPI Flash Size : 2MB
I (708) boot: Enabling RNG early entropy source...
I (713) boot: Partition Table:
I (714) boot: ## Label            Usage          Type ST Offset   Length
I (714) boot:  0 nvs              WiFi data        01 02 00009000 00006000
I (714) boot:  1 phy_init         RF data          01 01 0000f000 00001000
I (714) boot:  2 factory          factory app      00 00 00010000 00100000
I (717) boot: End of partition table
I (746) esp_image: segment 0: paddr=00010020 vaddr=3f400020 size=0e334h ( 58164) map
I (762) esp_image: segment 1: paddr=0001e35c vaddr=3ffb0000 size=01cbch (  7356) load
I (774) esp_image: segment 2: paddr=00020020 vaddr=400d0020 size=2bda8h (179624) map
I (796) esp_image: segment 3: paddr=0004bdd0 vaddr=3ffb1cbc size=00e40h (  3648) load
I (809) esp_image: segment 4: paddr=0004cc18 vaddr=40080000 size=0b140h ( 45376) load
I (824) esp_image: segment 5: paddr=00057d60 vaddr=50000000 size=00028h (    40) load
I (867) boot: Loaded app from partition at offset 0x10000
I (867) boot: Disabling RNG early entropy source...
$$$ DATAREADY port=8888 mode=rx
$$$ HTTPREADY port=80
$$$ CTRLREADY port=9999
E (1616) esp_eth: esp_eth_ioctl(533): add mac address to filter not supported
E (1616) esp_eth.netif.netif_glue: eth_set_mac_filter(56): failed to add mac filter
E (1616) esp_netif_lwip: Failed to add multicast filter for IPv4
### TASKTABLE boot n=13
### T main           prio= 1 core=0  rt=9566 hwm=3016
### T IDLE1          prio= 0 core=1  rt=1109689 hwm=1088
### T IDLE0          prio= 0 core=0  rt=1106874 hwm=1092
### T heart          prio= 3 core=0  rt=42 hwm=1580
### T tcpip          prio=18 core=NA rt=15283 hwm=2348
### T esp_timer      prio=22 core=0  rt=45 hwm=3644
### T ipc1           prio=24 core=1  rt=33581 hwm=572
### T data_srv       prio= 5 core=0  rt=2203 hwm=3040
### T http_srv       prio= 5 core=0  rt=254 hwm=3096
### T ctrl_srv       prio=22 core=1  rt=5117 hwm=3032
### T emac_rx        prio=15 core=NA rt=1035 hwm=3340
### T sys_evt        prio=20 core=0  rt=751 hwm=1764
### T ipc0           prio=24 core=0  rt=32189 hwm=564
### ENDTASKTABLE
$$$ MEM boot free=208776 largest=110592 min_ever=207372
$$$ BUILD 07:02:08 sndbuf=65535 wnd=65535 mss=1460 tcpip_mbox=32 pbuf_pool=16
### HEART t=11 s free=200132
### HEART t=21 s free=203340
$$$ LBRTT ok=200/200 size=512 avg_rtt_us=594 min=476 max=2298
### HEART t=31 s free=109664
### HEART t=41 s free=63640
E (46226) opencores.emac: no mem for receive buffer
E (48896) opencores.emac: no mem for receive buffer
E (50396) opencores.emac: no mem for receive buffer
E (50396) opencores.emac: no mem for receive buffer
E (52136) opencores.emac: no mem for receive buffer
E (52136) opencores.emac: no mem for receive buffer
E (52136) opencores.emac: no mem for receive buffer
E (52136) opencores.emac: no mem for receive buffer
E (52136) opencores.emac: no mem for receive buffer
E (52136) opencores.emac: no mem for receive buffer
E (52136) opencores.emac: no mem for receive buffer
E (52136) opencores.emac: no mem for receive buffer
E (52136) opencores.emac: no mem for receive buffer
E (52136) opencores.emac: no mem for receive buffer
E (52136) opencores.emac: no mem for receive buffer
E (52136) opencores.emac: no mem for receive buffer
E (52136) opencores.emac: no mem for receive buffer
E (52136) opencores.emac: no mem for receive buffer
E (52136) opencores.emac: no mem for receive buffer
E (52136) opencores.emac: no mem for receive buffer
E (52136) opencores.emac: no mem for receive buffer
E (52136) opencores.emac: no mem for receive buffer
E (52136) opencores.emac: no mem for receive buffer
E (52136) opencores.emac: no mem for receive buffer
E (52136) opencores.emac: no mem for receive buffer
E (52136) opencores.emac: no mem for receive buffer
E (52136) opencores.emac: no mem for receive buffer
E (52146) opencores.emac: no mem for receive buffer
E (52146) opencores.emac: no mem for receive buffer
E (52146) opencores.emac: no mem for receive buffer
### HEART t=51 s free=55136
E (53396) opencores.emac: no mem for receive buffer
E (55136) opencores.emac: no mem for receive buffer
E (56736) opencores.emac: no mem for receive buffer
E (56736) opencores.emac: no mem for receive buffer
E (56736) opencores.emac: no mem for receive buffer
E (56736) opencores.emac: no mem for receive buffer
E (56736) opencores.emac: no mem for receive buffer
E (56736) opencores.emac: no mem for receive buffer
E (56736) opencores.emac: no mem for receive buffer
E (56736) opencores.emac: no mem for receive buffer
E (56736) opencores.emac: no mem for receive buffer
E (56736) opencores.emac: no mem for receive buffer
E (56736) opencores.emac: no mem for receive buffer
E (56736) opencores.emac: no mem for receive buffer
E (56736) opencores.emac: no mem for receive buffer
E (56736) opencores.emac: no mem for receive buffer
E (56736) opencores.emac: no mem for receive buffer
$$$ RXDONE bytes=3014656
### HEART t=61 s free=109240
qemu-system-xtensa: terminating on signal 15 from pid 3691658 (bash)
