Adding SPI flash device
ets Jul 29 2019 12:21:46

rst:0x1 (POWERON_RESET),boot:0x12 (SPI_FAST_FLASH_BOOT)
configsip: 0, SPIWP:0xee
clk_drv:0x00,q_drv:0x00,d_drv:0x00,cs0_drv:0x00,hd_drv:0x00,wp_drv:0x00
mode:DIO, clock div:2
load:0x3fff0040,len:6272
load:0x40078000,len:15820
load:0x40080400,len:3920
entry 0x40080644
I (664) boot: ESP-IDF v6.0.2 2nd stage bootloader
I (664) boot: compile time Aug 27 2026 06:00:20
I (664) boot: Multicore bootloader
I (695) boot: chip revision: v0.0
I (696) boot.esp32: SPI Speed      : 40MHz
I (696) boot.esp32: SPI Mode       : DIO
I (696) boot.esp32: SPI Flash Size : 2MB
I (700) boot: Enabling RNG early entropy source...
I (705) boot: Partition Table:
I (706) boot: ## Label            Usage          Type ST Offset   Length
I (706) boot:  0 nvs              WiFi data        01 02 00009000 00006000
I (706) boot:  1 phy_init         RF data          01 01 0000f000 00001000
I (707) boot:  2 factory          factory app      00 00 00010000 00100000
I (709) boot: End of partition table
I (738) esp_image: segment 0: paddr=00010020 vaddr=3f400020 size=0e334h ( 58164) map
I (758) esp_image: segment 1: paddr=0001e35c vaddr=3ffb0000 size=01cbch (  7356) load
I (771) esp_image: segment 2: paddr=00020020 vaddr=400d0020 size=2bdb0h (179632) map
I (791) esp_image: segment 3: paddr=0004bdd8 vaddr=3ffb1cbc size=00e40h (  3648) load
I (803) esp_image: segment 4: paddr=0004cc20 vaddr=40080000 size=0b140h ( 45376) load
I (817) esp_image: segment 5: paddr=00057d68 vaddr=50000000 size=00028h (    40) load
I (870) boot: Loaded app from partition at offset 0x10000
I (870) boot: Disabling RNG early entropy source...
$$$ DATAREADY port=8888 mode=rx
$$$ HTTPREADY port=80
$$$ CTRLREADY port=9999
E (1663) esp_eth: esp_eth_ioctl(533): add mac address to filter not supported
E (1663) esp_eth.netif.netif_glue: eth_set_mac_filter(56): failed to add mac filter
E (1663) esp_netif_lwip: Failed to add multicast filter for IPv4
### TASKTABLE boot n=13
### T main           prio= 1 core=0  rt=10726 hwm=3016
### T IDLE1          prio= 0 core=1  rt=1110411 hwm=976
### T IDLE0          prio= 0 core=0  rt=1107711 hwm=1092
### T heart          prio= 3 core=0  rt=21 hwm=1576
### T tcpip          prio=18 core=NA rt=11685 hwm=2348
### T esp_timer      prio=22 core=0  rt=42 hwm=3644
### T ipc1           prio=24 core=1  rt=39065 hwm=572
### T data_srv       prio= 5 core=0  rt=2066 hwm=3040
### T http_srv       prio= 5 core=0  rt=236 hwm=3096
### T ctrl_srv       prio=22 core=1  rt=5695 hwm=3032
### T emac_rx        prio=15 core=NA rt=888 hwm=3336
### T sys_evt        prio=20 core=0  rt=691 hwm=1764
### T ipc0           prio=24 core=0  rt=37974 hwm=564
### ENDTASKTABLE
$$$ MEM boot free=189284 largest=98304 min_ever=187880
$$$ BUILD 07:03:16 sndbuf=65535 wnd=65535 mss=1460 tcpip_mbox=32 pbuf_pool=16
### HEART t=11 s free=183848
### HEART t=21 s free=179072
### HEART t=31 s free=177500
### HEART t=41 s free=179056
$$$ LBRTT ok=200/200 size=512 avg_rtt_us=604 min=421 max=4451
### HEART t=51 s free=183328
E (61403) opencores.emac: no mem for receive buffer
E (61403) opencores.emac: no mem for receive buffer
### HEART t=61 s free=31620
E (62733) opencores.emac: no mem for receive buffer
E (62733) opencores.emac: no mem for receive buffer
E (62733) opencores.emac: no mem for receive buffer
E (62733) opencores.emac: no mem for receive buffer
E (62733) opencores.emac: no mem for receive buffer
E (62733) opencores.emac: no mem for receive buffer
E (62733) opencores.emac: no mem for receive buffer
E (62733) opencores.emac: no mem for receive buffer
E (62733) opencores.emac: no mem for receive buffer
E (62733) opencores.emac: no mem for receive buffer
E (62733) opencores.emac: no mem for receive buffer
E (62733) opencores.emac: no mem for receive buffer
E (62733) opencores.emac: no mem for receive buffer
E (62733) opencores.emac: no mem for receive buffer
E (62733) opencores.emac: no mem for receive buffer
E (62733) opencores.emac: no mem for receive buffer
E (62733) opencores.emac: no mem for receive buffer
E (62733) opencores.emac: no mem for receive buffer
E (62733) opencores.emac: no mem for receive buffer
E (62733) opencores.emac: no mem for receive buffer
E (62733) opencores.emac: no mem for receive buffer
E (62733) opencores.emac: no mem for receive buffer
E (62733) opencores.emac: no mem for receive buffer
E (62733) opencores.emac: no mem for receive buffer
E (62733) opencores.emac: no mem for receive buffer
E (62733) opencores.emac: no mem for receive buffer
E (62733) opencores.emac: no mem for receive buffer
E (62733) opencores.emac: no mem for receive buffer
E (62733) opencores.emac: no mem for receive buffer
E (62733) opencores.emac: no mem for receive buffer
E (62743) opencores.emac: no mem for receive buffer
E (62743) opencores.emac: no mem for receive buffer
E (62743) opencores.emac: no mem for receive buffer
E (62743) opencores.emac: no mem for receive buffer
E (62743) opencores.emac: no mem for receive buffer
E (62743) opencores.emac: no mem for receive buffer
E (62743) opencores.emac: no mem for receive buffer
E (62743) opencores.emac: no mem for receive buffer
E (62743) opencores.emac: no mem for receive buffer
E (62743) opencores.emac: no mem for receive buffer
E (62743) opencores.emac: no mem for receive buffer
E (62743) opencores.emac: no mem for receive buffer
E (62743) opencores.emac: no mem for receive buffer
E (62743) opencores.emac: no mem for receive buffer
E (62743) opencores.emac: no mem for receive buffer
E (62743) opencores.emac: no mem for receive buffer
E (62743) opencores.emac: no mem for receive buffer
E (62743) opencores.emac: no mem for receive buffer
E (62743) opencores.emac: no mem for receive buffer
E (62743) opencores.emac: no mem for receive buffer
E (62743) opencores.emac: no mem for receive buffer
E (62743) opencores.emac: no mem for receive buffer
E (62743) opencores.emac: no mem for receive buffer
E (62743) opencores.emac: no mem for receive buffer
E (62743) opencores.emac: no mem for receive buffer
E (62743) opencores.emac: no mem for receive buffer
E (62743) opencores.emac: no mem for receive buffer
E (62743) opencores.emac: no mem for receive buffer
E (62743) opencores.emac: no mem for receive buffer
E (62743) opencores.emac: no mem for receive buffer
E (62743) opencores.emac: no mem for receive buffer
E (62743) opencores.emac: no mem for receive buffer
E (62743) opencores.emac: no mem for receive buffer
E (62743) opencores.emac: no mem for receive buffer
E (62743) opencores.emac: no mem for receive buffer
E (62743) opencores.emac: no mem for receive buffer
E (62743) opencores.emac: no mem for receive buffer
E (62743) opencores.emac: no mem for receive buffer
E (62743) opencores.emac: no mem for receive buffer
E (62743) opencores.emac: no mem for receive buffer
E (62743) opencores.emac: no mem for receive buffer
E (62743) opencores.emac: no mem for receive buffer
E (62743) opencores.emac: no mem for receive buffer
E (62743) opencores.emac: no mem for receive buffer
E (62743) opencores.emac: no mem for receive buffer
E (62743) opencores.emac: no mem for receive buffer
E (62743) opencores.emac: no mem for receive buffer
E (62743) opencores.emac: no mem for receive buffer
E (62743) opencores.emac: no mem for receive buffer
E (62743) opencores.emac: no mem for receive buffer
E (62753) opencores.emac: no mem for receive buffer
E (62753) opencores.emac: no mem for receive buffer
E (62753) opencores.emac: no mem for receive buffer
E (62753) opencores.emac: no mem for receive buffer
E (62753) opencores.emac: no mem for receive buffer
E (62753) opencores.emac: no mem for receive buffer
E (62753) opencores.emac: no mem for receive buffer
E (62753) opencores.emac: no mem for receive buffer
E (62753) opencores.emac: no mem for receive buffer
E (62753) opencores.emac: no mem for receive buffer
E (62753) opencores.emac: no mem for receive buffer
E (62753) opencores.emac: no mem for receive buffer
E (62753) opencores.emac: no mem for receive buffer
E (62753) opencores.emac: no mem for receive buffer
E (62753) opencores.emac: no mem for receive buffer
E (62753) opencores.emac: no mem for receive buffer
E (62753) opencores.emac: no mem for receive buffer
E (62753) opencores.emac: no mem for receive buffer
E (62753) opencores.emac: no mem for receive buffer
E (62753) opencores.emac: no mem for receive buffer
E (62753) opencores.emac: no mem for receive buffer
E (62753) opencores.emac: no mem for receive buffer
E (62753) opencores.emac: no mem for receive buffer
E (62753) opencores.emac: no mem for receive buffer
E (62753) opencores.emac: no mem for receive buffer
E (62753) opencores.emac: no mem for receive buffer
E (62753) opencores.emac: no mem for receive buffer
E (62753) opencores.emac: no mem for receive buffer
E (62753) opencores.emac: no mem for receive buffer
E (62753) opencores.emac: no mem for receive buffer
E (62753) opencores.emac: no mem for receive buffer
E (62753) opencores.emac: no mem for receive buffer
E (62753) opencores.emac: no mem for receive buffer
E (62753) opencores.emac: no mem for receive buffer
E (62753) opencores.emac: no mem for receive buffer
E (62753) opencores.emac: no mem for receive buffer
E (62753) opencores.emac: no mem for receive buffer
E (62753) opencores.emac: no mem for receive buffer
E (62753) opencores.emac: no mem for receive buffer
E (62753) opencores.emac: no mem for receive buffer
E (62753) opencores.emac: no mem for receive buffer
E (62753) opencores.emac: no mem for receive buffer
E (62753) opencores.emac: no mem for receive buffer
E (62753) opencores.emac: no mem for receive buffer
E (62753) opencores.emac: no mem for receive buffer
E (62753) opencores.emac: no mem for receive buffer
E (62753) opencores.emac: no mem for receive buffer
E (62753) opencores.emac: no mem for receive buffer
E (62753) opencores.emac: no mem for receive buffer
E (62753) opencores.emac: no mem for receive buffer
E (62753) opencores.emac: no mem for receive buffer
E (62753) opencores.emac: no mem for receive buffer
E (62763) opencores.emac: no mem for receive buffer
E (62763) opencores.emac: no mem for receive buffer
E (62763) opencores.emac: no mem for receive buffer
E (62763) opencores.emac: no mem for receive buffer
E (62763) opencores.emac: no mem for receive buffer
E (62763) opencores.emac: no mem for receive buffer
E (62763) opencores.emac: no mem for receive buffer
E (62763) opencores.emac: no mem for receive buffer
E (62763) opencores.emac: no mem for receive buffer
E (62763) opencores.emac: no mem for receive buffer
E (62763) opencores.emac: no mem for receive buffer
E (62763) opencores.emac: no mem for receive buffer
E (62763) opencores.emac: no mem for receive buffer
E (62763) opencores.emac: no mem for receive buffer
E (62763) opencores.emac: no mem for receive buffer
E (62763) opencores.emac: no mem for receive buffer
E (62763) opencores.emac: no mem for receive buffer
E (62763) opencores.emac: no mem for receive buffer
E (62763) opencores.emac: no mem for receive buffer
E (62763) opencores.emac: no mem for receive buffer
E (62763) opencores.emac: no mem for receive buffer
E (62763) opencores.emac: no mem for receive buffer
E (62763) opencores.emac: no mem for receive buffer
E (62763) opencores.emac: no mem for receive buffer
E (62763) opencores.emac: no mem for receive buffer
E (62763) opencores.emac: no mem for receive buffer
E (62763) opencores.emac: no mem for receive buffer
E (62763) opencores.emac: no mem for receive buffer
E (62763) opencores.emac: no mem for receive buffer
E (62763) opencores.emac: no mem for receive buffer
E (62763) opencores.emac: no mem for receive buffer
E (62763) opencores.emac: no mem for receive buffer
E (62763) opencores.emac: no mem for receive buffer
E (62763) opencores.emac: no mem for receive buffer
E (62763) opencores.emac: no mem for receive buffer
E (62763) opencores.emac: no mem for receive buffer
E (62763) opencores.emac: no mem for receive buffer
E (62763) opencores.emac: no mem for receive buffer
E (62763) opencores.emac: no mem for receive buffer
E (62763) opencores.emac: no mem for receive buffer
E (62763) opencores.emac: no mem for receive buffer
E (62763) opencores.emac: no mem for receive buffer
E (62763) opencores.emac: no mem for receive buffer
E (62763) opencores.emac: no mem for receive buffer
E (62763) opencores.emac: no mem for receive buffer
E (62763) opencores.emac: no mem for receive buffer
E (62763) opencores.emac: no mem for receive buffer
E (62763) opencores.emac: no mem for receive buffer
E (62763) opencores.emac: no mem for receive buffer
E (62763) opencores.emac: no mem for receive buffer
E (62763) opencores.emac: no mem for receive buffer
E (62763) opencores.emac: no mem for receive buffer
E (62763) opencores.emac: no mem for receive buffer
E (62763) opencores.emac: no mem for receive buffer
E (62763) opencores.emac: no mem for receive buffer
E (62763) opencores.emac: no mem for receive buffer
E (62763) opencores.emac: no mem for receive buffer
E (62763) opencores.emac: no mem for receive buffer
E (62773) opencores.emac: no mem for receive buffer
E (62773) opencores.emac: no mem for receive buffer
E (62773) opencores.emac: no mem for receive buffer
E (63923) opencores.emac: no mem for receive buffer
E (63923) opencores.emac: no mem for receive buffer
E (63923) opencores.emac: no mem for receive buffer
E (63923) opencores.emac: no mem for receive buffer
E (63923) opencores.emac: no mem for receive buffer
E (63923) opencores.emac: no mem for receive buffer
E (63923) opencores.emac: no mem for receive buffer
E (63923) opencores.emac: no mem for receive buffer
E (63923) opencores.emac: no mem for receive buffer
E (63923) opencores.emac: no mem for receive buffer
E (63923) opencores.emac: no mem for receive buffer
E (63923) opencores.emac: no mem for receive buffer
E (63923) opencores.emac: no mem for receive buffer
E (63923) opencores.emac: no mem for receive buffer
E (63923) opencores.emac: no mem for receive buffer
E (63923) opencores.emac: no mem for receive buffer
E (63923) opencores.emac: no mem for receive buffer
E (63923) opencores.emac: no mem for receive buffer
E (63923) opencores.emac: no mem for receive buffer
E (63923) opencores.emac: no mem for receive buffer
E (63923) opencores.emac: no mem for receive buffer
E (63923) opencores.emac: no mem for receive buffer
E (63923) opencores.emac: no mem for receive buffer
E (63923) opencores.emac: no mem for receive buffer
E (63923) opencores.emac: no mem for receive buffer
E (63923) opencores.emac: no mem for receive buffer
E (63923) opencores.emac: no mem for receive buffer
E (63923) opencores.emac: no mem for receive buffer
E (63923) opencores.emac: no mem for receive buffer
E (63923) opencores.emac: no mem for receive buffer
E (63923) opencores.emac: no mem for receive buffer
E (63923) opencores.emac: no mem for receive buffer
E (63923) opencores.emac: no mem for receive buffer
E (63923) opencores.emac: no mem for receive buffer
E (63923) opencores.emac: no mem for receive buffer
E (63933) opencores.emac: no mem for receive buffer
E (63933) opencores.emac: no mem for receive buffer
E (63933) opencores.emac: no mem for receive buffer
E (63933) opencores.emac: no mem for receive buffer
E (63933) opencores.emac: no mem for receive buffer
E (63933) opencores.emac: no mem for receive buffer
E (63933) opencores.emac: no mem for receive buffer
E (63933) opencores.emac: no mem for receive buffer
E (63933) opencores.emac: no mem for receive buffer
E (63933) opencores.emac: no mem for receive buffer
E (63933) opencores.emac: no mem for receive buffer
E (63933) opencores.emac: no mem for receive buffer
E (63933) opencores.emac: no mem for receive buffer
E (63933) opencores.emac: no mem for receive buffer
E (63933) opencores.emac: no mem for receive buffer
E (63933) opencores.emac: no mem for receive buffer
E (63933) opencores.emac: no mem for receive buffer
E (63933) opencores.emac: no mem for receive buffer
E (63933) opencores.emac: no mem for receive buffer
E (63933) opencores.emac: no mem for receive buffer
E (63933) opencores.emac: no mem for receive buffer
E (63933) opencores.emac: no mem for receive buffer
E (63933) opencores.emac: no mem for receive buffer
E (63933) opencores.emac: no mem for receive buffer
E (63933) opencores.emac: no mem for receive buffer
E (63933) opencores.emac: no mem for receive buffer
E (63933) opencores.emac: no mem for receive buffer
E (63933) opencores.emac: no mem for receive buffer
E (63933) opencores.emac: no mem for receive buffer
E (63933) opencores.emac: no mem for receive buffer
E (63933) opencores.emac: no mem for receive buffer
E (63933) opencores.emac: no mem for receive buffer
E (63933) opencores.emac: no mem for receive buffer
E (63933) opencores.emac: no mem for receive buffer
E (63933) opencores.emac: no mem for receive buffer
E (63933) opencores.emac: no mem for receive buffer
E (63933) opencores.emac: no mem for receive buffer
E (63933) opencores.emac: no mem for receive buffer
E (63933) opencores.emac: no mem for receive buffer
E (63933) opencores.emac: no mem for receive buffer
E (63933) opencores.emac: no mem for receive buffer
E (63933) opencores.emac: no mem for receive buffer
E (63933) opencores.emac: no mem for receive buffer
E (63933) opencores.emac: no mem for receive buffer
E (63933) opencores.emac: no mem for receive buffer
E (63933) opencores.emac: no mem for receive buffer
E (63933) opencores.emac: no mem for receive buffer
E (63933) opencores.emac: no mem for receive buffer
E (63933) opencores.emac: no mem for receive buffer
E (63933) opencores.emac: no mem for receive buffer
E (63933) opencores.emac: no mem for receive buffer
E (63933) opencores.emac: no mem for receive buffer
E (63943) opencores.emac: no mem for receive buffer
E (63943) opencores.emac: no mem for receive buffer
E (63943) opencores.emac: no mem for receive buffer
E (63943) opencores.emac: no mem for receive buffer
E (63943) opencores.emac: no mem for receive buffer
E (63943) opencores.emac: no mem for receive buffer
E (63943) opencores.emac: no mem for receive buffer
E (63943) opencores.emac: no mem for receive buffer
E (63943) opencores.emac: no mem for receive buffer
E (63943) opencores.emac: no mem for receive buffer
E (63943) opencores.emac: no mem for receive buffer
E (63943) opencores.emac: no mem for receive buffer
E (63943) opencores.emac: no mem for receive buffer
E (63943) opencores.emac: no mem for receive buffer
E (63943) opencores.emac: no mem for receive buffer
E (63943) opencores.emac: no mem for receive buffer
E (63943) opencores.emac: no mem for receive buffer
E (63943) opencores.emac: no mem for receive buffer
E (63943) opencores.emac: no mem for receive buffer
E (63943) opencores.emac: no mem for receive buffer
E (63943) opencores.emac: no mem for receive buffer
E (63943) opencores.emac: no mem for receive buffer
E (63943) opencores.emac: no mem for receive buffer
E (63943) opencores.emac: no mem for receive buffer
E (63943) opencores.emac: no mem for receive buffer
E (63943) opencores.emac: no mem for receive buffer
E (63943) opencores.emac: no mem for receive buffer
E (63943) opencores.emac: no mem for receive buffer
E (63943) opencores.emac: no mem for receive buffer
E (63943) opencores.emac: no mem for receive buffer
E (63943) opencores.emac: no mem for receive buffer
E (63943) opencores.emac: no mem for receive buffer
E (63943) opencores.emac: no mem for receive buffer
E (63943) opencores.emac: no mem for receive buffer
E (63943) opencores.emac: no mem for receive buffer
E (63943) opencores.emac: no mem for receive buffer
E (63943) opencores.emac: no mem for receive buffer
E (63943) opencores.emac: no mem for receive buffer
E (63943) opencores.emac: no mem for receive buffer
E (63943) opencores.emac: no mem for receive buffer
E (63943) opencores.emac: no mem for receive buffer
E (63943) opencores.emac: no mem for receive buffer
E (63943) opencores.emac: no mem for receive buffer
E (63943) opencores.emac: no mem for receive buffer
E (63943) opencores.emac: no mem for receive buffer
E (63943) opencores.emac: no mem for receive buffer
E (63953) opencores.emac: no mem for receive buffer
E (63953) opencores.emac: no mem for receive buffer
E (63953) opencores.emac: no mem for receive buffer
E (63953) opencores.emac: no mem for receive buffer
E (63953) opencores.emac: no mem for receive buffer
E (63953) opencores.emac: no mem for receive buffer
E (63953) opencores.emac: no mem for receive buffer
E (63953) opencores.emac: no mem for receive buffer
E (63953) opencores.emac: no mem for receive buffer
E (63953) opencores.emac: no mem for receive buffer
E (63953) opencores.emac: no mem for receive buffer
E (63953) opencores.emac: no mem for receive buffer
E (63953) opencores.emac: no mem for receive buffer
E (63953) opencores.emac: no mem for receive buffer
E (63953) opencores.emac: no mem for receive buffer
$$$ RXDONE bytes=4014080
E (65653) opencores.emac: no mem for receive buffer
E (65653) opencores.emac: no mem for receive buffer
E (65653) opencores.emac: no mem for receive buffer
E (65653) opencores.emac: no mem for receive buffer
E (65653) opencores.emac: no mem for receive buffer
E (65653) opencores.emac: no mem for receive buffer
E (65653) opencores.emac: no mem for receive buffer
E (65653) opencores.emac: no mem for receive buffer
E (65653) opencores.emac: no mem for receive buffer
E (65663) opencores.emac: no mem for receive buffer
E (65663) opencores.emac: no mem for receive buffer
E (65663) opencores.emac: no mem for receive buffer
E (65663) opencores.emac: no mem for receive buffer
E (65663) opencores.emac: no mem for receive buffer
E (65663) opencores.emac: no mem for receive buffer
E (65663) opencores.emac: no mem for receive buffer
E (65663) opencores.emac: no mem for receive buffer
E (65663) opencores.emac: no mem for receive buffer
### HEART t=71 s free=88716
### HEART t=81 s free=98180
E (91153) opencores.emac: no mem for receive buffer
E (91153) opencores.emac: no mem for receive buffer
E (91153) opencores.emac: no mem for receive buffer
E (91153) opencores.emac: no mem for receive buffer
E (91163) opencores.emac: no mem for receive buffer
E (91163) opencores.emac: no mem for receive buffer
E (91163) opencores.emac: no mem for receive buffer
E (91163) opencores.emac: no mem for receive buffer
E (91163) opencores.emac: no mem for receive buffer
E (91163) opencores.emac: no mem for receive buffer
E (91163) opencores.emac: no mem for receive buffer
E (91163) opencores.emac: no mem for receive buffer
E (91163) opencores.emac: no mem for receive buffer
E (91163) opencores.emac: no mem for receive buffer
E (91163) opencores.emac: no mem for receive buffer
E (91163) opencores.emac: no mem for receive buffer
E (91163) opencores.emac: no mem for receive buffer
E (91163) opencores.emac: no mem for receive buffer
E (91163) opencores.emac: no mem for receive buffer
E (91163) opencores.emac: no mem for receive buffer
E (91163) opencores.emac: no mem for receive buffer
E (91163) opencores.emac: no mem for receive buffer
E (91163) opencores.emac: no mem for receive buffer
E (91163) opencores.emac: no mem for receive buffer
E (91163) opencores.emac: no mem for receive buffer
E (91163) opencores.emac: no mem for receive buffer
E (91163) opencores.emac: no mem for receive buffer
E (91163) opencores.emac: no mem for receive buffer
E (91163) opencores.emac: no mem for receive buffer
E (91163) opencores.emac: no mem for receive buffer
E (91163) opencores.emac: no mem for receive buffer
E (91163) opencores.emac: no mem for receive buffer
E (91163) opencores.emac: no mem for receive buffer
E (91163) opencores.emac: no mem for receive buffer
E (91163) opencores.emac: no mem for receive buffer
E (91163) opencores.emac: no mem for receive buffer
E (91163) opencores.emac: no mem for receive buffer
### HEART t=91 s free=43748
E (94153) opencores.emac: no mem for receive buffer
E (94153) opencores.emac: no mem for receive buffer
E (94153) opencores.emac: no mem for receive buffer
E (94163) opencores.emac: no mem for receive buffer
E (94163) opencores.emac: no mem for receive buffer
E (94163) opencores.emac: no mem for receive buffer
E (94163) opencores.emac: no mem for receive buffer
E (94163) opencores.emac: no mem for receive buffer
E (94163) opencores.emac: no mem for receive buffer
E (94163) opencores.emac: no mem for receive buffer
E (94163) opencores.emac: no mem for receive buffer
E (94163) opencores.emac: no mem for receive buffer
E (95653) opencores.emac: no mem for receive buffer
E (95663) opencores.emac: no mem for receive buffer
E (95673) opencores.emac: no mem for receive buffer
E (95673) opencores.emac: no mem for receive buffer
E (95673) opencores.emac: no mem for receive buffer
E (95673) opencores.emac: no mem for receive buffer
E (95673) opencores.emac: no mem for receive buffer
E (95673) opencores.emac: no mem for receive buffer
E (95673) opencores.emac: no mem for receive buffer
E (95673) opencores.emac: no mem for receive buffer
E (95673) opencores.emac: no mem for receive buffer
E (95683) opencores.emac: no mem for receive buffer
E (95683) opencores.emac: no mem for receive buffer
E (95683) opencores.emac: no mem for receive buffer
E (95683) opencores.emac: no mem for receive buffer
E (95683) opencores.emac: no mem for receive buffer
E (95683) opencores.emac: no mem for receive buffer
E (95683) opencores.emac: no mem for receive buffer
E (95683) opencores.emac: no mem for receive buffer
E (95683) opencores.emac: no mem for receive buffer
E (95683) opencores.emac: no mem for receive buffer
E (95683) opencores.emac: no mem for receive buffer
E (95683) opencores.emac: no mem for receive buffer
E (95683) opencores.emac: no mem for receive buffer
E (95683) opencores.emac: no mem for receive buffer
E (95683) opencores.emac: no mem for receive buffer
E (95683) opencores.emac: no mem for receive buffer
E (95693) opencores.emac: no mem for receive buffer
E (95693) opencores.emac: no mem for receive buffer
E (95693) opencores.emac: no mem for receive buffer
E (95693) opencores.emac: no mem for receive buffer
E (95693) opencores.emac: no mem for receive buffer
E (95693) opencores.emac: no mem for receive buffer
E (95693) opencores.emac: no mem for receive buffer
E (95693) opencores.emac: no mem for receive buffer
E (95693) opencores.emac: no mem for receive buffer
E (95693) opencores.emac: no mem for receive buffer
E (95703) opencores.emac: no mem for receive buffer
E (95703) opencores.emac: no mem for receive buffer
E (95703) opencores.emac: no mem for receive buffer
### HEART t=101 s free=91400
### HEART t=111 s free=96092
E (113653) opencores.emac: no mem for receive buffer
E (113653) opencores.emac: no mem for receive buffer
E (113653) opencores.emac: no mem for receive buffer
E (113653) opencores.emac: no mem for receive buffer
E (113653) opencores.emac: no mem for receive buffer
E (113653) opencores.emac: no mem for receive buffer
E (113653) opencores.emac: no mem for receive buffer
E (113653) opencores.emac: no mem for receive buffer
E (113653) opencores.emac: no mem for receive buffer
E (113653) opencores.emac: no mem for receive buffer
E (113653) opencores.emac: no mem for receive buffer
E (113653) opencores.emac: no mem for receive buffer
E (113653) opencores.emac: no mem for receive buffer
E (113653) opencores.emac: no mem for receive buffer
E (113653) opencores.emac: no mem for receive buffer
E (113653) opencores.emac: no mem for receive buffer
E (113653) opencores.emac: no mem for receive buffer
E (113653) opencores.emac: no mem for receive buffer
E (113653) opencores.emac: no mem for receive buffer
E (113653) opencores.emac: no mem for receive buffer
E (113653) opencores.emac: no mem for receive buffer
E (113653) opencores.emac: no mem for receive buffer
E (113653) opencores.emac: no mem for receive buffer
E (113653) opencores.emac: no mem for receive buffer
E (113653) opencores.emac: no mem for receive buffer
E (113653) opencores.emac: no mem for receive buffer
E (113653) opencores.emac: no mem for receive buffer
E (113653) opencores.emac: no mem for receive buffer
E (113653) opencores.emac: no mem for receive buffer
E (113653) opencores.emac: no mem for receive buffer
E (113653) opencores.emac: no mem for receive buffer
E (113653) opencores.emac: no mem for receive buffer
E (113653) opencores.emac: no mem for receive buffer
E (113663) opencores.emac: no mem for receive buffer
E (113663) opencores.emac: no mem for receive buffer
E (113663) opencores.emac: no mem for receive buffer
E (113663) opencores.emac: no mem for receive buffer
E (113663) opencores.emac: no mem for receive buffer
E (113663) opencores.emac: no mem for receive buffer
E (113663) opencores.emac: no mem for receive buffer
E (113663) opencores.emac: no mem for receive buffer
E (113663) opencores.emac: no mem for receive buffer
E (113663) opencores.emac: no mem for receive buffer
E (113663) opencores.emac: no mem for receive buffer
E (113663) opencores.emac: no mem for receive buffer
E (113663) opencores.emac: no mem for receive buffer
E (113663) opencores.emac: no mem for receive buffer
E (113663) opencores.emac: no mem for receive buffer
E (113663) opencores.emac: no mem for receive buffer
E (113663) opencores.emac: no mem for receive buffer
E (113663) opencores.emac: no mem for receive buffer
E (113663) opencores.emac: no mem for receive buffer
E (113663) opencores.emac: no mem for receive buffer
E (113663) opencores.emac: no mem for receive buffer
E (113663) opencores.emac: no mem for receive buffer
E (113663) opencores.emac: no mem for receive buffer
E (113663) opencores.emac: no mem for receive buffer
E (113663) opencores.emac: no mem for receive buffer
E (113663) opencores.emac: no mem for receive buffer
E (113663) opencores.emac: no mem for receive buffer
E (113663) opencores.emac: no mem for receive buffer
E (113663) opencores.emac: no mem for receive buffer
E (113663) opencores.emac: no mem for receive buffer
E (113663) opencores.emac: no mem for receive buffer
E (113663) opencores.emac: no mem for receive buffer
E (113663) opencores.emac: no mem for receive buffer
E (113663) opencores.emac: no mem for receive buffer
E (113663) opencores.emac: no mem for receive buffer
E (113663) opencores.emac: no mem for receive buffer
E (113663) opencores.emac: no mem for receive buffer
E (113663) opencores.emac: no mem for receive buffer
E (113663) opencores.emac: no mem for receive buffer
E (113663) opencores.emac: no mem for receive buffer
E (113663) opencores.emac: no mem for receive buffer
E (113673) opencores.emac: no mem for receive buffer
E (113673) opencores.emac: no mem for receive buffer
E (113673) opencores.emac: no mem for receive buffer
E (113673) opencores.emac: no mem for receive buffer
E (113673) opencores.emac: no mem for receive buffer
E (113673) opencores.emac: no mem for receive buffer
E (113673) opencores.emac: no mem for receive buffer
E (113673) opencores.emac: no mem for receive buffer
E (113673) opencores.emac: no mem for receive buffer
E (113673) opencores.emac: no mem for receive buffer
E (113673) opencores.emac: no mem for receive buffer
E (113673) opencores.emac: no mem for receive buffer
E (113673) opencores.emac: no mem for receive buffer
E (113673) opencores.emac: no mem for receive buffer
E (113673) opencores.emac: no mem for receive buffer
E (113673) opencores.emac: no mem for receive buffer
E (113673) opencores.emac: no mem for receive buffer
E (113673) opencores.emac: no mem for receive buffer
E (113673) opencores.emac: no mem for receive buffer
E (113673) opencores.emac: no mem for receive buffer
E (113673) opencores.emac: no mem for receive buffer
E (113673) opencores.emac: no mem for receive buffer
E (113673) opencores.emac: no mem for receive buffer
E (113673) opencores.emac: no mem for receive buffer
E (113673) opencores.emac: no mem for receive buffer
E (113673) opencores.emac: no mem for receive buffer
E (113673) opencores.emac: no mem for receive buffer
E (113673) opencores.emac: no mem for receive buffer
E (113673) opencores.emac: no mem for receive buffer
E (113673) opencores.emac: no mem for receive buffer
E (113673) opencores.emac: no mem for receive buffer
E (113673) opencores.emac: no mem for receive buffer
E (113673) opencores.emac: no mem for receive buffer
E (113673) opencores.emac: no mem for receive buffer
E (113673) opencores.emac: no mem for receive buffer
E (113673) opencores.emac: no mem for receive buffer
E (113673) opencores.emac: no mem for receive buffer
E (113673) opencores.emac: no mem for receive buffer
E (113673) opencores.emac: no mem for receive buffer
E (113673) opencores.emac: no mem for receive buffer
E (113673) opencores.emac: no mem for receive buffer
E (113673) opencores.emac: no mem for receive buffer
E (113673) opencores.emac: no mem for receive buffer
E (113673) opencores.emac: no mem for receive buffer
E (113683) opencores.emac: no mem for receive buffer
E (113683) opencores.emac: no mem for receive buffer
E (113683) opencores.emac: no mem for receive buffer
E (113683) opencores.emac: no mem for receive buffer
E (113683) opencores.emac: no mem for receive buffer
E (113683) opencores.emac: no mem for receive buffer
E (113683) opencores.emac: no mem for receive buffer
E (113683) opencores.emac: no mem for receive buffer
E (113683) opencores.emac: no mem for receive buffer
E (113683) opencores.emac: no mem for receive buffer
E (113683) opencores.emac: no mem for receive buffer
E (113683) opencores.emac: no mem for receive buffer
E (113683) opencores.emac: no mem for receive buffer
E (113683) opencores.emac: no mem for receive buffer
E (113683) opencores.emac: no mem for receive buffer
E (113683) opencores.emac: no mem for receive buffer
E (113683) opencores.emac: no mem for receive buffer
E (113683) opencores.emac: no mem for receive buffer
E (113683) opencores.emac: no mem for receive buffer
E (113683) opencores.emac: no mem for receive buffer
E (113683) opencores.emac: no mem for receive buffer
E (113683) opencores.emac: no mem for receive buffer
E (113683) opencores.emac: no mem for receive buffer
E (113683) opencores.emac: no mem for receive buffer
E (113683) opencores.emac: no mem for receive buffer
E (113683) opencores.emac: no mem for receive buffer
E (113683) opencores.emac: no mem for receive buffer
E (113683) opencores.emac: no mem for receive buffer
E (113683) opencores.emac: no mem for receive buffer
E (113683) opencores.emac: no mem for receive buffer
E (113683) opencores.emac: no mem for receive buffer
E (113683) opencores.emac: no mem for receive buffer
E (113683) opencores.emac: no mem for receive buffer
E (113683) opencores.emac: no mem for receive buffer
E (113683) opencores.emac: no mem for receive buffer
E (113683) opencores.emac: no mem for receive buffer
E (113683) opencores.emac: no mem for receive buffer
E (113683) opencores.emac: no mem for receive buffer
E (113683) opencores.emac: no mem for receive buffer
E (113683) opencores.emac: no mem for receive buffer
E (113693) opencores.emac: no mem for receive buffer
E (113693) opencores.emac: no mem for receive buffer
E (113693) opencores.emac: no mem for receive buffer
E (113693) opencores.emac: no mem for receive buffer
E (113693) opencores.emac: no mem for receive buffer
E (113693) opencores.emac: no mem for receive buffer
E (113693) opencores.emac: no mem for receive buffer
E (113693) opencores.emac: no mem for receive buffer
E (113693) opencores.emac: no mem for receive buffer
E (113693) opencores.emac: no mem for receive buffer
E (113693) opencores.emac: no mem for receive buffer
E (113693) opencores.emac: no mem for receive buffer
E (113693) opencores.emac: no mem for receive buffer
E (113693) opencores.emac: no mem for receive buffer
E (113693) opencores.emac: no mem for receive buffer
E (113693) opencores.emac: no mem for receive buffer
E (113693) opencores.emac: no mem for receive buffer
E (113693) opencores.emac: no mem for receive buffer
E (113693) opencores.emac: no mem for receive buffer
E (113693) opencores.emac: no mem for receive buffer
E (113693) opencores.emac: no mem for receive buffer
E (113693) opencores.emac: no mem for receive buffer
E (113693) opencores.emac: no mem for receive buffer
E (113693) opencores.emac: no mem for receive buffer
E (113693) opencores.emac: no mem for receive buffer
E (113693) opencores.emac: no mem for receive buffer
E (113693) opencores.emac: no mem for receive buffer
E (113693) opencores.emac: no mem for receive buffer
E (113693) opencores.emac: no mem for receive buffer
E (113693) opencores.emac: no mem for receive buffer
E (113693) opencores.emac: no mem for receive buffer
E (113693) opencores.emac: no mem for receive buffer
E (113693) opencores.emac: no mem for receive buffer
E (113693) opencores.emac: no mem for receive buffer
E (113693) opencores.emac: no mem for receive buffer
E (113693) opencores.emac: no mem for receive buffer
E (113693) opencores.emac: no mem for receive buffer
E (113693) opencores.emac: no mem for receive buffer
E (113693) opencores.emac: no mem for receive buffer
E (113693) opencores.emac: no mem for receive buffer
E (113693) opencores.emac: no mem for receive buffer
E (113693) opencores.emac: no mem for receive buffer
E (113693) opencores.emac: no mem for receive buffer
E (113703) opencores.emac: no mem for receive buffer
E (113703) opencores.emac: no mem for receive buffer
E (113703) opencores.emac: no mem for receive buffer
E (113703) opencores.emac: no mem for receive buffer
E (115153) opencores.emac: no mem for receive buffer
E (115153) opencores.emac: no mem for receive buffer
E (115153) opencores.emac: no mem for receive buffer
E (115153) opencores.emac: no mem for receive buffer
E (115153) opencores.emac: no mem for receive buffer
E (115153) opencores.emac: no mem for receive buffer
E (115153) opencores.emac: no mem for receive buffer
E (115153) opencores.emac: no mem for receive buffer
E (115153) opencores.emac: no mem for receive buffer
E (115153) opencores.emac: no mem for receive buffer
E (115153) opencores.emac: no mem for receive buffer
E (115153) opencores.emac: no mem for receive buffer
E (115153) opencores.emac: no mem for receive buffer
E (115153) opencores.emac: no mem for receive buffer
E (115153) opencores.emac: no mem for receive buffer
E (115153) opencores.emac: no mem for receive buffer
E (115153) opencores.emac: no mem for receive buffer
E (115153) opencores.emac: no mem for receive buffer
E (115153) opencores.emac: no mem for receive buffer
E (115153) opencores.emac: no mem for receive buffer
E (115153) opencores.emac: no mem for receive buffer
E (115153) opencores.emac: no mem for receive buffer
E (115153) opencores.emac: no mem for receive buffer
E (115153) opencores.emac: no mem for receive buffer
E (115153) opencores.emac: no mem for receive buffer
E (115153) opencores.emac: no mem for receive buffer
E (115153) opencores.emac: no mem for receive buffer
E (115153) opencores.emac: no mem for receive buffer
E (115153) opencores.emac: no mem for receive buffer
E (115153) opencores.emac: no mem for receive buffer
E (115153) opencores.emac: no mem for receive buffer
E (115153) opencores.emac: no mem for receive buffer
E (115153) opencores.emac: no mem for receive buffer
E (115153) opencores.emac: no mem for receive buffer
E (115153) opencores.emac: no mem for receive buffer
E (115153) opencores.emac: no mem for receive buffer
E (115163) opencores.emac: no mem for receive buffer
E (115163) opencores.emac: no mem for receive buffer
E (115163) opencores.emac: no mem for receive buffer
E (115163) opencores.emac: no mem for receive buffer
E (115163) opencores.emac: no mem for receive buffer
E (115163) opencores.emac: no mem for receive buffer
E (115163) opencores.emac: no mem for receive buffer
E (115163) opencores.emac: no mem for receive buffer
E (115163) opencores.emac: no mem for receive buffer
E (115163) opencores.emac: no mem for receive buffer
E (115163) opencores.emac: no mem for receive buffer
E (115163) opencores.emac: no mem for receive buffer
E (115163) opencores.emac: no mem for receive buffer
E (115163) opencores.emac: no mem for receive buffer
E (115163) opencores.emac: no mem for receive buffer
E (115163) opencores.emac: no mem for receive buffer
E (115163) opencores.emac: no mem for receive buffer
E (115163) opencores.emac: no mem for receive buffer
E (115163) opencores.emac: no mem for receive buffer
E (115163) opencores.emac: no mem for receive buffer
E (115163) opencores.emac: no mem for receive buffer
E (115163) opencores.emac: no mem for receive buffer
E (115163) opencores.emac: no mem for receive buffer
E (115163) opencores.emac: no mem for receive buffer
E (115163) opencores.emac: no mem for receive buffer
E (115163) opencores.emac: no mem for receive buffer
E (115163) opencores.emac: no mem for receive buffer
E (115163) opencores.emac: no mem for receive buffer
E (115163) opencores.emac: no mem for receive buffer
E (115163) opencores.emac: no mem for receive buffer
E (115163) opencores.emac: no mem for receive buffer
E (115163) opencores.emac: no mem for receive buffer
E (115163) opencores.emac: no mem for receive buffer
E (115163) opencores.emac: no mem for receive buffer
E (115163) opencores.emac: no mem for receive buffer
E (115163) opencores.emac: no mem for receive buffer
E (115163) opencores.emac: no mem for receive buffer
E (115163) opencores.emac: no mem for receive buffer
E (115163) opencores.emac: no mem for receive buffer
E (115163) opencores.emac: no mem for receive buffer
E (115163) opencores.emac: no mem for receive buffer
E (115163) opencores.emac: no mem for receive buffer
E (115163) opencores.emac: no mem for receive buffer
E (115163) opencores.emac: no mem for receive buffer
E (115173) opencores.emac: no mem for receive buffer
E (115173) opencores.emac: no mem for receive buffer
E (115173) opencores.emac: no mem for receive buffer
E (115173) opencores.emac: no mem for receive buffer
E (115173) opencores.emac: no mem for receive buffer
E (115173) opencores.emac: no mem for receive buffer
E (115173) opencores.emac: no mem for receive buffer
E (115173) opencores.emac: no mem for receive buffer
E (115173) opencores.emac: no mem for receive buffer
E (115173) opencores.emac: no mem for receive buffer
E (115173) opencores.emac: no mem for receive buffer
E (115173) opencores.emac: no mem for receive buffer
E (115173) opencores.emac: no mem for receive buffer
E (115173) opencores.emac: no mem for receive buffer
E (115173) opencores.emac: no mem for receive buffer
E (115173) opencores.emac: no mem for receive buffer
E (115173) opencores.emac: no mem for receive buffer
E (115173) opencores.emac: no mem for receive buffer
E (115173) opencores.emac: no mem for receive buffer
E (115173) opencores.emac: no mem for receive buffer
E (115173) opencores.emac: no mem for receive buffer
E (115173) opencores.emac: no mem for receive buffer
E (115173) opencores.emac: no mem for receive buffer
E (115173) opencores.emac: no mem for receive buffer
E (115173) opencores.emac: no mem for receive buffer
E (115173) opencores.emac: no mem for receive buffer
E (115173) opencores.emac: no mem for receive buffer
E (115173) opencores.emac: no mem for receive buffer
E (115173) opencores.emac: no mem for receive buffer
E (115173) opencores.emac: no mem for receive buffer
E (115173) opencores.emac: no mem for receive buffer
E (115173) opencores.emac: no mem for receive buffer
E (115173) opencores.emac: no mem for receive buffer
E (115173) opencores.emac: no mem for receive buffer
E (115173) opencores.emac: no mem for receive buffer
E (115173) opencores.emac: no mem for receive buffer
E (115173) opencores.emac: no mem for receive buffer
E (115173) opencores.emac: no mem for receive buffer
E (115173) opencores.emac: no mem for receive buffer
E (115173) opencores.emac: no mem for receive buffer
E (115173) opencores.emac: no mem for receive buffer
E (115173) opencores.emac: no mem for receive buffer
E (115173) opencores.emac: no mem for receive buffer
E (115173) opencores.emac: no mem for receive buffer
E (115173) opencores.emac: no mem for receive buffer
E (115173) opencores.emac: no mem for receive buffer
E (115183) opencores.emac: no mem for receive buffer
E (115183) opencores.emac: no mem for receive buffer
E (115183) opencores.emac: no mem for receive buffer
E (115183) opencores.emac: no mem for receive buffer
E (115183) opencores.emac: no mem for receive buffer
E (115183) opencores.emac: no mem for receive buffer
E (115183) opencores.emac: no mem for receive buffer
E (115183) opencores.emac: no mem for receive buffer
E (115183) opencores.emac: no mem for receive buffer
E (115183) opencores.emac: no mem for receive buffer
E (115183) opencores.emac: no mem for receive buffer
E (115183) opencores.emac: no mem for receive buffer
E (115183) opencores.emac: no mem for receive buffer
E (115183) opencores.emac: no mem for receive buffer
E (115183) opencores.emac: no mem for receive buffer
E (115183) opencores.emac: no mem for receive buffer
E (115183) opencores.emac: no mem for receive buffer
E (115183) opencores.emac: no mem for receive buffer
E (115183) opencores.emac: no mem for receive buffer
E (115183) opencores.emac: no mem for receive buffer
E (115183) opencores.emac: no mem for receive buffer
E (115183) opencores.emac: no mem for receive buffer
E (115183) opencores.emac: no mem for receive buffer
E (115183) opencores.emac: no mem for receive buffer
E (115183) opencores.emac: no mem for receive buffer
E (115183) opencores.emac: no mem for receive buffer
E (115183) opencores.emac: no mem for receive buffer
E (115183) opencores.emac: no mem for receive buffer
E (115183) opencores.emac: no mem for receive buffer
E (115183) opencores.emac: no mem for receive buffer
E (115183) opencores.emac: no mem for receive buffer
E (115183) opencores.emac: no mem for receive buffer
E (115183) opencores.emac: no mem for receive buffer
E (115183) opencores.emac: no mem for receive buffer
E (115183) opencores.emac: no mem for receive buffer
E (115183) opencores.emac: no mem for receive buffer
E (115183) opencores.emac: no mem for receive buffer
E (115183) opencores.emac: no mem for receive buffer
E (115183) opencores.emac: no mem for receive buffer
E (115183) opencores.emac: no mem for receive buffer
E (115183) opencores.emac: no mem for receive buffer
E (115183) opencores.emac: no mem for receive buffer
E (115183) opencores.emac: no mem for receive buffer
E (115183) opencores.emac: no mem for receive buffer
E (115183) opencores.emac: no mem for receive buffer
E (115183) opencores.emac: no mem for receive buffer
E (115183) opencores.emac: no mem for receive buffer
E (115193) opencores.emac: no mem for receive buffer
E (115193) opencores.emac: no mem for receive buffer
E (115193) opencores.emac: no mem for receive buffer
E (115193) opencores.emac: no mem for receive buffer
E (115193) opencores.emac: no mem for receive buffer
E (115193) opencores.emac: no mem for receive buffer
E (115193) opencores.emac: no mem for receive buffer
E (115193) opencores.emac: no mem for receive buffer
E (115193) opencores.emac: no mem for receive buffer
E (115193) opencores.emac: no mem for receive buffer
E (115193) opencores.emac: no mem for receive buffer
E (115193) opencores.emac: no mem for receive buffer
E (115193) opencores.emac: no mem for receive buffer
E (115193) opencores.emac: no mem for receive buffer
E (115193) opencores.emac: no mem for receive buffer
E (115193) opencores.emac: no mem for receive buffer
E (115193) opencores.emac: no mem for receive buffer
E (115193) opencores.emac: no mem for receive buffer
E (115193) opencores.emac: no mem for receive buffer
E (115193) opencores.emac: no mem for receive buffer
E (115193) opencores.emac: no mem for receive buffer
E (115193) opencores.emac: no mem for receive buffer
E (115193) opencores.emac: no mem for receive buffer
E (115193) opencores.emac: no mem for receive buffer
E (115193) opencores.emac: no mem for receive buffer
E (115193) opencores.emac: no mem for receive buffer
E (115193) opencores.emac: no mem for receive buffer
E (115193) opencores.emac: no mem for receive buffer
E (115193) opencores.emac: no mem for receive buffer
E (115193) opencores.emac: no mem for receive buffer
E (115193) opencores.emac: no mem for receive buffer
E (115193) opencores.emac: no mem for receive buffer
E (115193) opencores.emac: no mem for receive buffer
E (115193) opencores.emac: no mem for receive buffer
E (115193) opencores.emac: no mem for receive buffer
E (115193) opencores.emac: no mem for receive buffer
E (115193) opencores.emac: no mem for receive buffer
E (115193) opencores.emac: no mem for receive buffer
E (115193) opencores.emac: no mem for receive buffer
E (116423) opencores.emac: no mem for receive buffer
E (116423) opencores.emac: no mem for receive buffer
E (116423) opencores.emac: no mem for receive buffer
E (116423) opencores.emac: no mem for receive buffer
E (116423) opencores.emac: no mem for receive buffer
E (116423) opencores.emac: no mem for receive buffer
E (116423) opencores.emac: no mem for receive buffer
E (116423) opencores.emac: no mem for receive buffer
E (116423) opencores.emac: no mem for receive buffer
E (116423) opencores.emac: no mem for receive buffer
E (116423) opencores.emac: no mem for receive buffer
E (116423) opencores.emac: no mem for receive buffer
E (116423) opencores.emac: no mem for receive buffer
E (116423) opencores.emac: no mem for receive buffer
E (116423) opencores.emac: no mem for receive buffer
E (116423) opencores.emac: no mem for receive buffer
E (116423) opencores.emac: no mem for receive buffer
E (116423) opencores.emac: no mem for receive buffer
E (116423) opencores.emac: no mem for receive buffer
E (116423) opencores.emac: no mem for receive buffer
E (116423) opencores.emac: no mem for receive buffer
E (116423) opencores.emac: no mem for receive buffer
E (116423) opencores.emac: no mem for receive buffer
E (116423) opencores.emac: no mem for receive buffer
E (116423) opencores.emac: no mem for receive buffer
E (116423) opencores.emac: no mem for receive buffer
E (116423) opencores.emac: no mem for receive buffer
E (116423) opencores.emac: no mem for receive buffer
E (116423) opencores.emac: no mem for receive buffer
E (116423) opencores.emac: no mem for receive buffer
E (116423) opencores.emac: no mem for receive buffer
E (116423) opencores.emac: no mem for receive buffer
E (116423) opencores.emac: no mem for receive buffer
E (116423) opencores.emac: no mem for receive buffer
E (116423) opencores.emac: no mem for receive buffer
E (116423) opencores.emac: no mem for receive buffer
E (116433) opencores.emac: no mem for receive buffer
E (116433) opencores.emac: no mem for receive buffer
E (116433) opencores.emac: no mem for receive buffer
E (116433) opencores.emac: no mem for receive buffer
E (116433) opencores.emac: no mem for receive buffer
E (116433) opencores.emac: no mem for receive buffer
E (116433) opencores.emac: no mem for receive buffer
E (116433) opencores.emac: no mem for receive buffer
E (116433) opencores.emac: no mem for receive buffer
E (116433) opencores.emac: no mem for receive buffer
E (116433) opencores.emac: no mem for receive buffer
E (116433) opencores.emac: no mem for receive buffer
E (116433) opencores.emac: no mem for receive buffer
E (116433) opencores.emac: no mem for receive buffer
E (116433) opencores.emac: no mem for receive buffer
E (116433) opencores.emac: no mem for receive buffer
E (116433) opencores.emac: no mem for receive buffer
E (116433) opencores.emac: no mem for receive buffer
E (116433) opencores.emac: no mem for receive buffer
E (116433) opencores.emac: no mem for receive buffer
E (116433) opencores.emac: no mem for receive buffer
E (116433) opencores.emac: no mem for receive buffer
E (116433) opencores.emac: no mem for receive buffer
E (116433) opencores.emac: no mem for receive buffer
E (116433) opencores.emac: no mem for receive buffer
E (116433) opencores.emac: no mem for receive buffer
E (116433) opencores.emac: no mem for receive buffer
E (116433) opencores.emac: no mem for receive buffer
E (116433) opencores.emac: no mem for receive buffer
E (116433) opencores.emac: no mem for receive buffer
E (116433) opencores.emac: no mem for receive buffer
E (116433) opencores.emac: no mem for receive buffer
E (116433) opencores.emac: no mem for receive buffer
E (116433) opencores.emac: no mem for receive buffer
E (116433) opencores.emac: no mem for receive buffer
E (116433) opencores.emac: no mem for receive buffer
E (116433) opencores.emac: no mem for receive buffer
E (116433) opencores.emac: no mem for receive buffer
E (116433) opencores.emac: no mem for receive buffer
E (116433) opencores.emac: no mem for receive buffer
E (116433) opencores.emac: no mem for receive buffer
E (116433) opencores.emac: no mem for receive buffer
E (116433) opencores.emac: no mem for receive buffer
E (116433) opencores.emac: no mem for receive buffer
E (116433) opencores.emac: no mem for receive buffer
E (116433) opencores.emac: no mem for receive buffer
E (116433) opencores.emac: no mem for receive buffer
E (116433) opencores.emac: no mem for receive buffer
E (116433) opencores.emac: no mem for receive buffer
E (116433) opencores.emac: no mem for receive buffer
E (116443) opencores.emac: no mem for receive buffer
E (116443) opencores.emac: no mem for receive buffer
E (116443) opencores.emac: no mem for receive buffer
E (116443) opencores.emac: no mem for receive buffer
E (116443) opencores.emac: no mem for receive buffer
E (116443) opencores.emac: no mem for receive buffer
E (116443) opencores.emac: no mem for receive buffer
E (116443) opencores.emac: no mem for receive buffer
E (116443) opencores.emac: no mem for receive buffer
E (116443) opencores.emac: no mem for receive buffer
E (116443) opencores.emac: no mem for receive buffer
E (116443) opencores.emac: no mem for receive buffer
E (116443) opencores.emac: no mem for receive buffer
E (116443) opencores.emac: no mem for receive buffer
E (116443) opencores.emac: no mem for receive buffer
E (116443) opencores.emac: no mem for receive buffer
E (116443) opencores.emac: no mem for receive buffer
E (116443) opencores.emac: no mem for receive buffer
E (116443) opencores.emac: no mem for receive buffer
E (116443) opencores.emac: no mem for receive buffer
E (116443) opencores.emac: no mem for receive buffer
E (116443) opencores.emac: no mem for receive buffer
E (116443) opencores.emac: no mem for receive buffer
E (116443) opencores.emac: no mem for receive buffer
E (116443) opencores.emac: no mem for receive buffer
E (116443) opencores.emac: no mem for receive buffer
E (116443) opencores.emac: no mem for receive buffer
E (116443) opencores.emac: no mem for receive buffer
E (116443) opencores.emac: no mem for receive buffer
E (116443) opencores.emac: no mem for receive buffer
E (116443) opencores.emac: no mem for receive buffer
E (116443) opencores.emac: no mem for receive buffer
E (116443) opencores.emac: no mem for receive buffer
E (116443) opencores.emac: no mem for receive buffer
E (116443) opencores.emac: no mem for receive buffer
E (116443) opencores.emac: no mem for receive buffer
E (116443) opencores.emac: no mem for receive buffer
$$$ RXDONE bytes=4014080
### HEART t=121 s free=86628
### HEART t=131 s free=86612
### HEART t=141 s free=94568
### HEART t=151 s free=94516
$$$ LBTHR drained=4000000
$$$ LBTH ack_r=0 bytes=4000000 elapsed_us=103782935 mbit=0.31
$$$ LBRTT ok=200/200 size=512 avg_rtt_us=723 min=424 max=3183
### HEART t=161 s free=95736
### HEART t=171 s free=92932
### HEART t=181 s free=91464
$$$ RXDONE bytes=4014080
### HEART t=191 s free=101548
### HEART t=201 s free=101584
### HEART t=211 s free=101560
qemu-system-xtensa: terminating on signal 15 from pid 3695416 (bash)
