Adding SPI flash device
ets Jul 29 2019 12:21:46

rst:0x1 (POWERON_RESET),boot:0x12 (SPI_FAST_FLASH_BOOT)
configsip: 0, SPIWP:0xee
clk_drv:0x00,q_drv:0x00,d_drv:0x00,cs0_drv:0x00,hd_drv:0x00,wp_drv:0x00
mode:DIO, clock div:2
load:0x3fff0040,len:6272
load:0x40078000,len:15820
load:0x40080400,len:3920
entry 0x40080644
I (672) boot: ESP-IDF v6.0.2 2nd stage bootloader
I (672) boot: compile time Aug 27 2026 06:00:20
I (672) boot: Multicore bootloader
I (715) boot: chip revision: v0.0
I (717) boot.esp32: SPI Speed      : 40MHz
I (717) boot.esp32: SPI Mode       : DIO
I (718) boot.esp32: SPI Flash Size : 2MB
I (726) boot: Enabling RNG early entropy source...
I (733) boot: Partition Table:
I (733) boot: ## Label            Usage          Type ST Offset   Length
I (733) boot:  0 nvs              WiFi data        01 02 00009000 00006000
I (733) boot:  1 phy_init         RF data          01 01 0000f000 00001000
I (733) boot:  2 factory          factory app      00 00 00010000 00100000
I (739) boot: End of partition table
I (792) esp_image: segment 0: paddr=00010020 vaddr=3f400020 size=0e334h ( 58164) map
I (818) esp_image: segment 1: paddr=0001e35c vaddr=3ffb0000 size=01cbch (  7356) load
I (840) esp_image: segment 2: paddr=00020020 vaddr=400d0020 size=2bdbch (179644) map
I (874) esp_image: segment 3: paddr=0004bde4 vaddr=3ffb1cbc size=00e40h (  3648) load
I (897) esp_image: segment 4: paddr=0004cc2c vaddr=40080000 size=0b140h ( 45376) load
I (925) esp_image: segment 5: paddr=00057d74 vaddr=50000000 size=00028h (    40) load
I (987) boot: Loaded app from partition at offset 0x10000
I (987) boot: Disabling RNG early entropy source...
$$$ DATAREADY port=8888 mode=rx
$$$ HTTPREADY port=80
$$$ CTRLREADY port=9999
E (1923) esp_eth: esp_eth_ioctl(533): add mac address to filter not supported
E (1923) esp_eth.netif.netif_glue: eth_set_mac_filter(56): failed to add mac filter
E (1923) esp_netif_lwip: Failed to add multicast filter for IPv4
### TASKTABLE boot n=13
### T main           prio= 1 core=0  rt=10161 hwm=3016
### T IDLE1          prio= 0 core=1  rt=1110031 hwm=1088
### T IDLE0          prio= 0 core=0  rt=1105151 hwm=980
### T heart          prio= 3 core=0  rt=19 hwm=1576
### T tcpip          prio=18 core=NA rt=12677 hwm=2348
### T esp_timer      prio=22 core=0  rt=166 hwm=3644
### T ipc1           prio=24 core=1  rt=72532 hwm=572
### T data_srv       prio= 5 core=0  rt=2099 hwm=3040
### T http_srv       prio= 5 core=0  rt=256 hwm=3096
### T ctrl_srv       prio=22 core=1  rt=4636 hwm=3032
### T emac_rx        prio=15 core=NA rt=952 hwm=3340
### T sys_evt        prio=20 core=0  rt=646 hwm=1764
### T ipc0           prio=24 core=0  rt=69600 hwm=564
### ENDTASKTABLE
$$$ MEM boot free=208772 largest=110592 min_ever=206196
$$$ BUILD 07:06:53 sndbuf=5760 wnd=5760 mss=1440 tcpip_mbox=32 pbuf_pool=16
$$$ MEM on-cmd free=208256 largest=110592 min_ever=203672
$$$ LWSTATS on-cmd link.recv=2 link.xmit=2 link.drop=0 tcp.memerr=0 tcp.err=0 tcp.drop=0
### DROP seq=1 pct=15 len=54
### DROP seq=2 pct=15 len=142
### DROP seq=3 pct=15 len=58
### HEART t=11 s free=203748
### DROP seq=4 pct=15 len=58
### DROP seq=5 pct=15 len=142
### DROP seq=6 pct=15 len=54
### DROP seq=7 pct=15 len=54
### DROP seq=8 pct=15 len=54
### DROP seq=9 pct=15 len=54
### HEART t=21 s free=203024
$$$ MEM under-stress free=39896 largest=30720 min_ever=39896
$$$ MEM after-off free=197776 largest=110592 min_ever=30448
$$$ MEM under-stress free=40104 largest=30720 min_ever=30448
### DROP seq=10 pct=15 len=54
### DROP seq=11 pct=15 len=142
### DROP seq=12 pct=15 len=142
### DROP seq=13 pct=15 len=142
### DROP seq=14 pct=15 len=58
### HEART t=31 s free=40556
### DROP seq=15 pct=15 len=142
### DROP seq=16 pct=15 len=54
### DROP seq=17 pct=15 len=54
### DROP seq=18 pct=15 len=54
### DROP seq=19 pct=15 len=54
### DROP seq=20 pct=15 len=54
### DROP seq=21 pct=15 len=58
### DROP seq=22 pct=15 len=58
### HEART t=41 s free=39704
### DROP seq=23 pct=15 len=54
### DROP seq=24 pct=15 len=142
### DROP seq=25 pct=15 len=58
$$$ MEM after-off free=193320 largest=110592 min_ever=25828
### HEART t=51 s free=195180
### HEART t=61 s free=195180
### HEART t=71 s free=195180
### HEART t=81 s free=195180
### HEART t=91 s free=195180
qemu-system-xtensa: terminating on signal 15 from pid 3695988 (/usr/sbin/bash)
