Adding SPI flash device
ets Jul 29 2019 12:21:46

rst:0x1 (POWERON_RESET),boot:0x12 (SPI_FAST_FLASH_BOOT)
configsip: 0, SPIWP:0xee
clk_drv:0x00,q_drv:0x00,d_drv:0x00,cs0_drv:0x00,hd_drv:0x00,wp_drv:0x00
mode:DIO, clock div:2
load:0x3fff0040,len:6272
load:0x40078000,len:15820
load:0x40080400,len:3920
entry 0x40080644
I (670) boot: ESP-IDF v6.0.2 2nd stage bootloader
I (670) boot: compile time Aug 27 2026 06:00:20
I (670) boot: Multicore bootloader
I (703) boot: chip revision: v0.0
I (705) boot.esp32: SPI Speed      : 40MHz
I (705) boot.esp32: SPI Mode       : DIO
I (705) boot.esp32: SPI Flash Size : 2MB
I (710) boot: Enabling RNG early entropy source...
I (716) boot: Partition Table:
I (717) boot: ## Label            Usage          Type ST Offset   Length
I (717) boot:  0 nvs              WiFi data        01 02 00009000 00006000
I (717) boot:  1 phy_init         RF data          01 01 0000f000 00001000
I (717) boot:  2 factory          factory app      00 00 00010000 00100000
I (721) boot: End of partition table
I (755) esp_image: segment 0: paddr=00010020 vaddr=3f400020 size=0e334h ( 58164) map
I (773) esp_image: segment 1: paddr=0001e35c vaddr=3ffb0000 size=01cbch (  7356) load
I (784) esp_image: segment 2: paddr=00020020 vaddr=400d0020 size=2bdc0h (179648) map
I (806) esp_image: segment 3: paddr=0004bde8 vaddr=3ffb1cbc size=00e40h (  3648) load
I (825) esp_image: segment 4: paddr=0004cc30 vaddr=40080000 size=0b140h ( 45376) load
I (845) esp_image: segment 5: paddr=00057d78 vaddr=50000000 size=00028h (    40) load
I (913) boot: Loaded app from partition at offset 0x10000
I (913) boot: Disabling RNG early entropy source...
$$$ DATAREADY port=8888 mode=rx
$$$ HTTPREADY port=80
$$$ CTRLREADY port=9999
E (1709) esp_eth: esp_eth_ioctl(533): add mac address to filter not supported
E (1709) esp_eth.netif.netif_glue: eth_set_mac_filter(56): failed to add mac filter
E (1709) esp_netif_lwip: Failed to add multicast filter for IPv4
### TASKTABLE boot n=13
### T main           prio= 1 core=0  rt=9110 hwm=3016
### T IDLE1          prio= 0 core=1  rt=1110586 hwm=976
### T IDLE0          prio= 0 core=0  rt=1107243 hwm=1092
### T heart          prio= 3 core=0  rt=44 hwm=1576
### T tcpip          prio=18 core=NA rt=15117 hwm=2348
### T esp_timer      prio=22 core=0  rt=45 hwm=3644
### T ipc1           prio=24 core=1  rt=33780 hwm=572
### T data_srv       prio= 5 core=0  rt=2222 hwm=3040
### T http_srv       prio= 5 core=0  rt=257 hwm=3096
### T ctrl_srv       prio=22 core=1  rt=4690 hwm=3032
### T emac_rx        prio=15 core=NA rt=766 hwm=3336
### T sys_evt        prio=20 core=0  rt=709 hwm=1764
### T ipc0           prio=24 core=0  rt=32313 hwm=564
### ENDTASKTABLE
$$$ MEM boot free=189284 largest=98304 min_ever=188716
$$$ BUILD 06:53:08 sndbuf=5760 wnd=11520 mss=1440 tcpip_mbox=32 pbuf_pool=16
$$$ RXDONE bytes=4014080
$$$ LBRTT ok=200/200 size=512 avg_rtt_us=560 min=444 max=1707
$$$ LBTHR drained=4000000
$$$ LBTH ack_r=0 bytes=4000000 elapsed_us=378973 mbit=84.44
### HEART t=11 s free=188316
$$$ RXDONE bytes=4014080
$$$ LBRTT ok=200/200 size=512 avg_rtt_us=535 min=430 max=990
$$$ LBTHR drained=4000000
$$$ LBTH ack_r=0 bytes=4000000 elapsed_us=339895 mbit=94.15
### HEART t=21 s free=187468
$$$ MEM on-cmd free=186972 largest=98304 min_ever=156932
$$$ LWSTATS on-cmd link.recv=9981 link.xmit=9981 link.drop=0 tcp.memerr=0 tcp.err=0 tcp.drop=0
### HEART t=31 s free=187256
### HEART t=41 s free=187256
### HEART t=51 s free=187256
qemu-system-xtensa: terminating on signal 15 from pid 3661613 (bash)
