Adding SPI flash device
ets Jul 29 2019 12:21:46

rst:0x1 (POWERON_RESET),boot:0x12 (SPI_FAST_FLASH_BOOT)
configsip: 0, SPIWP:0xee
clk_drv:0x00,q_drv:0x00,d_drv:0x00,cs0_drv:0x00,hd_drv:0x00,wp_drv:0x00
mode:DIO, clock div:2
load:0x3fff0040,len:6272
load:0x40078000,len:15820
load:0x40080400,len:3920
entry 0x40080644
I (660) boot: ESP-IDF v6.0.2 2nd stage bootloader
I (661) boot: compile time Aug 27 2026 06:00:20
I (661) boot: Multicore bootloader
I (693) boot: chip revision: v0.0
I (695) boot.esp32: SPI Speed      : 40MHz
I (695) boot.esp32: SPI Mode       : DIO
I (695) boot.esp32: SPI Flash Size : 2MB
I (699) boot: Enabling RNG early entropy source...
I (705) boot: Partition Table:
I (706) boot: ## Label            Usage          Type ST Offset   Length
I (706) boot:  0 nvs              WiFi data        01 02 00009000 00006000
I (706) boot:  1 phy_init         RF data          01 01 0000f000 00001000
I (706) boot:  2 factory          factory app      00 00 00010000 00100000
I (709) boot: End of partition table
I (738) esp_image: segment 0: paddr=00010020 vaddr=3f400020 size=0e334h ( 58164) map
I (755) esp_image: segment 1: paddr=0001e35c vaddr=3ffb0000 size=01cbch (  7356) load
I (769) esp_image: segment 2: paddr=00020020 vaddr=400d0020 size=2bdc8h (179656) map
I (790) esp_image: segment 3: paddr=0004bdf0 vaddr=3ffb1cbc size=00e40h (  3648) load
I (803) esp_image: segment 4: paddr=0004cc38 vaddr=40080000 size=0b140h ( 45376) load
I (818) esp_image: segment 5: paddr=00057d80 vaddr=50000000 size=00028h (    40) load
I (862) boot: Loaded app from partition at offset 0x10000
I (862) boot: Disabling RNG early entropy source...
$$$ DATAREADY port=8888 mode=rx
$$$ HTTPREADY port=80
$$$ CTRLREADY port=9999
E (1692) esp_eth: esp_eth_ioctl(533): add mac address to filter not supported
E (1692) esp_eth.netif.netif_glue: eth_set_mac_filter(56): failed to add mac filter
E (1692) esp_netif_lwip: Failed to add multicast filter for IPv4
### TASKTABLE boot n=13
### T main           prio= 1 core=0  rt=16802 hwm=3016
### T IDLE1          prio= 0 core=1  rt=1122068 hwm=976
### T IDLE0          prio= 0 core=0  rt=1108415 hwm=980
### T heart          prio= 3 core=0  rt=17 hwm=1576
### T tcpip          prio=18 core=NA rt=11639 hwm=2348
### T esp_timer      prio=22 core=0  rt=168 hwm=3644
### T ipc1           prio=24 core=1  rt=70769 hwm=572
### T data_srv       prio= 5 core=0  rt=2344 hwm=3040
### T http_srv       prio= 5 core=0  rt=294 hwm=3096
### T ctrl_srv       prio=22 core=1  rt=3284 hwm=3032
### T emac_rx        prio=15 core=NA rt=920 hwm=3336
### T sys_evt        prio=20 core=0  rt=610 hwm=1764
### T ipc0           prio=24 core=0  rt=67744 hwm=564
### ENDTASKTABLE
$$$ MEM boot free=208772 largest=110592 min_ever=207368
$$$ BUILD 06:58:40 sndbuf=5760 wnd=28800 mss=1440 tcpip_mbox=32 pbuf_pool=16
### HEART t=11 s free=200140
### HEART t=21 s free=200152
### HEART t=31 s free=198544
### HEART t=41 s free=200140
$$$ LBRTT ok=200/200 size=512 avg_rtt_us=597 min=457 max=4046
$$$ LBTHR drained=4000000
$$$ LBTH ack_r=0 bytes=4000000 elapsed_us=348437 mbit=91.84
### HEART t=51 s free=199196
### HEART t=61 s free=167248
$$$ LBRTT ok=200/200 size=512 avg_rtt_us=547 min=424 max=1113
$$$ LBTHR drained=4000000
$$$ LBTH ack_r=0 bytes=4000000 elapsed_us=359297 mbit=89.06
$$$ RXDONE bytes=4014080
### HEART t=71 s free=199916
$$$ MEM on-cmd free=197848 largest=110592 min_ever=115496
$$$ LWSTATS on-cmd link.recv=10180 link.xmit=10180 link.drop=0 tcp.memerr=0 tcp.err=0 tcp.drop=0
### HEART t=81 s free=198108
### HEART t=91 s free=196524
qemu-system-xtensa: terminating on signal 15 from pid 3682591 (bash)
