Adding SPI flash device
ets Jul 29 2019 12:21:46

rst:0x1 (POWERON_RESET),boot:0x12 (SPI_FAST_FLASH_BOOT)
configsip: 0, SPIWP:0xee
clk_drv:0x00,q_drv:0x00,d_drv:0x00,cs0_drv:0x00,hd_drv:0x00,wp_drv:0x00
mode:DIO, clock div:2
load:0x3fff0040,len:6272
load:0x40078000,len:15820
load:0x40080400,len:3920
entry 0x40080644
I (672) boot: ESP-IDF v6.0.2 2nd stage bootloader
I (673) boot: compile time Aug 27 2026 02:26:30
I (673) boot: Multicore bootloader
I (747) boot: chip revision: v3.0
I (748) boot.esp32: SPI Speed      : 40MHz
I (748) boot.esp32: SPI Mode       : DIO
I (748) boot.esp32: SPI Flash Size : 2MB
I (758) boot: Enabling RNG early entropy source...
I (765) boot: Partition Table:
I (765) boot: ## Label            Usage          Type ST Offset   Length
I (765) boot:  0 nvs              WiFi data        01 02 00009000 00006000
I (766) boot:  1 phy_init         RF data          01 01 0000f000 00001000
I (766) boot:  2 factory          factory app      00 00 00010000 00100000
I (773) boot: End of partition table
I (813) esp_image: segment 0: paddr=00010020 vaddr=3f400020 size=0f06ch ( 61548) map
I (834) esp_image: segment 1: paddr=0001f094 vaddr=3ffb0000 size=00f84h (  3972) load
I (851) esp_image: segment 2: paddr=00020020 vaddr=400d0020 size=29dd8h (171480) map
I (884) esp_image: segment 3: paddr=00049e00 vaddr=3ffb0f84 size=01b68h (  7016) load
I (904) esp_image: segment 4: paddr=0004b970 vaddr=40080000 size=0b2ach ( 45740) load
I (926) esp_image: segment 5: paddr=00056c24 vaddr=50000000 size=00028h (    40) load
I (982) boot: Loaded app from partition at offset 0x10000
I (983) boot: Disabling RNG early entropy source...
I (998) cpu_start: Multicore app
I (1716) cpu_start: GPIO 3 and 1 are used as console UART I/O pins
I (1726) cpu_start: Pro cpu start user code
I (1728) cpu_start: cpu freq: 160000000 Hz
I (1730) app_init: Application information:
I (1732) app_init: Project name:     lwip_ch14_sys_arch_freertos_ada
I (1734) app_init: App version:      924d871
I (1736) app_init: Compile time:     Aug 27 2026 02:26:14
I (1738) app_init: ELF file SHA256:  1df947c56...
I (1740) app_init: ESP-IDF:          v6.0.2
I (1742) efuse_init: Min chip rev:     v0.0
I (1743) efuse_init: Max chip rev:     v3.99 
I (1744) efuse_init: Chip rev:         v3.0
I (1745) heap_init: Initializing. RAM available for dynamic allocation:
I (1745) heap_init: At 3FFAE6E0 len 00001920 (6 KiB): DRAM
I (1746) heap_init: At 3FFC8158 len 00017EA8 (95 KiB): DRAM
I (1746) heap_init: At 3FFE0440 len 00003AE0 (14 KiB): D/IRAM
I (1746) heap_init: At 3FFE4350 len 0001BCB0 (111 KiB): D/IRAM
I (1746) heap_init: At 4008B2AC len 00014D54 (83 KiB): IRAM
I (1782) spi_flash: detected chip: winbond
I (1787) spi_flash: flash io: dio
I (1798) main_task: Started on CPU0
I (1798) main_task: Calling app_main()
I (1798) ch14lab: == ch14 lab: sys_arch calibration on openeth ==
I (1808) ch14lab: echo listening :8888
I (1818) esp_eth.netif.netif_glue: 52:54:00:12:34:56
I (1818) esp_eth.netif.netif_glue: ethernet attached to netif
E (1918) esp_eth: esp_eth_ioctl(533): add mac address to filter not supported
E (1918) esp_eth.netif.netif_glue: eth_set_mac_filter(56): failed to add mac filter
E (1918) esp_netif_lwip: Failed to add multicast filter for IPv4
I (1918) ch14lab: waiting for DHCP lease ...
I (1918) main_task: Returned from app_main()
I (2928) ch14lab: GOT_IP: 10.0.2.15/255.255.255.0 gw 10.0.2.2
I (2928) esp_netif_handlers: eth ip: 10.0.2.15, mask: 255.255.255.0, gw: 10.0.2.2
[tasks] snapshot(after-bringup): 10 tasks
[tasks] NAME         PRIO STATE        HWM
[tasks] bench14        10 Running     7708
[tasks] IDLE1           0 Ready       1088
[tasks] IDLE0           0 Ready       1092
[tasks] tcpip          18 Blocked     2332
[tasks] esp_timer      22 Suspended   3644
[tasks] ipc1           24 Suspended    572
[tasks] echo_srv        5 Blocked     2848
[tasks] emac_rx        15 Suspended   3332
[tasks] sys_evt        20 Blocked     1668
[tasks] ipc0           24 Suspended    564
--- experiment A: primitive round-trip cost (10000 iters) ---
[bench] lwip_sys_mbox_RTT    n=10000 min=3 us median=4 us P95=4 us max=97 us
[bench] raw_xQueue_RTT       n=10000 min=2 us median=3 us P95=4 us max=76 us
[bench] lwip_sys_sem_RTT     n=10000 min=5 us median=8 us P95=9 us max=262 us
[bench] task_notify_RTT      n=10000 min=2 us median=3 us P95=8 us max=589 us
--- experiment B: sys_now vs esp_timer_get_time ---
[clock] portTICK_PERIOD_MS=10  configTICK_RATE_HZ=100
[clock] offset(esp_timer_ms - sys_now), first 20: 53 53 53 53 53 53 53 53 53 53 53 53 53 53 53 53 53 53 53 53
[clock] offset stats over 200 samples: mean=53.53 ms min=53 ms max=54 ms span=1 ms
[clock] consecutive sys_now deltas (sleep 27ms->2 ticks x12): 20 20 20 20 20 20 20 20 20 20 20 20 (ms)  <- 只能落在 10ms tick 网格上
--- experiment C1: own-mailbox congestion (depth=32, drain=400 us) ---
[bench] post_free_slots      n=   32 min=2 us median=3 us P95=9 us max=19 us
[cong ] per-post delay (idx:us):
[cong ]   0:13 1:4 2:3 3:4 4:3 5:3 6:3 7:3 8:3 9:3 10:3 11:3 12:3 13:3 14:3 15:3
[cong ]   16:3 17:4 18:3 19:3 20:3 21:3 22:3 23:3 24:7 25:3 26:3 27:3 28:3 29:3 30:3 31:3
[cong ]   32:144 33:594 34:450 35:448 36:474 37:473 38:453 39:445 40:443 41:444 42:476 43:452 44:446 45:442 46:443 47:446
[cong ]   48:526 49:460 50:455 51:519 52:508 53:498 54:477 55:444 56:445 57:449 58:486 59:478 60:453 61:473 62:467 63:444
[bench] post_congested       n=   32 min=144 us median=453 us P95=526 us max=594 us
[cong ] posts#32..63 blocked(>50us): 32/32 avg-blocked=457 us
--- experiment C2: tcpip-mbox pressure ---
[tcpip] config: TCPIP_MBOX_SIZE=32 slots, MEMP_NUM_TCPIP_MSG_API=8 tickets
[tcpip] tcpip thread left NO_AFFINITY(prio 18); probe will outrun it
[tcpip] freezing tcpip thread (vTaskSuspend 0x3ffaff44)
[tcpip] froze->filled 32 msgs until ERR_MEM; the failing try took 43 us (immediate)
[tcpip] 24 blocking callbacks right after resume: 70 15 635 42 40 39 37 36 37 37 38 38 37 37 38 38 37 36 38 36 38 39 39 39 (us)
[sock ] calm baseline: 0.86 0.53 0.49 1.01 ms  <- socket() create cost, idle stack
[gate ] 8 x 2000 us queued in 1047 us (posting itself stays cheap)
[sock ] slow phase (8 x 2000 us queued): 15.04 0.75 0.60 0.62 ms  window=18.09 ms <- drained through the congested stack
[gate ] slow-callback executions observed=8
[tasks] snapshot(after-experiments): 10 tasks
[tasks] NAME         PRIO STATE        HWM
[tasks] bench14        10 Running     6892
[tasks] IDLE1           0 Ready       1088
[tasks] IDLE0           0 Ready       1092
[tasks] tcpip          18 Blocked     2332
[tasks] emac_rx        15 Suspended   3332
[tasks] sys_evt        20 Blocked     1668
[tasks] esp_timer      22 Suspended   3644
[tasks] ipc0           24 Suspended    564
[tasks] ipc1           24 Suspended    572
[tasks] echo_srv        5 Blocked     2848
== ch14 lab DONE, restarting ==
