Adding SPI flash device
ets Jul 29 2019 12:21:46

rst:0x1 (POWERON_RESET),boot:0x12 (SPI_FAST_FLASH_BOOT)
configsip: 0, SPIWP:0xee
clk_drv:0x00,q_drv:0x00,d_drv:0x00,cs0_drv:0x00,hd_drv:0x00,wp_drv:0x00
mode:DIO, clock div:2
load:0x3fff0040,len:6272
load:0x40078000,len:15820
load:0x40080400,len:3920
entry 0x40080644
I (670) boot: ESP-IDF v6.0.2 2nd stage bootloader
I (671) boot: compile time Aug 27 2026 22:24:19
I (671) boot: Multicore bootloader
I (707) boot: chip revision: v0.0
I (708) boot.esp32: SPI Speed      : 40MHz
I (708) boot.esp32: SPI Mode       : DIO
I (709) boot.esp32: SPI Flash Size : 2MB
I (713) boot: Enabling RNG early entropy source...
I (718) boot: Partition Table:
I (720) boot: ## Label            Usage          Type ST Offset   Length
I (720) boot:  0 nvs              WiFi data        01 02 00009000 00006000
I (720) boot:  1 phy_init         RF data          01 01 0000f000 00001000
I (720) boot:  2 factory          factory app      00 00 00010000 00100000
I (723) boot: End of partition table
I (755) esp_image: segment 0: paddr=00010020 vaddr=3f400020 size=1032ch ( 66348) map
I (775) esp_image: segment 1: paddr=00020354 vaddr=3ffb0000 size=0382ch ( 14380) load
I (791) esp_image: segment 2: paddr=00023b88 vaddr=40080000 size=0b23ch ( 45628) load
I (809) esp_image: segment 3: paddr=0002edcc vaddr=50000000 size=00028h (    40) load
I (821) esp_image: segment 4: paddr=0002edfc vaddr=00000000 size=0121ch (  4636) 
I (835) esp_image: segment 5: paddr=00030020 vaddr=400d0020 size=2d3d0h (185296) map
I (898) boot: Loaded app from partition at offset 0x10000
I (898) boot: Disabling RNG early entropy source...
I (910) cpu_start: Multicore app
I (1511) cpu_start: GPIO 3 and 1 are used as console UART I/O pins
I (1513) cpu_start: Pro cpu start user code
I (1513) cpu_start: cpu freq: 160000000 Hz
I (1514) app_init: Application information:
I (1514) app_init: Project name:     ex16_zero_copy_cases
I (1514) app_init: App version:      924d871-dirty
I (1514) app_init: Compile time:     Aug 27 2026 23:19:08
I (1514) app_init: ELF file SHA256:  794785f55...
I (1514) app_init: ESP-IDF:          v6.0.2
I (1514) efuse_init: Min chip rev:     v0.0
I (1514) efuse_init: Max chip rev:     v3.99 
I (1514) efuse_init: Chip rev:         v0.0
I (1515) heap_init: Initializing. RAM available for dynamic allocation:
I (1515) heap_init: At 3FFAE6E0 len 00001920 (6 KiB): DRAM
I (1515) heap_init: At 3FFC4398 len 0001BC68 (111 KiB): DRAM
I (1515) heap_init: At 3FFE0440 len 00003AE0 (14 KiB): D/IRAM
I (1516) heap_init: At 3FFE4350 len 0001BCB0 (111 KiB): D/IRAM
I (1516) heap_init: At 4008B23C len 00014DC4 (83 KiB): IRAM
I (1546) spi_flash: detected chip: winbond
I (1557) spi_flash: flash io: dio
I (1566) main_task: Started on CPU0
I (1566) main_task: Calling app_main()

=== ex16 zero-copy-cases | build Aug 27 2026 23:19:08 ===
$$$ EX16-FACT build="Aug 27 2026 23:19:08" case=2 idf_lwip_port='TX_SINGLE_PBUF hardcoded=1' target='esp32' reflector=0 rounds_per_stage=1200 block=300 rec_body=1400 b_hdr=16 b_body=1024 c_msg=256 c_msgs=400 c_passes=5 d_arena=114688 trace_facility=1 lwip_stats=0
I (1586) esp_eth.netif.netif_glue: 52:54:00:12:34:56
I (1586) esp_eth.netif.netif_glue: ethernet attached to netif
I (1686) ex16: waiting for DHCP lease ...
E (1686) esp_eth: esp_eth_ioctl(533): add mac address to filter not supported
E (1686) esp_eth.netif.netif_glue: eth_set_mac_filter(56): failed to add mac filter
E (1686) esp_netif_lwip: Failed to add multicast filter for IPv4
I (1686) ex16: [t=172 ms] ETH_EVENT CONNECTED
I (2696) ex16: [t=1179 ms] IP_EVENT GOT_IP: ip 10.0.2.15 gw 10.0.2.2
I (2696) esp_netif_handlers: eth ip: 10.0.2.15, mask: 255.255.255.0, gw: 10.0.2.2
$$$ EXREADY case=2 ip=10.0.2.15 gw=10.0.2.2 dst=127.0.0.1:8330 self_target_forbidden=10.0.2.15 note='Batch8: own-IP as dst wedges tcpip'
$$$ EX16-CFG case=B rounds_per_variant=1200 block=300 msg_wire_total=1058 hdr=16 body=1024 note='quantifies USER-side concat hop only; lwIP-internal COPY remains (see case E)'
EX16-CLICONN who=B dst=127.0.0.1:8330
EX16-HEAP at=case-B begin free=200640 largest=110592 min_ever=200440
== EX16-PHASE name=B-timing-interleaved ==
EX16-PROG case=B emitted=1200/2400
$$$ EX16-SAMPLE who=B-copy-stage-concat-write med_us=19 p95_us=23 mean_us=15.74 min=3 max=300 n=1200
$$$ EX16-SAMPLE who=B-zc-two-part-submit med_us=15 p95_us=20 mean_us=13.09 min=1 max=174 n=1200
$$$ EX16-SAMPLE who=B-copy-concat-memcpy-only med_us=2 p95_us=3 mean_us=2.00 min=1 max=21 n=1200
$$$ EX16-RESULT case=B metric=tx_submit_per_msg copy_med_us=19 copy_p95_us=23 zc_med_us=15 zc_p95_us=20 n_copy=1200 n_zc=1200 saved_pct=21
$$$ EX16-RESULT case=B metric=concat_hop decomposition concat_mean_us=2.00 copy_total_mean_us=15.74 zc_total_mean_us=13.09 write_call_overhead_us=-0.66
EX16-STAGE name=B-boundary saved_hop=user_side_concat_only stack_internal_copy=still_forced_by_TX_SINGLE_PBUF
EX16-HEAP at=case-B end free=199332 largest=110592 min_ever=188376
$$$ EXDONE case=2(tx-segmented-submit) result=ok dur_ms=257 fail=0
qemu-system-xtensa: terminating on signal 15 from pid 84548 (timeout)
